Archive member included to satisfy reference by file (symbol)

src/libpico_bootstrap_lib.a(clocks.c.o)
                              CMakeFiles/blink.dir/blink.c.o (get_time_us)
src/libpico_bootstrap_lib.a(gpio.c.o)
                              CMakeFiles/blink.dir/blink.c.o (gpio_init_sio)
src/libpico_bootstrap_lib.a(resets.c.o)
                              CMakeFiles/blink.dir/blink.c.o (init_peripheral)
/Applications/ArmGNUToolchain/14.2.rel1/arm-none-eabi/bin/../lib/gcc/arm-none-eabi/14.2.1/thumb/v6-m/nofp/libgcc.a(_dvmd_tls.o)
                              CMakeFiles/blink.dir/Users/willoliver/pico/pico-sdk/src/rp2_common/pico_divider/divider_hardware.S.o (__aeabi_idiv0)
/Applications/ArmGNUToolchain/14.2.rel1/arm-none-eabi/bin/../lib/gcc/arm-none-eabi/14.2.1/../../../../arm-none-eabi/lib/thumb/v6-m/nofp/libg.a(libc_a-calloc.o)
                              CMakeFiles/blink.dir/Users/willoliver/pico/pico-sdk/src/rp2_common/pico_malloc/malloc.c.o (calloc)
/Applications/ArmGNUToolchain/14.2.rel1/arm-none-eabi/bin/../lib/gcc/arm-none-eabi/14.2.1/../../../../arm-none-eabi/lib/thumb/v6-m/nofp/libg.a(libc_a-callocr.o)
                              /Applications/ArmGNUToolchain/14.2.rel1/arm-none-eabi/bin/../lib/gcc/arm-none-eabi/14.2.1/../../../../arm-none-eabi/lib/thumb/v6-m/nofp/libg.a(libc_a-calloc.o) (_calloc_r)
/Applications/ArmGNUToolchain/14.2.rel1/arm-none-eabi/bin/../lib/gcc/arm-none-eabi/14.2.1/../../../../arm-none-eabi/lib/thumb/v6-m/nofp/libg.a(libc_a-malloc.o)
                              CMakeFiles/blink.dir/Users/willoliver/pico/pico-sdk/src/rp2_common/pico_malloc/malloc.c.o (malloc)
/Applications/ArmGNUToolchain/14.2.rel1/arm-none-eabi/bin/../lib/gcc/arm-none-eabi/14.2.1/../../../../arm-none-eabi/lib/thumb/v6-m/nofp/libg.a(libc_a-mallocr.o)
                              /Applications/ArmGNUToolchain/14.2.rel1/arm-none-eabi/bin/../lib/gcc/arm-none-eabi/14.2.1/../../../../arm-none-eabi/lib/thumb/v6-m/nofp/libg.a(libc_a-callocr.o) (_malloc_r)
/Applications/ArmGNUToolchain/14.2.rel1/arm-none-eabi/bin/../lib/gcc/arm-none-eabi/14.2.1/../../../../arm-none-eabi/lib/thumb/v6-m/nofp/libg.a(libc_a-mlock.o)
                              /Applications/ArmGNUToolchain/14.2.rel1/arm-none-eabi/bin/../lib/gcc/arm-none-eabi/14.2.1/../../../../arm-none-eabi/lib/thumb/v6-m/nofp/libg.a(libc_a-mallocr.o) (__malloc_lock)
/Applications/ArmGNUToolchain/14.2.rel1/arm-none-eabi/bin/../lib/gcc/arm-none-eabi/14.2.1/../../../../arm-none-eabi/lib/thumb/v6-m/nofp/libg.a(libc_a-realloc.o)
                              CMakeFiles/blink.dir/Users/willoliver/pico/pico-sdk/src/rp2_common/pico_malloc/malloc.c.o (realloc)
/Applications/ArmGNUToolchain/14.2.rel1/arm-none-eabi/bin/../lib/gcc/arm-none-eabi/14.2.1/../../../../arm-none-eabi/lib/thumb/v6-m/nofp/libg.a(libc_a-reallocr.o)
                              /Applications/ArmGNUToolchain/14.2.rel1/arm-none-eabi/bin/../lib/gcc/arm-none-eabi/14.2.1/../../../../arm-none-eabi/lib/thumb/v6-m/nofp/libg.a(libc_a-realloc.o) (_realloc_r)
/Applications/ArmGNUToolchain/14.2.rel1/arm-none-eabi/bin/../lib/gcc/arm-none-eabi/14.2.1/../../../../arm-none-eabi/lib/thumb/v6-m/nofp/libg.a(libc_a-memcmp.o)
                              CMakeFiles/blink.dir/Users/willoliver/pico/pico-sdk/src/rp2_common/pico_atomic/atomic.c.o (memcmp)
/Applications/ArmGNUToolchain/14.2.rel1/arm-none-eabi/bin/../lib/gcc/arm-none-eabi/14.2.1/../../../../arm-none-eabi/lib/thumb/v6-m/nofp/libg.a(libc_a-memmove.o)
                              /Applications/ArmGNUToolchain/14.2.rel1/arm-none-eabi/bin/../lib/gcc/arm-none-eabi/14.2.1/../../../../arm-none-eabi/lib/thumb/v6-m/nofp/libg.a(libc_a-reallocr.o) (memmove)
/Applications/ArmGNUToolchain/14.2.rel1/arm-none-eabi/bin/../lib/gcc/arm-none-eabi/14.2.1/../../../../arm-none-eabi/lib/thumb/v6-m/nofp/libg.a(libc_a-lcltime_r.o)
                              CMakeFiles/blink.dir/Users/willoliver/pico/pico-sdk/src/common/pico_util/datetime.c.o (localtime_r)
/Applications/ArmGNUToolchain/14.2.rel1/arm-none-eabi/bin/../lib/gcc/arm-none-eabi/14.2.1/../../../../arm-none-eabi/lib/thumb/v6-m/nofp/libg.a(libc_a-mktime.o)
                              CMakeFiles/blink.dir/Users/willoliver/pico/pico-sdk/src/common/pico_util/datetime.c.o (mktime)
/Applications/ArmGNUToolchain/14.2.rel1/arm-none-eabi/bin/../lib/gcc/arm-none-eabi/14.2.1/../../../../arm-none-eabi/lib/thumb/v6-m/nofp/libg.a(libc_a-month_lengths.o)
                              /Applications/ArmGNUToolchain/14.2.rel1/arm-none-eabi/bin/../lib/gcc/arm-none-eabi/14.2.1/../../../../arm-none-eabi/lib/thumb/v6-m/nofp/libg.a(libc_a-lcltime_r.o) (__month_lengths)
/Applications/ArmGNUToolchain/14.2.rel1/arm-none-eabi/bin/../lib/gcc/arm-none-eabi/14.2.1/../../../../arm-none-eabi/lib/thumb/v6-m/nofp/libg.a(libc_a-tzcalc_limits.o)
[...]
Memory Configuration

Name             Origin             Length             Attributes
FLASH            0x10000000         0x00200000         xr
RAM              0x20000000         0x00040000         xrw
SCRATCH_X        0x20040000         0x00001000         xrw
SCRATCH_Y        0x20041000         0x00001000         xrw
*default*        0x00000000         0xffffffff

Linker script and memory map

LOAD /Applications/ArmGNUToolchain/14.2.rel1/arm-none-eabi/bin/../lib/gcc/arm-none-eabi/14.2.1/thumb/v6-m/nofp/crti.o
LOAD /Applications/ArmGNUToolchain/14.2.rel1/arm-none-eabi/bin/../lib/gcc/arm-none-eabi/14.2.1/thumb/v6-m/nofp/crtbegin.o
LOAD /Applications/ArmGNUToolchain/14.2.rel1/arm-none-eabi/bin/../lib/gcc/arm-none-eabi/14.2.1/../../../../arm-none-eabi/lib/thumb/v6-m/nofp/crt0.o

.flash_begin    0x10000000        0x0
                0x10000000                        __flash_binary_start = .

.boot2          0x10000000      0x100
                0x10000000                        __boot2_start__ = .
 *(.boot2)
 .boot2         0x10000000      0x100 pico-sdk/src/rp2040/boot_stage2/CMakeFiles/bs2_default_library.dir/bs2_default_padded_checksummed.S.o
                0x10000100                        __boot2_end__ = .
                0x00000001                        ASSERT (((__boot2_end__ - __boot2_start__) == 0x100), ERROR: Pico second stage bootloader must be 256 bytes in size)

.text           0x10000100     0x1588
                0x10000100                        __logical_binary_start = .
 *(.vectors)
 .vectors       0x10000100       0xd4 CMakeFiles/blink.dir/Users/willoliver/pico/pico-sdk/src/rp2_common/pico_crt0/crt0.S.o
                0x10000100                __VECTOR_TABLE
                0x10000100                __vectors
                0x100001c0                __default_isrs_start
                0x100001c0                isr_invalid
                0x100001c2                isr_nmi
                0x100001c4                isr_hardfault
                0x100001c6                isr_svcall
                0x100001c8                isr_pendsv
                0x100001ca                isr_systick
                0x100001cc                isr_irq28
                0x100001cc                isr_irq19
                0x100001cc                isr_irq0
                0x100001cc                isr_irq6
                0x100001cc                isr_irq22
                0x100001cc                isr_irq17
                0x100001cc                isr_irq14
                0x100001cc                isr_irq2
                0x100001cc                isr_irq10
                0x100001cc                isr_irq8
                0x100001cc                isr_irq24
                0x100001cc                isr_irq1
                0x100001cc                isr_irq7
                0x100001cc                isr_irq21
                0x100001cc                isr_irq20
                0x100001cc                isr_irq15
                0x100001cc                isr_irq25
                0x100001cc                isr_irq4
                0x100001cc                isr_irq16
                0x100001cc                isr_irq29
                0x100001cc                isr_irq26
                0x100001cc                __default_isrs_end
                0x100001cc                isr_irq3
                0x100001cc                isr_irq9
                0x100001cc                __unhandled_user_irq
                0x100001cc                isr_irq13
                0x100001cc                isr_irq27
                0x100001cc                isr_irq31
                0x100001cc                isr_irq5
                0x100001cc                isr_irq11
                0x100001cc                isr_irq23
                0x100001cc                isr_irq18
                0x100001cc                isr_irq30
                0x100001cc                isr_irq12
                0x100001d2                unhandled_user_irq_num_in_r0
 *(.binary_info_header)
 .binary_info_header
                0x100001d4       0x14 CMakeFiles/blink.dir/Users/willoliver/pico/pico-sdk/src/rp2_common/pico_crt0/crt0.S.o
                0x100001e8                        __binary_info_header_end = .
 *(.embedded_block)
                0x100001e8                        __embedded_block_end = .
 *(.reset)
 .reset         0x100001e8       0x9c CMakeFiles/blink.dir/Users/willoliver/pico/pico-sdk/src/rp2_common/pico_crt0/crt0.S.o
                0x100001e8                _entry_point
 *(.init)
 .init          0x10000284        0x4 /Applications/ArmGNUToolchain/14.2.rel1/arm-none-eabi/bin/../lib/gcc/arm-none-eabi/14.2.1/thumb/v6-m/nofp/crti.o
                0x10000284                _init
 *(EXCLUDE_FILE(*libm.a: *libc.a:*lib_a-mem*.o *libgcc.a:) .text*)
 .text.register_tm_clones
                0x10000288       0x28 /Applications/ArmGNUToolchain/14.2.rel1/arm-none-eabi/bin/../lib/gcc/arm-none-eabi/14.2.1/thumb/v6-m/nofp/crtbegin.o
 .text.frame_dummy
                0x100002b0       0x24 /Applications/ArmGNUToolchain/14.2.rel1/arm-none-eabi/bin/../lib/gcc/arm-none-eabi/14.2.1/thumb/v6-m/nofp/crtbegin.o
 .text.blink    0x100002d4       0x74 CMakeFiles/blink.dir/blink.c.o
                0x100002d4                blink
 .text.startup.main
                0x10000348        0xc CMakeFiles/blink.dir/blink.c.o
                0x10000348                main
 .text.panic    0x10000354       0x30 CMakeFiles/blink.dir/Users/willoliver/pico/pico-sdk/src/rp2_common/pico_platform_panic/panic.c.o
                0x10000354                panic
 .text.hw_claim_or_assert
                0x10000384       0x44 CMakeFiles/blink.dir/Users/willoliver/pico/pico-sdk/src/common/hardware_claim/claim.c.o
                0x10000384                hw_claim_or_assert
 .text.next_striped_spin_lock_num
                0x100003c8       0x18 CMakeFiles/blink.dir/Users/willoliver/pico/pico-sdk/src/rp2_common/hardware_sync/sync.c.o
                0x100003c8                next_striped_spin_lock_num
 .text.spin_locks_reset
                0x100003e0       0x1c CMakeFiles/blink.dir/Users/willoliver/pico/pico-sdk/src/rp2_common/hardware_sync_spin_lock/sync_spin_lock.c.o
                0x100003e0                spin_locks_reset
 .text.runtime_init_per_core_irq_priorities
                0x100003fc       0x24 CMakeFiles/blink.dir/Users/willoliver/pico/pico-sdk/src/rp2_common/hardware_irq/irq.c.o
                0x100003fc                runtime_init_per_core_irq_priorities
 .text.irq_set_enabled
                0x10000420       0x24 CMakeFiles/blink.dir/Users/willoliver/pico/pico-sdk/src/rp2_common/hardware_irq/irq.c.o
                0x10000420                irq_set_enabled
 .text.irq_set_exclusive_handler
                0x10000444       0x54 CMakeFiles/blink.dir/Users/willoliver/pico/pico-sdk/src/rp2_common/hardware_irq/irq.c.o
                0x10000444                irq_set_exclusive_handler
 .text.lock_init
                0x10000498       0x10 CMakeFiles/blink.dir/Users/willoliver/pico/pico-sdk/src/common/pico_sync/lock_core.c.o
                0x10000498                lock_init
 .text.runtime_init_mutex
                0x100004a8       0x50 CMakeFiles/blink.dir/Users/willoliver/pico/pico-sdk/src/common/pico_sync/mutex.c.o
                0x100004a8                runtime_init_mutex
 .text.sleep_until_callback
                0x100004f8       0x30 CMakeFiles/blink.dir/Users/willoliver/pico/pico-sdk/src/common/pico_time/time.c.o
 .text.alarm_pool_irq_handler
                0x10000528      0x300 CMakeFiles/blink.dir/Users/willoliver/pico/pico-sdk/src/common/pico_time/time.c.o
 .text.runtime_init_default_alarm_pool
                0x10000828       0xdc CMakeFiles/blink.dir/Users/willoliver/pico/pico-sdk/src/common/pico_time/time.c.o
                0x10000828                runtime_init_default_alarm_pool
 .text.alarm_pool_add_alarm_at_force_in_context
                0x10000904       0xb0 CMakeFiles/blink.dir/Users/willoliver/pico/pico-sdk/src/common/pico_time/time.c.o
                0x10000904                alarm_pool_add_alarm_at_force_in_context
 .text.alarm_pool_cancel_alarm
                0x100009b4       0x74 CMakeFiles/blink.dir/Users/willoliver/pico/pico-sdk/src/common/pico_time/time.c.o
                0x100009b4                alarm_pool_cancel_alarm
 .text.best_effort_wfe_or_timeout
                0x10000a28      0x10c CMakeFiles/blink.dir/Users/willoliver/pico/pico-sdk/src/common/pico_time/time.c.o
                0x10000a28                best_effort_wfe_or_timeout
 .text.timer_hardware_alarm_claim
                0x10000b34       0x14 CMakeFiles/blink.dir/Users/willoliver/pico/pico-sdk/src/rp2_common/hardware_timer/timer.c.o
                0x10000b34                timer_hardware_alarm_claim
 .text.timer_time_us_64
                0x10000b48       0x10 CMakeFiles/blink.dir/Users/willoliver/pico/pico-sdk/src/rp2_common/hardware_timer/timer.c.o
                0x10000b48                timer_time_us_64
 .text.time_us_64
                0x10000b58       0x14 CMakeFiles/blink.dir/Users/willoliver/pico/pico-sdk/src/rp2_common/hardware_timer/timer.c.o
                0x10000b58                time_us_64
 .text.clock_configure_int_divider
                0x10000b6c       0xf4 CMakeFiles/blink.dir/Users/willoliver/pico/pico-sdk/src/rp2_common/hardware_clocks/clocks.c.o
                0x10000b6c                clock_configure_int_divider
 .text.clock_configure_undivided
                0x10000c60       0xe8 CMakeFiles/blink.dir/Users/willoliver/pico/pico-sdk/src/rp2_common/hardware_clocks/clocks.c.o
                0x10000c60                clock_configure_undivided
 .text.clock_get_hz
                0x10000d48        0xc CMakeFiles/blink.dir/Users/willoliver/pico/pico-sdk/src/rp2_common/hardware_clocks/clocks.c.o
                0x10000d48                clock_get_hz
 .text.pll_init
                0x10000d54       0xa4 CMakeFiles/blink.dir/Users/willoliver/pico/pico-sdk/src/rp2_common/hardware_pll/pll.c.o
                0x10000d54                pll_init
 .text.tick_start
                0x10000df8       0x10 CMakeFiles/blink.dir/Users/willoliver/pico/pico-sdk/src/rp2_common/hardware_ticks/ticks.c.o
                0x10000df8                tick_start
 .text.rom_func_lookup
                0x10000e08       0x10 CMakeFiles/blink.dir/Users/willoliver/pico/pico-sdk/src/rp2_common/pico_bootrom/bootrom.c.o
                0x10000e08                rom_func_lookup
 .text.rom_data_lookup
                0x10000e18       0x10 CMakeFiles/blink.dir/Users/willoliver/pico/pico-sdk/src/rp2_common/pico_bootrom/bootrom.c.o
                0x10000e18                rom_data_lookup
 .text.rom_funcs_lookup
                0x10000e28       0x44 CMakeFiles/blink.dir/Users/willoliver/pico/pico-sdk/src/rp2_common/pico_bootrom/bootrom.c.o
                0x10000e28                rom_funcs_lookup
 .text.xosc_init
                0x10000e6c       0x28 CMakeFiles/blink.dir/Users/willoliver/pico/pico-sdk/src/rp2_common/hardware_xosc/xosc.c.o
                0x10000e6c                xosc_init
 .text.first_per_core_initializer
                0x10000e94        0x4 CMakeFiles/blink.dir/Users/willoliver/pico/pico-sdk/src/rp2_common/pico_runtime/runtime.c.o
 .text.hard_assertion_failure
                0x10000e98        0xc CMakeFiles/blink.dir/Users/willoliver/pico/pico-sdk/src/rp2_common/pico_runtime/runtime.c.o
                0x10000e98                hard_assertion_failure
 .text.runtime_run_initializers
                0x10000ea4       0x28 CMakeFiles/blink.dir/Users/willoliver/pico/pico-sdk/src/rp2_common/pico_runtime/runtime.c.o
                0x10000ea4                runtime_run_initializers
 .text.runtime_init_early_resets
                0x10000ecc       0x2c CMakeFiles/blink.dir/Users/willoliver/pico/pico-sdk/src/rp2_common/pico_runtime_init/runtime_init.c.o
                0x10000ecc                runtime_init_early_resets
 .text.runtime_init_usb_power_down
                0x10000ef8       0x1c CMakeFiles/blink.dir/Users/willoliver/pico/pico-sdk/src/rp2_common/pico_runtime_init/runtime_init.c.o
                0x10000ef8                runtime_init_usb_power_down
 .text.runtime_init_post_clock_resets
                0x10000f14       0x20 CMakeFiles/blink.dir/Users/willoliver/pico/pico-sdk/src/rp2_common/pico_runtime_init/runtime_init.c.o
                0x10000f14                runtime_init_post_clock_resets
 .text.runtime_init_rp2040_gpio_ie_disable
                0x10000f34       0x14 CMakeFiles/blink.dir/Users/willoliver/pico/pico-sdk/src/rp2_common/pico_runtime_init/runtime_init.c.o
                0x10000f34                runtime_init_rp2040_gpio_ie_disable
 .text.runtime_init_spin_locks_reset
                0x10000f48        0x8 CMakeFiles/blink.dir/Users/willoliver/pico/pico-sdk/src/rp2_common/pico_runtime_init/runtime_init.c.o
                0x10000f48                runtime_init_spin_locks_reset
 .text.runtime_init_install_ram_vector_table
                0x10000f50       0x1c CMakeFiles/blink.dir/Users/willoliver/pico/pico-sdk/src/rp2_common/pico_runtime_init/runtime_init.c.o
                0x10000f50                runtime_init_install_ram_vector_table
 .text.runtime_init_clocks
                0x10000f6c       0xd8 CMakeFiles/blink.dir/Users/willoliver/pico/pico-sdk/src/rp2_common/pico_runtime_init/runtime_init_clocks.c.o
                0x10000f6c                runtime_init_clocks
 .text          0x10001044       0x10 CMakeFiles/blink.dir/Users/willoliver/pico/pico-sdk/src/rp2_common/pico_bit_ops/bit_ops_aeabi.S.o
 .text.__wrap___aeabi_uidiv
                0x10001054       0x4c CMakeFiles/blink.dir/Users/willoliver/pico/pico-sdk/src/rp2_common/pico_divider/divider_hardware.S.o
                0x10001054                __wrap___aeabi_uidiv
                0x10001054                __wrap___aeabi_uidivmod
                0x10001054                div_u32u32
                0x10001054                divmod_u32u32
                0x1000105c                divmod_u32u32_unsafe
                0x10001084                divmod_u32u32_savestate
 .text.__aeabi_double_init
                0x100010a0       0xa4 CMakeFiles/blink.dir/Users/willoliver/pico/pico-sdk/src/rp2_common/pico_double/double_init_rom_rp2040.c.o
                0x100010a0                __aeabi_double_init
 .text.double_table_shim_on_use_helper
                0x10001144       0x2c CMakeFiles/blink.dir/Users/willoliver/pico/pico-sdk/src/rp2_common/pico_double/double_v1_rom_shim_rp2040.S.o
                0x10001144                double_table_shim_on_use_helper
 .text.__aeabi_float_init
                0x10001170       0x64 CMakeFiles/blink.dir/Users/willoliver/pico/pico-sdk/src/rp2_common/pico_float/float_init_rom_rp2040.c.o
                0x10001170                __aeabi_float_init
 .text.float_table_shim_on_use_helper
                0x100011d4       0x2c CMakeFiles/blink.dir/Users/willoliver/pico/pico-sdk/src/rp2_common/pico_float/float_v1_rom_shim_rp2040.S.o
                0x100011d4                float_table_shim_on_use_helper
 .text          0x10001200       0x10 CMakeFiles/blink.dir/Users/willoliver/pico/pico-sdk/src/rp2_common/pico_mem_ops/mem_ops_aeabi.S.o
                0x10001200                __aeabi_mem_init
 .text.memcpy   0x10001210        0xc CMakeFiles/blink.dir/Users/willoliver/pico/pico-sdk/src/rp2_common/pico_mem_ops/mem_ops_aeabi.S.o
                0x10001210                __wrap___aeabi_memcpy
                0x10001210                __wrap_memcpy
 .text._out_char
                0x1000121c       0x10 CMakeFiles/blink.dir/Users/willoliver/pico/pico-sdk/src/rp2_common/pico_printf/printf.c.o
 .text.weak_raw_vprintf
                0x1000122c       0x30 CMakeFiles/blink.dir/Users/willoliver/pico/pico-sdk/src/rp2_common/pico_printf/printf.c.o
                0x1000122c                weak_raw_vprintf
 .text._exit    0x1000125c        0x4 CMakeFiles/blink.dir/Users/willoliver/pico/pico-sdk/src/rp2_common/pico_clib_interface/newlib_interface.c.o
                0x1000125c                _exit
 .text.exit     0x10001260        0x8 CMakeFiles/blink.dir/Users/willoliver/pico/pico-sdk/src/rp2_common/pico_clib_interface/newlib_interface.c.o
                0x10001260                exit
 .text.runtime_init
                0x10001268       0x2c CMakeFiles/blink.dir/Users/willoliver/pico/pico-sdk/src/rp2_common/pico_clib_interface/newlib_interface.c.o
                0x10001268                runtime_init
 .text.stdio_out_chars_no_crlf
                0x10001294       0x10 CMakeFiles/blink.dir/Users/willoliver/pico/pico-sdk/src/rp2_common/pico_stdio/stdio.c.o
 .text.stdio_out_chars_crlf
                0x100012a4       0xb0 CMakeFiles/blink.dir/Users/willoliver/pico/pico-sdk/src/rp2_common/pico_stdio/stdio.c.o
 .text.stdio_put_string
                0x10001354       0xfc CMakeFiles/blink.dir/Users/willoliver/pico/pico-sdk/src/rp2_common/pico_stdio/stdio.c.o
                0x10001354                stdio_put_string
 .text.__wrap_putchar
                0x10001450       0x94 CMakeFiles/blink.dir/Users/willoliver/pico/pico-sdk/src/rp2_common/pico_stdio/stdio.c.o
                0x10001450                stdio_putchar
                0x10001450                __wrap_putchar
 .text.__wrap_puts
                0x100014e4       0x3c CMakeFiles/blink.dir/Users/willoliver/pico/pico-sdk/src/rp2_common/pico_stdio/stdio.c.o
                0x100014e4                __wrap_puts
                0x100014e4                stdio_puts
 .text          0x10001520       0x1c src/libpico_bootstrap_lib.a(clocks.c.o)
                0x10001520                get_time_us
 .text          0x1000153c       0x60 src/libpico_bootstrap_lib.a(gpio.c.o)
                0x1000153c                gpio_init_sio
                0x10001550                gpio_enable_output
                0x1000155c                gpio_put
                0x10001570                gpio_clear
                0x1000157c                gpio_in
                0x1000158c                gpio_out
 .text          0x1000159c       0x18 src/libpico_bootstrap_lib.a(resets.c.o)
                0x1000159c                init_peripheral
 .text.strlen   0x100015b4       0x5c /Applications/ArmGNUToolchain/14.2.rel1/arm-none-eabi/bin/../lib/gcc/arm-none-eabi/14.2.1/../../../../arm-none-eabi/lib/thumb/v6-m/nofp/libg.a(libc_a-strlen-stub.o)
                0x100015b4                strlen
 *(.fini)
 .fini          0x10001610        0x4 /Applications/ArmGNUToolchain/14.2.rel1/arm-none-eabi/bin/../lib/gcc/arm-none-eabi/14.2.1/thumb/v6-m/nofp/crti.o
                0x10001610                _fini
 *fill*         0x10001614        0x4 
 .fini.__stub   0x10001618       0x30 linker stubs
 *crtbegin.o(.ctors)
 *crtbegin?.o(.ctors)
 *(EXCLUDE_FILE(*crtend.o *crtend?.o) .ctors)
 *(SORT_BY_NAME(.ctors.*))
 *(.ctors)
 *crtbegin.o(.dtors)
 *crtbegin?.o(.dtors)
 *(EXCLUDE_FILE(*crtend.o *crtend?.o) .dtors)
 *(SORT_BY_NAME(.dtors.*))
 *(.dtors)
                0x10001648                        . = ALIGN (0x4)
                0x10001648                        PROVIDE (__preinit_array_start = .)
 *(SORT_BY_NAME(.preinit_array.*))
 .preinit_array.00100
                0x10001648        0x4 CMakeFiles/blink.dir/Users/willoliver/pico/pico-sdk/src/rp2_common/pico_runtime_init/runtime_init.c.o
                0x10001648                __pre_init_runtime_init_early_resets
 .preinit_array.00101
                0x1000164c        0x4 CMakeFiles/blink.dir/Users/willoliver/pico/pico-sdk/src/rp2_common/pico_runtime_init/runtime_init.c.o
                0x1000164c                __pre_init_runtime_init_usb_power_down
 .preinit_array.00275
                0x10001650        0x4 CMakeFiles/blink.dir/Users/willoliver/pico/pico-sdk/src/rp2_common/pico_bit_ops/bit_ops_aeabi.S.o
 .preinit_array.00300
                0x10001654        0x4 CMakeFiles/blink.dir/Users/willoliver/pico/pico-sdk/src/rp2_common/pico_mem_ops/mem_ops_aeabi.S.o
 .preinit_array.00350
                0x10001658        0x4 CMakeFiles/blink.dir/Users/willoliver/pico/pico-sdk/src/rp2_common/pico_double/double_aeabi_rp2040.S.o
 .preinit_array.00350
                0x1000165c        0x4 CMakeFiles/blink.dir/Users/willoliver/pico/pico-sdk/src/rp2_common/pico_float/float_aeabi_rp2040.S.o
 .preinit_array.00500
                0x10001660        0x4 CMakeFiles/blink.dir/Users/willoliver/pico/pico-sdk/src/rp2_common/pico_runtime_init/runtime_init.c.o
                0x10001660                __pre_init_runtime_init_clocks
 .preinit_array.00600
                0x10001664        0x4 CMakeFiles/blink.dir/Users/willoliver/pico/pico-sdk/src/rp2_common/pico_runtime_init/runtime_init.c.o
                0x10001664                __pre_init_runtime_init_post_clock_resets
 .preinit_array.00700
                0x10001668        0x4 CMakeFiles/blink.dir/Users/willoliver/pico/pico-sdk/src/rp2_common/pico_runtime_init/runtime_init.c.o
                0x10001668                __pre_init_runtime_init_rp2040_gpio_ie_disable
 .preinit_array.01000
                0x1000166c        0x4 CMakeFiles/blink.dir/Users/willoliver/pico/pico-sdk/src/rp2_common/pico_runtime_init/runtime_init.c.o
                0x1000166c                __pre_init_runtime_init_spin_locks_reset
 .preinit_array.01100
                0x10001670        0x4 CMakeFiles/blink.dir/Users/willoliver/pico/pico-sdk/src/common/pico_sync/mutex.c.o
                0x10001670                __pre_init_runtime_init_mutex
 .preinit_array.10080
                0x10001674        0x4 CMakeFiles/blink.dir/Users/willoliver/pico/pico-sdk/src/rp2_common/pico_runtime_init/runtime_init.c.o
                0x10001674                __pre_init_runtime_init_install_ram_vector_table
 .preinit_array.11000
                0x10001678        0x4 CMakeFiles/blink.dir/Users/willoliver/pico/pico-sdk/src/common/pico_time/time.c.o
                0x10001678                __pre_init_runtime_init_default_alarm_pool
 .preinit_array.YYYYY
                0x1000167c        0x4 CMakeFiles/blink.dir/Users/willoliver/pico/pico-sdk/src/rp2_common/pico_runtime/runtime.c.o
                0x1000167c                __pre_init_first_per_core_initializer
 .preinit_array.ZZZZZ.01200
                0x10001680        0x4 CMakeFiles/blink.dir/Users/willoliver/pico/pico-sdk/src/rp2_common/hardware_irq/irq.c.o
                0x10001680                __pre_init_runtime_init_per_core_irq_priorities
 *(.preinit_array)
                0x10001684                        PROVIDE (__preinit_array_end = .)
                0x10001684                        . = ALIGN (0x4)
                0x10001684                        PROVIDE (__init_array_start = .)
 *(SORT_BY_NAME(.init_array.*))
 *(.init_array)
 .init_array    0x10001684        0x4 /Applications/ArmGNUToolchain/14.2.rel1/arm-none-eabi/bin/../lib/gcc/arm-none-eabi/14.2.1/thumb/v6-m/nofp/crtbegin.o
                0x10001688                        PROVIDE (__init_array_end = .)
                0x10001688                        . = ALIGN (0x4)
                [!provide]                        PROVIDE (__fini_array_start = .)
 *(SORT_BY_NAME(.fini_array.*))
 *(.fini_array)
                [!provide]                        PROVIDE (__fini_array_end = .)
 *(.eh_frame*)
 .eh_frame      0x10001688        0x0 /Applications/ArmGNUToolchain/14.2.rel1/arm-none-eabi/bin/../lib/gcc/arm-none-eabi/14.2.1/thumb/v6-m/nofp/crtbegin.o
                0x10001688                        . = ALIGN (0x4)

.glue_7         0x10001688        0x0
 .glue_7        0x10001688        0x0 linker stubs

.glue_7t        0x10001688        0x0
 .glue_7t       0x10001688        0x0 linker stubs

.vfp11_veneer   0x10001688        0x0
 .vfp11_veneer  0x10001688        0x0 linker stubs

.v4_bx          0x10001688        0x0
 .v4_bx         0x10001688        0x0 linker stubs

.iplt           0x10001688        0x0
 .iplt          0x10001688        0x0 /Applications/ArmGNUToolchain/14.2.rel1/arm-none-eabi/bin/../lib/gcc/arm-none-eabi/14.2.1/thumb/v6-m/nofp/crtbegin.o

.rodata         0x10001688       0xd8
 *(EXCLUDE_FILE(*libm.a: *libc.a:*lib_a-mem*.o *libgcc.a:) .rodata*)
 .rodata.panic.str1.4
                0x10001688       0x80 CMakeFiles/blink.dir/Users/willoliver/pico/pico-sdk/src/rp2_common/pico_platform_panic/panic.c.o
                                 0x12 (size before relaxing)
 .rodata.timer_hardware_alarm_claim.str1.4
                0x10001708       0x22 CMakeFiles/blink.dir/Users/willoliver/pico/pico-sdk/src/rp2_common/hardware_timer/timer.c.o
 .rodata.hard_assertion_failure.str1.4
                0x10001708        0xc CMakeFiles/blink.dir/Users/willoliver/pico/pico-sdk/src/rp2_common/pico_runtime/runtime.c.o
 .rodata.str1.4
                0x10001708       0x3c CMakeFiles/blink.dir/Users/willoliver/pico/pico-sdk/src/rp2_common/pico_standard_binary_info/standard_binary_info.c.o
 .rodata.__bi_84
                0x10001708        0xc CMakeFiles/blink.dir/Users/willoliver/pico/pico-sdk/src/rp2_common/pico_standard_binary_info/standard_binary_info.c.o
 .rodata.__bi_78
                0x10001714        0xc CMakeFiles/blink.dir/Users/willoliver/pico/pico-sdk/src/rp2_common/pico_standard_binary_info/standard_binary_info.c.o
 .rodata.__bi_54
                0x10001720        0xc CMakeFiles/blink.dir/Users/willoliver/pico/pico-sdk/src/rp2_common/pico_standard_binary_info/standard_binary_info.c.o
 .rodata.__bi_48
                0x1000172c        0xc CMakeFiles/blink.dir/Users/willoliver/pico/pico-sdk/src/rp2_common/pico_standard_binary_info/standard_binary_info.c.o
 .rodata.__bi_42
                0x10001738        0xc CMakeFiles/blink.dir/Users/willoliver/pico/pico-sdk/src/rp2_common/pico_standard_binary_info/standard_binary_info.c.o
 .rodata.__bi_34
                0x10001744        0xc CMakeFiles/blink.dir/Users/willoliver/pico/pico-sdk/src/rp2_common/pico_standard_binary_info/standard_binary_info.c.o
 .rodata.__bi_26
                0x10001750        0xc CMakeFiles/blink.dir/Users/willoliver/pico/pico-sdk/src/rp2_common/pico_standard_binary_info/standard_binary_info.c.o
 .rodata.crlf_str.0
                0x1000175c        0x2 CMakeFiles/blink.dir/Users/willoliver/pico/pico-sdk/src/rp2_common/pico_stdio/stdio.c.o
                0x10001760                        . = ALIGN (0x4)
 *fill*         0x1000175e        0x2 
 *(SORT_BY_ALIGNMENT(SORT_BY_NAME(.flashdata*)))
                0x10001760                        . = ALIGN (0x4)

.ARM.extab
 *(.ARM.extab* .gnu.linkonce.armextab.*)
                0x10001760                        __exidx_start = .

.ARM.exidx
 *(.ARM.exidx* .gnu.linkonce.armexidx.*)
                0x10001760                        __exidx_end = .
                0x10001760                        . = ALIGN (0x4)
                0x10001760                        __binary_info_start = .

.binary_info    0x10001760       0x1c
 *(.binary_info.keep.*)
 .binary_info.keep.__bi_ptr84
                0x10001760        0x4 CMakeFiles/blink.dir/Users/willoliver/pico/pico-sdk/src/rp2_common/pico_standard_binary_info/standard_binary_info.c.o
 .binary_info.keep.__bi_ptr78
                0x10001764        0x4 CMakeFiles/blink.dir/Users/willoliver/pico/pico-sdk/src/rp2_common/pico_standard_binary_info/standard_binary_info.c.o
 .binary_info.keep.__bi_ptr54
                0x10001768        0x4 CMakeFiles/blink.dir/Users/willoliver/pico/pico-sdk/src/rp2_common/pico_standard_binary_info/standard_binary_info.c.o
 .binary_info.keep.__bi_ptr48
                0x1000176c        0x4 CMakeFiles/blink.dir/Users/willoliver/pico/pico-sdk/src/rp2_common/pico_standard_binary_info/standard_binary_info.c.o
 .binary_info.keep.__bi_ptr42
                0x10001770        0x4 CMakeFiles/blink.dir/Users/willoliver/pico/pico-sdk/src/rp2_common/pico_standard_binary_info/standard_binary_info.c.o
 .binary_info.keep.__bi_ptr34
                0x10001774        0x4 CMakeFiles/blink.dir/Users/willoliver/pico/pico-sdk/src/rp2_common/pico_standard_binary_info/standard_binary_info.c.o
 .binary_info.keep.__bi_ptr26
                0x10001778        0x4 CMakeFiles/blink.dir/Users/willoliver/pico/pico-sdk/src/rp2_common/pico_standard_binary_info/standard_binary_info.c.o
 *(.binary_info.*)
                0x1000177c                        __binary_info_end = .

.rel.dyn        0x1000177c        0x0
 .rel.iplt      0x1000177c        0x0 /Applications/ArmGNUToolchain/14.2.rel1/arm-none-eabi/bin/../lib/gcc/arm-none-eabi/14.2.1/thumb/v6-m/nofp/crtbegin.o
                0x1000177c                        . = ALIGN (0x4)

.ram_vector_table
                0x20000000       0xc0
 *(.ram_vector_table)
 .ram_vector_table
                0x20000000       0xc0 CMakeFiles/blink.dir/Users/willoliver/pico/pico-sdk/src/rp2_common/pico_runtime_init/runtime_init.c.o
                0x20000000                ram_vector_table

.uninitialized_data
                0x200000c0        0x0
                0x200000c0                        . = ALIGN (0x4)
 *(.uninitialized_data*)

.data           0x200000c0      0x128 load address 0x1000177c
                0x200000c0                        __data_start__ = .
 *(vtable)
 *(.time_critical*)
 .time_critical.mutex_try_enter_block_until
                0x200000c0       0x98 CMakeFiles/blink.dir/Users/willoliver/pico/pico-sdk/src/common/pico_sync/mutex.c.o
                0x200000c0                mutex_try_enter_block_until
 .time_critical.mutex_exit
                0x20000158       0x28 CMakeFiles/blink.dir/Users/willoliver/pico/pico-sdk/src/common/pico_sync/mutex.c.o
                0x20000158                mutex_exit
 *(.text*)
 .text          0x20000180        0x4 /Applications/ArmGNUToolchain/14.2.rel1/arm-none-eabi/bin/../lib/gcc/arm-none-eabi/14.2.1/thumb/v6-m/nofp/libgcc.a(_dvmd_tls.o)
                0x20000180                __aeabi_ldiv0
                0x20000180                __aeabi_idiv0
 *fill*         0x20000184        0x4 
 .text.__stub   0x20000188       0x10 linker stubs
                0x20000198                        . = ALIGN (0x4)
 *(.rodata*)
                0x20000198                        . = ALIGN (0x4)
 *(.data*)
 .data.striped_spin_lock_num
                0x20000198        0x1 CMakeFiles/blink.dir/Users/willoliver/pico/pico-sdk/src/rp2_common/hardware_sync/sync.c.o
 *fill*         0x20000199        0x3 
 .data.default_alarm_pool
                0x2000019c       0x18 CMakeFiles/blink.dir/Users/willoliver/pico/pico-sdk/src/common/pico_time/time.c.o
 *fill*         0x200001b4        0xc 
 .data.aeabi_bits_funcs
                0x200001c0       0x10 CMakeFiles/blink.dir/Users/willoliver/pico/pico-sdk/src/rp2_common/pico_bit_ops/bit_ops_aeabi.S.o
                0x200001c0                aeabi_bits_funcs
                0x200001d0                aeabi_bits_funcs_end
 .data.aeabi_mem_funcs
                0x200001d0       0x10 CMakeFiles/blink.dir/Users/willoliver/pico/pico-sdk/src/rp2_common/pico_mem_ops/mem_ops_aeabi.S.o
                0x200001d0                aeabi_mem_funcs
                0x200001e0                aeabi_mem_funcs_end
                0x200001e0                        . = ALIGN (0x4)
 *(.after_data.*)
                0x200001e0                        . = ALIGN (0x4)
                0x200001e0                        PROVIDE (__mutex_array_start = .)
 *(SORT_BY_NAME(.mutex_array.*))
 *(.mutex_array)
 .mutex_array   0x200001e0        0x8 CMakeFiles/blink.dir/Users/willoliver/pico/pico-sdk/src/rp2_common/pico_stdio/stdio.c.o
                0x200001e8                        PROVIDE (__mutex_array_end = .)
                0x200001e8                        . = ALIGN (0x4)
 *(.jcr)
                0x200001e8                        . = ALIGN (0x4)

.tm_clone_table
                0x200001e8        0x0 load address 0x100018a4
 .tm_clone_table
                0x200001e8        0x0 /Applications/ArmGNUToolchain/14.2.rel1/arm-none-eabi/bin/../lib/gcc/arm-none-eabi/14.2.1/thumb/v6-m/nofp/crtbegin.o
 .tm_clone_table
                0x200001e8        0x0 /Applications/ArmGNUToolchain/14.2.rel1/arm-none-eabi/bin/../lib/gcc/arm-none-eabi/14.2.1/thumb/v6-m/nofp/crtend.o

.igot.plt       0x200001e8        0x0 load address 0x100018a4
 .igot.plt      0x200001e8        0x0 /Applications/ArmGNUToolchain/14.2.rel1/arm-none-eabi/bin/../lib/gcc/arm-none-eabi/14.2.1/thumb/v6-m/nofp/crtbegin.o

.tdata          0x200001e8        0x0 load address 0x100018a4
                0x200001e8                        . = ALIGN (0x4)
 *(.tdata .tdata.* .gnu.linkonce.td.*)
                0x200001e8                        __tdata_end = .
                0x200001e8                        PROVIDE (__data_end__ = .)
                0x1000177c                        __etext = LOADADDR (.data)

.tbss           0x200001e8        0x0 load address 0x100018a4
                0x200001e8                        . = ALIGN (0x4)
                0x200001e8                        __bss_start__ = .
                0x200001e8                        __tls_base = .
 *(.tbss .tbss.* .gnu.linkonce.tb.*)
 *(.tcommon)
                0x200001e8                        __tls_end = .

.bss            0x200001e8      0x3e8 load address 0x100018a4
                0x200001e8                        . = ALIGN (0x4)
                0x200001e8                        __tbss_end = .
 *(SORT_BY_ALIGNMENT(SORT_BY_NAME(.bss*)))
 .bss.default_alarm_pool_entries
                0x200001e8      0x180 CMakeFiles/blink.dir/Users/willoliver/pico/pico-sdk/src/common/pico_time/time.c.o
 .bss.sd_table  0x20000368      0x100 CMakeFiles/blink.dir/Users/willoliver/pico/pico-sdk/src/rp2_common/pico_double/double_init_rom_rp2040.c.o
                0x20000368                sd_table
 .bss.sf_table  0x20000468      0x100 CMakeFiles/blink.dir/Users/willoliver/pico/pico-sdk/src/rp2_common/pico_float/float_init_rom_rp2040.c.o
                0x20000468                sf_table
 .bss.claimed   0x20000568        0x1 CMakeFiles/blink.dir/Users/willoliver/pico/pico-sdk/src/rp2_common/hardware_timer/timer.c.o
 *fill*         0x20000569        0x3 
 .bss.configured_freq
                0x2000056c       0x28 CMakeFiles/blink.dir/Users/willoliver/pico/pico-sdk/src/rp2_common/hardware_clocks/clocks.c.o
 .bss.drivers   0x20000594        0x4 CMakeFiles/blink.dir/Users/willoliver/pico/pico-sdk/src/rp2_common/pico_stdio/stdio.c.o
 .bss.filter    0x20000598        0x4 CMakeFiles/blink.dir/Users/willoliver/pico/pico-sdk/src/rp2_common/pico_stdio/stdio.c.o
 .bss.lazy_vsnprintf
                0x2000059c        0x4 CMakeFiles/blink.dir/Users/willoliver/pico/pico-sdk/src/rp2_common/pico_printf/printf.c.o
 .bss.object.0  0x200005a0       0x18 /Applications/ArmGNUToolchain/14.2.rel1/arm-none-eabi/bin/../lib/gcc/arm-none-eabi/14.2.1/thumb/v6-m/nofp/crtbegin.o
 .bss.pools     0x200005b8       0x10 CMakeFiles/blink.dir/Users/willoliver/pico/pico-sdk/src/common/pico_time/time.c.o
 .bss.sf_clz_func
                0x200005c8        0x4 CMakeFiles/blink.dir/Users/willoliver/pico/pico-sdk/src/rp2_common/pico_double/double_init_rom_rp2040.c.o
                0x200005c8                sf_clz_func
 .bss.sleep_notifier
                0x200005cc        0x4 CMakeFiles/blink.dir/Users/willoliver/pico/pico-sdk/src/common/pico_time/time.c.o
 *(COMMON)
                0x200005d0                        . = ALIGN (0x4)
                0x200005d0                        __bss_end__ = .

.heap           0x200005d0      0x800 load address 0x100018a4
                0x200005d0                        __end__ = .
                0x200005d0                        end = __end__
 *(.heap*)
 .heap          0x200005d0      0x800 CMakeFiles/blink.dir/Users/willoliver/pico/pico-sdk/src/rp2_common/pico_crt0/crt0.S.o
                0x20040000                        __HeapLimit = (ORIGIN (RAM) + LENGTH (RAM))

.scratch_x      0x20040000        0x0 load address 0x100018a4
                0x20040000                        __scratch_x_start__ = .
 *(.scratch_x.*)
                0x20040000                        . = ALIGN (0x4)
                0x20040000                        __scratch_x_end__ = .
                0x100018a4                        __scratch_x_source__ = LOADADDR (.scratch_x)

.scratch_y      0x20041000        0x0 load address 0x100018a4
                0x20041000                        __scratch_y_start__ = .
 *(.scratch_y.*)
                0x20041000                        . = ALIGN (0x4)
                0x20041000                        __scratch_y_end__ = .
                0x100018a4                        __scratch_y_source__ = LOADADDR (.scratch_y)

.stack1_dummy
 *(.stack1*)

.stack_dummy    0x20041000      0x800
 *(.stack*)
 .stack         0x20041000      0x800 CMakeFiles/blink.dir/Users/willoliver/pico/pico-sdk/src/rp2_common/pico_crt0/crt0.S.o

.flash_end      0x100018a4        0x0
 *(.embedded_end_block*)
                0x100018a4                        PROVIDE (__flash_binary_end = .)
                0x20040000                        __StackLimit = (ORIGIN (RAM) + LENGTH (RAM))
                0x20041000                        __StackOneTop = (ORIGIN (SCRATCH_X) + LENGTH (SCRATCH_X))
                0x20042000                        __StackTop = (ORIGIN (SCRATCH_Y) + LENGTH (SCRATCH_Y))
                0x20041000                        __StackOneBottom = (__StackOneTop - SIZEOF (.stack1_dummy))
                0x20041800                        __StackBottom = (__StackTop - SIZEOF (.stack_dummy))
                0x20042000                        PROVIDE (__stack = __StackTop)
                [!provide]                        PROVIDE (__heap_start = __end__)
                [!provide]                        PROVIDE (__heap_end = __HeapLimit)
                [!provide]                        PROVIDE (__tls_align = MAX (ALIGNOF (.tdata), ALIGNOF (.tbss)))
                [!provide]                        PROVIDE (__tls_size_align = (((__tls_size + __tls_align) - 0x1) & ~ ((__tls_align - 0x1))))
                [!provide]                        PROVIDE (__arm32_tls_tcb_offset = MAX (0x8, __tls_align))
                [!provide]                        PROVIDE (_end = __end__)
                [!provide]                        PROVIDE (__llvm_libc_heap_limit = __HeapLimit)
                0x00000001                        ASSERT ((__StackLimit >= __HeapLimit), region RAM overflowed)
                0x00000001                        ASSERT (((__binary_info_header_end - __logical_binary_start) <= 0x100), Binary info must be in first 256 bytes of the binary)
LOAD CMakeFiles/blink.dir/blink.c.o
LOAD CMakeFiles/blink.dir/Users/willoliver/pico/pico-sdk/src/rp2_common/pico_stdlib/stdlib.c.o
LOAD CMakeFiles/blink.dir/Users/willoliver/pico/pico-sdk/src/rp2_common/hardware_gpio/gpio.c.o
LOAD CMakeFiles/blink.dir/Users/willoliver/pico/pico-sdk/src/rp2040/pico_platform/platform.c.o
LOAD CMakeFiles/blink.dir/Users/willoliver/pico/pico-sdk/src/rp2_common/pico_platform_panic/panic.c.o
LOAD CMakeFiles/blink.dir/Users/willoliver/pico/pico-sdk/src/common/hardware_claim/claim.c.o
LOAD CMakeFiles/blink.dir/Users/willoliver/pico/pico-sdk/src/rp2_common/hardware_sync/sync.c.o
LOAD CMakeFiles/blink.dir/Users/willoliver/pico/pico-sdk/src/rp2_common/hardware_sync_spin_lock/sync_spin_lock.c.o
LOAD CMakeFiles/blink.dir/Users/willoliver/pico/pico-sdk/src/rp2_common/hardware_irq/irq.c.o
LOAD CMakeFiles/blink.dir/Users/willoliver/pico/pico-sdk/src/rp2_common/hardware_irq/irq_handler_chain.S.o
LOAD CMakeFiles/blink.dir/Users/willoliver/pico/pico-sdk/src/common/pico_sync/sem.c.o
LOAD CMakeFiles/blink.dir/Users/willoliver/pico/pico-sdk/src/common/pico_sync/lock_core.c.o
LOAD CMakeFiles/blink.dir/Users/willoliver/pico/pico-sdk/src/common/pico_sync/mutex.c.o
LOAD CMakeFiles/blink.dir/Users/willoliver/pico/pico-sdk/src/common/pico_sync/critical_section.c.o
LOAD CMakeFiles/blink.dir/Users/willoliver/pico/pico-sdk/src/common/pico_time/time.c.o
LOAD CMakeFiles/blink.dir/Users/willoliver/pico/pico-sdk/src/common/pico_time/timeout_helper.c.o
LOAD CMakeFiles/blink.dir/Users/willoliver/pico/pico-sdk/src/rp2_common/hardware_timer/timer.c.o
LOAD CMakeFiles/blink.dir/Users/willoliver/pico/pico-sdk/src/common/pico_util/datetime.c.o
LOAD CMakeFiles/blink.dir/Users/willoliver/pico/pico-sdk/src/common/pico_util/pheap.c.o
LOAD CMakeFiles/blink.dir/Users/willoliver/pico/pico-sdk/src/common/pico_util/queue.c.o
LOAD CMakeFiles/blink.dir/Users/willoliver/pico/pico-sdk/src/rp2_common/hardware_uart/uart.c.o
LOAD CMakeFiles/blink.dir/Users/willoliver/pico/pico-sdk/src/rp2_common/hardware_clocks/clocks.c.o
LOAD CMakeFiles/blink.dir/Users/willoliver/pico/pico-sdk/src/rp2_common/hardware_pll/pll.c.o
LOAD CMakeFiles/blink.dir/Users/willoliver/pico/pico-sdk/src/rp2_common/hardware_vreg/vreg.c.o
LOAD CMakeFiles/blink.dir/Users/willoliver/pico/pico-sdk/src/rp2_common/hardware_watchdog/watchdog.c.o
LOAD CMakeFiles/blink.dir/Users/willoliver/pico/pico-sdk/src/rp2_common/hardware_ticks/ticks.c.o
LOAD CMakeFiles/blink.dir/Users/willoliver/pico/pico-sdk/src/rp2_common/pico_bootrom/bootrom.c.o
LOAD CMakeFiles/blink.dir/Users/willoliver/pico/pico-sdk/src/rp2_common/pico_bootrom/bootrom_lock.c.o
LOAD CMakeFiles/blink.dir/Users/willoliver/pico/pico-sdk/src/rp2_common/hardware_boot_lock/boot_lock.c.o
LOAD CMakeFiles/blink.dir/Users/willoliver/pico/pico-sdk/src/rp2_common/pico_flash/flash.c.o
LOAD CMakeFiles/blink.dir/Users/willoliver/pico/pico-sdk/src/rp2_common/hardware_xosc/xosc.c.o
LOAD CMakeFiles/blink.dir/Users/willoliver/pico/pico-sdk/src/rp2_common/hardware_divider/divider.S.o
LOAD CMakeFiles/blink.dir/Users/willoliver/pico/pico-sdk/src/rp2_common/pico_runtime/runtime.c.o
LOAD CMakeFiles/blink.dir/Users/willoliver/pico/pico-sdk/src/rp2_common/pico_runtime_init/runtime_init.c.o
LOAD CMakeFiles/blink.dir/Users/willoliver/pico/pico-sdk/src/rp2_common/pico_runtime_init/runtime_init_clocks.c.o
LOAD CMakeFiles/blink.dir/Users/willoliver/pico/pico-sdk/src/rp2_common/pico_runtime_init/runtime_init_stack_guard.c.o
LOAD CMakeFiles/blink.dir/Users/willoliver/pico/pico-sdk/src/rp2_common/pico_bit_ops/bit_ops_aeabi.S.o
LOAD CMakeFiles/blink.dir/Users/willoliver/pico/pico-sdk/src/rp2_common/pico_divider/divider_hardware.S.o
LOAD CMakeFiles/blink.dir/Users/willoliver/pico/pico-sdk/src/rp2_common/pico_double/double_aeabi_rp2040.S.o
LOAD CMakeFiles/blink.dir/Users/willoliver/pico/pico-sdk/src/rp2_common/pico_double/double_init_rom_rp2040.c.o
LOAD CMakeFiles/blink.dir/Users/willoliver/pico/pico-sdk/src/rp2_common/pico_double/double_math.c.o
LOAD CMakeFiles/blink.dir/Users/willoliver/pico/pico-sdk/src/rp2_common/pico_double/double_v1_rom_shim_rp2040.S.o
LOAD CMakeFiles/blink.dir/Users/willoliver/pico/pico-sdk/src/rp2_common/pico_int64_ops/pico_int64_ops_aeabi.S.o
LOAD CMakeFiles/blink.dir/Users/willoliver/pico/pico-sdk/src/rp2_common/pico_float/float_aeabi_rp2040.S.o
LOAD CMakeFiles/blink.dir/Users/willoliver/pico/pico-sdk/src/rp2_common/pico_float/float_init_rom_rp2040.c.o
LOAD CMakeFiles/blink.dir/Users/willoliver/pico/pico-sdk/src/rp2_common/pico_float/float_math.c.o
LOAD CMakeFiles/blink.dir/Users/willoliver/pico/pico-sdk/src/rp2_common/pico_float/float_v1_rom_shim_rp2040.S.o
LOAD CMakeFiles/blink.dir/Users/willoliver/pico/pico-sdk/src/rp2_common/pico_malloc/malloc.c.o
LOAD CMakeFiles/blink.dir/Users/willoliver/pico/pico-sdk/src/rp2_common/pico_mem_ops/mem_ops_aeabi.S.o
LOAD CMakeFiles/blink.dir/Users/willoliver/pico/pico-sdk/src/rp2_common/pico_atomic/atomic.c.o
LOAD CMakeFiles/blink.dir/Users/willoliver/pico/pico-sdk/src/rp2_common/pico_cxx_options/new_delete.cpp.o
LOAD CMakeFiles/blink.dir/Users/willoliver/pico/pico-sdk/src/rp2_common/pico_standard_binary_info/standard_binary_info.c.o
LOAD CMakeFiles/blink.dir/Users/willoliver/pico/pico-sdk/src/rp2_common/pico_printf/printf.c.o
LOAD CMakeFiles/blink.dir/Users/willoliver/pico/pico-sdk/src/rp2_common/pico_crt0/crt0.S.o
LOAD CMakeFiles/blink.dir/Users/willoliver/pico/pico-sdk/src/rp2_common/pico_clib_interface/newlib_interface.c.o
LOAD CMakeFiles/blink.dir/Users/willoliver/pico/pico-sdk/src/rp2_common/pico_stdio/stdio.c.o
LOAD CMakeFiles/blink.dir/Users/willoliver/pico/pico-sdk/src/rp2_common/pico_stdio_uart/stdio_uart.c.o
LOAD pico-sdk/src/rp2040/boot_stage2/CMakeFiles/bs2_default_library.dir/bs2_default_padded_checksummed.S.o
LOAD src/libpico_bootstrap_lib.a
LOAD /Applications/ArmGNUToolchain/14.2.rel1/arm-none-eabi/bin/../lib/gcc/arm-none-eabi/14.2.1/../../../../arm-none-eabi/lib/thumb/v6-m/nofp/libstdc++.a
LOAD /Applications/ArmGNUToolchain/14.2.rel1/arm-none-eabi/bin/../lib/gcc/arm-none-eabi/14.2.1/../../../../arm-none-eabi/lib/thumb/v6-m/nofp/libm.a
START GROUP
LOAD /Applications/ArmGNUToolchain/14.2.rel1/arm-none-eabi/bin/../lib/gcc/arm-none-eabi/14.2.1/thumb/v6-m/nofp/libgcc.a
LOAD /Applications/ArmGNUToolchain/14.2.rel1/arm-none-eabi/bin/../lib/gcc/arm-none-eabi/14.2.1/../../../../arm-none-eabi/lib/thumb/v6-m/nofp/libg.a
LOAD /Applications/ArmGNUToolchain/14.2.rel1/arm-none-eabi/bin/../lib/gcc/arm-none-eabi/14.2.1/../../../../arm-none-eabi/lib/thumb/v6-m/nofp/libc.a
END GROUP
START GROUP
LOAD /Applications/ArmGNUToolchain/14.2.rel1/arm-none-eabi/bin/../lib/gcc/arm-none-eabi/14.2.1/thumb/v6-m/nofp/libgcc.a
LOAD /Applications/ArmGNUToolchain/14.2.rel1/arm-none-eabi/bin/../lib/gcc/arm-none-eabi/14.2.1/../../../../arm-none-eabi/lib/thumb/v6-m/nofp/libc.a
LOAD /Applications/ArmGNUToolchain/14.2.rel1/arm-none-eabi/bin/../lib/gcc/arm-none-eabi/14.2.1/../../../../arm-none-eabi/lib/thumb/v6-m/nofp/libnosys.a
END GROUP
LOAD /Applications/ArmGNUToolchain/14.2.rel1/arm-none-eabi/bin/../lib/gcc/arm-none-eabi/14.2.1/thumb/v6-m/nofp/crtend.o
LOAD /Applications/ArmGNUToolchain/14.2.rel1/arm-none-eabi/bin/../lib/gcc/arm-none-eabi/14.2.1/thumb/v6-m/nofp/crtn.o
OUTPUT(blink.elf elf32-littlearm)
LOAD linker stubs

.ARM.attributes
                0x00000000       0x28
 .ARM.attributes
                0x00000000       0x1e /Applications/ArmGNUToolchain/14.2.rel1/arm-none-eabi/bin/../lib/gcc/arm-none-eabi/14.2.1/thumb/v6-m/nofp/crti.o
 .ARM.attributes
                0x0000001e       0x2c /Applications/ArmGNUToolchain/14.2.rel1/arm-none-eabi/bin/../lib/gcc/arm-none-eabi/14.2.1/thumb/v6-m/nofp/crtbegin.o
 .ARM.attributes
                0x0000004a       0x2c CMakeFiles/blink.dir/blink.c.o
 .ARM.attributes
                0x00000076       0x2c CMakeFiles/blink.dir/Users/willoliver/pico/pico-sdk/src/rp2_common/pico_platform_panic/panic.c.o
 .ARM.attributes
                0x000000a2       0x2c CMakeFiles/blink.dir/Users/willoliver/pico/pico-sdk/src/common/hardware_claim/claim.c.o
 .ARM.attributes
                0x000000ce       0x2c CMakeFiles/blink.dir/Users/willoliver/pico/pico-sdk/src/rp2_common/hardware_sync/sync.c.o
 .ARM.attributes
                0x000000fa       0x2c CMakeFiles/blink.dir/Users/willoliver/pico/pico-sdk/src/rp2_common/hardware_sync_spin_lock/sync_spin_lock.c.o
 .ARM.attributes
                0x00000126       0x2c CMakeFiles/blink.dir/Users/willoliver/pico/pico-sdk/src/rp2_common/hardware_irq/irq.c.o
 .ARM.attributes
                0x00000152       0x2c CMakeFiles/blink.dir/Users/willoliver/pico/pico-sdk/src/common/pico_sync/lock_core.c.o
 .ARM.attributes
                0x0000017e       0x2c CMakeFiles/blink.dir/Users/willoliver/pico/pico-sdk/src/common/pico_sync/mutex.c.o
 .ARM.attributes
                0x000001aa       0x2c CMakeFiles/blink.dir/Users/willoliver/pico/pico-sdk/src/common/pico_time/time.c.o
 .ARM.attributes
                0x000001d6       0x2c CMakeFiles/blink.dir/Users/willoliver/pico/pico-sdk/src/rp2_common/hardware_timer/timer.c.o
 .ARM.attributes
                0x00000202       0x2c CMakeFiles/blink.dir/Users/willoliver/pico/pico-sdk/src/rp2_common/hardware_clocks/clocks.c.o
 .ARM.attributes
                0x0000022e       0x2c CMakeFiles/blink.dir/Users/willoliver/pico/pico-sdk/src/rp2_common/hardware_pll/pll.c.o
 .ARM.attributes
                0x0000025a       0x2c CMakeFiles/blink.dir/Users/willoliver/pico/pico-sdk/src/rp2_common/hardware_ticks/ticks.c.o
 .ARM.attributes
                0x00000286       0x2c CMakeFiles/blink.dir/Users/willoliver/pico/pico-sdk/src/rp2_common/pico_bootrom/bootrom.c.o
 .ARM.attributes
                0x000002b2       0x2c CMakeFiles/blink.dir/Users/willoliver/pico/pico-sdk/src/rp2_common/hardware_xosc/xosc.c.o
 .ARM.attributes
                0x000002de       0x2c CMakeFiles/blink.dir/Users/willoliver/pico/pico-sdk/src/rp2_common/pico_runtime/runtime.c.o
 .ARM.attributes
                0x0000030a       0x2c CMakeFiles/blink.dir/Users/willoliver/pico/pico-sdk/src/rp2_common/pico_runtime_init/runtime_init.c.o
 .ARM.attributes
                0x00000336       0x2c CMakeFiles/blink.dir/Users/willoliver/pico/pico-sdk/src/rp2_common/pico_runtime_init/runtime_init_clocks.c.o
 .ARM.attributes
                0x00000362       0x22 CMakeFiles/blink.dir/Users/willoliver/pico/pico-sdk/src/rp2_common/pico_bit_ops/bit_ops_aeabi.S.o
 .ARM.attributes
                0x00000384       0x22 CMakeFiles/blink.dir/Users/willoliver/pico/pico-sdk/src/rp2_common/pico_divider/divider_hardware.S.o
 .ARM.attributes
                0x000003a6       0x22 CMakeFiles/blink.dir/Users/willoliver/pico/pico-sdk/src/rp2_common/pico_double/double_aeabi_rp2040.S.o
 .ARM.attributes
                0x000003c8       0x2c CMakeFiles/blink.dir/Users/willoliver/pico/pico-sdk/src/rp2_common/pico_double/double_init_rom_rp2040.c.o
 .ARM.attributes
                0x000003f4       0x22 CMakeFiles/blink.dir/Users/willoliver/pico/pico-sdk/src/rp2_common/pico_double/double_v1_rom_shim_rp2040.S.o
 .ARM.attributes
                0x00000416       0x22 CMakeFiles/blink.dir/Users/willoliver/pico/pico-sdk/src/rp2_common/pico_float/float_aeabi_rp2040.S.o
 .ARM.attributes
                0x00000438       0x2c CMakeFiles/blink.dir/Users/willoliver/pico/pico-sdk/src/rp2_common/pico_float/float_init_rom_rp2040.c.o
 .ARM.attributes
                0x00000464       0x22 CMakeFiles/blink.dir/Users/willoliver/pico/pico-sdk/src/rp2_common/pico_float/float_v1_rom_shim_rp2040.S.o
 .ARM.attributes
                0x00000486       0x22 CMakeFiles/blink.dir/Users/willoliver/pico/pico-sdk/src/rp2_common/pico_mem_ops/mem_ops_aeabi.S.o
 .ARM.attributes
                0x000004a8       0x2c CMakeFiles/blink.dir/Users/willoliver/pico/pico-sdk/src/rp2_common/pico_standard_binary_info/standard_binary_info.c.o
 .ARM.attributes
                0x000004d4       0x2c CMakeFiles/blink.dir/Users/willoliver/pico/pico-sdk/src/rp2_common/pico_printf/printf.c.o
 .ARM.attributes
                0x00000500       0x22 CMakeFiles/blink.dir/Users/willoliver/pico/pico-sdk/src/rp2_common/pico_crt0/crt0.S.o
 .ARM.attributes
                0x00000522       0x2c CMakeFiles/blink.dir/Users/willoliver/pico/pico-sdk/src/rp2_common/pico_clib_interface/newlib_interface.c.o
 .ARM.attributes
                0x0000054e       0x2c CMakeFiles/blink.dir/Users/willoliver/pico/pico-sdk/src/rp2_common/pico_stdio/stdio.c.o
 .ARM.attributes
                0x0000057a       0x22 pico-sdk/src/rp2040/boot_stage2/CMakeFiles/bs2_default_library.dir/bs2_default_padded_checksummed.S.o
 .ARM.attributes
                0x0000059c       0x2c src/libpico_bootstrap_lib.a(clocks.c.o)
 .ARM.attributes
                0x000005c8       0x2c src/libpico_bootstrap_lib.a(gpio.c.o)
 .ARM.attributes
                0x000005f4       0x2c src/libpico_bootstrap_lib.a(resets.c.o)
 .ARM.attributes
                0x00000620       0x1e /Applications/ArmGNUToolchain/14.2.rel1/arm-none-eabi/bin/../lib/gcc/arm-none-eabi/14.2.1/thumb/v6-m/nofp/libgcc.a(_dvmd_tls.o)
 .ARM.attributes
                0x0000063e       0x2c /Applications/ArmGNUToolchain/14.2.rel1/arm-none-eabi/bin/../lib/gcc/arm-none-eabi/14.2.1/../../../../arm-none-eabi/lib/thumb/v6-m/nofp/libg.a(libc_a-strlen-stub.o)
 .ARM.attributes
                0x0000066a       0x2c /Applications/ArmGNUToolchain/14.2.rel1/arm-none-eabi/bin/../lib/gcc/arm-none-eabi/14.2.1/thumb/v6-m/nofp/crtend.o

.comment        0x00000000       0x45
 .comment       0x00000000       0x45 CMakeFiles/blink.dir/blink.c.o
                                 0x46 (size before relaxing)
 .comment       0x00000045       0x46 CMakeFiles/blink.dir/Users/willoliver/pico/pico-sdk/src/rp2_common/pico_platform_panic/panic.c.o
 .comment       0x00000045       0x46 CMakeFiles/blink.dir/Users/willoliver/pico/pico-sdk/src/common/hardware_claim/claim.c.o
 .comment       0x00000045       0x46 CMakeFiles/blink.dir/Users/willoliver/pico/pico-sdk/src/rp2_common/hardware_sync/sync.c.o
 .comment       0x00000045       0x46 CMakeFiles/blink.dir/Users/willoliver/pico/pico-sdk/src/rp2_common/hardware_sync_spin_lock/sync_spin_lock.c.o
 .comment       0x00000045       0x46 CMakeFiles/blink.dir/Users/willoliver/pico/pico-sdk/src/rp2_common/hardware_irq/irq.c.o
 .comment       0x00000045       0x46 CMakeFiles/blink.dir/Users/willoliver/pico/pico-sdk/src/common/pico_sync/lock_core.c.o
 .comment       0x00000045       0x46 CMakeFiles/blink.dir/Users/willoliver/pico/pico-sdk/src/common/pico_sync/mutex.c.o
 .comment       0x00000045       0x46 CMakeFiles/blink.dir/Users/willoliver/pico/pico-sdk/src/common/pico_time/time.c.o
 .comment       0x00000045       0x46 CMakeFiles/blink.dir/Users/willoliver/pico/pico-sdk/src/rp2_common/hardware_timer/timer.c.o
 .comment       0x00000045       0x46 CMakeFiles/blink.dir/Users/willoliver/pico/pico-sdk/src/rp2_common/hardware_clocks/clocks.c.o
 .comment       0x00000045       0x46 CMakeFiles/blink.dir/Users/willoliver/pico/pico-sdk/src/rp2_common/hardware_pll/pll.c.o
 .comment       0x00000045       0x46 CMakeFiles/blink.dir/Users/willoliver/pico/pico-sdk/src/rp2_common/hardware_ticks/ticks.c.o
 .comment       0x00000045       0x46 CMakeFiles/blink.dir/Users/willoliver/pico/pico-sdk/src/rp2_common/pico_bootrom/bootrom.c.o
 .comment       0x00000045       0x46 CMakeFiles/blink.dir/Users/willoliver/pico/pico-sdk/src/rp2_common/hardware_xosc/xosc.c.o
 .comment       0x00000045       0x46 CMakeFiles/blink.dir/Users/willoliver/pico/pico-sdk/src/rp2_common/pico_runtime/runtime.c.o
 .comment       0x00000045       0x46 CMakeFiles/blink.dir/Users/willoliver/pico/pico-sdk/src/rp2_common/pico_runtime_init/runtime_init.c.o
 .comment       0x00000045       0x46 CMakeFiles/blink.dir/Users/willoliver/pico/pico-sdk/src/rp2_common/pico_runtime_init/runtime_init_clocks.c.o
 .comment       0x00000045       0x46 CMakeFiles/blink.dir/Users/willoliver/pico/pico-sdk/src/rp2_common/pico_double/double_init_rom_rp2040.c.o
 .comment       0x00000045       0x46 CMakeFiles/blink.dir/Users/willoliver/pico/pico-sdk/src/rp2_common/pico_float/float_init_rom_rp2040.c.o
 .comment       0x00000045       0x46 CMakeFiles/blink.dir/Users/willoliver/pico/pico-sdk/src/rp2_common/pico_standard_binary_info/standard_binary_info.c.o
 .comment       0x00000045       0x46 CMakeFiles/blink.dir/Users/willoliver/pico/pico-sdk/src/rp2_common/pico_printf/printf.c.o
 .comment       0x00000045       0x46 CMakeFiles/blink.dir/Users/willoliver/pico/pico-sdk/src/rp2_common/pico_clib_interface/newlib_interface.c.o
 .comment       0x00000045       0x46 CMakeFiles/blink.dir/Users/willoliver/pico/pico-sdk/src/rp2_common/pico_stdio/stdio.c.o
 .comment       0x00000045       0x46 src/libpico_bootstrap_lib.a(clocks.c.o)
 .comment       0x00000045       0x46 src/libpico_bootstrap_lib.a(gpio.c.o)
 .comment       0x00000045       0x46 src/libpico_bootstrap_lib.a(resets.c.o)

.debug_info     0x00000000    0x17d55
 .debug_info    0x00000000      0x203 CMakeFiles/blink.dir/blink.c.o
 .debug_info    0x00000203      0x1bf CMakeFiles/blink.dir/Users/willoliver/pico/pico-sdk/src/rp2_common/pico_platform_panic/panic.c.o
 .debug_info    0x000003c2      0x9a1 CMakeFiles/blink.dir/Users/willoliver/pico/pico-sdk/src/common/hardware_claim/claim.c.o
 .debug_info    0x00000d63      0x45c CMakeFiles/blink.dir/Users/willoliver/pico/pico-sdk/src/rp2_common/hardware_sync/sync.c.o
 .debug_info    0x000011bf      0x245 CMakeFiles/blink.dir/Users/willoliver/pico/pico-sdk/src/rp2_common/hardware_sync_spin_lock/sync_spin_lock.c.o
 .debug_info    0x00001404     0x220f CMakeFiles/blink.dir/Users/willoliver/pico/pico-sdk/src/rp2_common/hardware_irq/irq.c.o
 .debug_info    0x00003613      0x15f CMakeFiles/blink.dir/Users/willoliver/pico/pico-sdk/src/common/pico_sync/lock_core.c.o
 .debug_info    0x00003772     0x27f1 CMakeFiles/blink.dir/Users/willoliver/pico/pico-sdk/src/common/pico_sync/mutex.c.o
 .debug_info    0x00005f63     0x5036 CMakeFiles/blink.dir/Users/willoliver/pico/pico-sdk/src/common/pico_time/time.c.o
 .debug_info    0x0000af99     0x2b13 CMakeFiles/blink.dir/Users/willoliver/pico/pico-sdk/src/rp2_common/hardware_timer/timer.c.o
 .debug_info    0x0000daac     0x2991 CMakeFiles/blink.dir/Users/willoliver/pico/pico-sdk/src/rp2_common/hardware_clocks/clocks.c.o
 .debug_info    0x0001043d      0x4e5 CMakeFiles/blink.dir/Users/willoliver/pico/pico-sdk/src/rp2_common/hardware_pll/pll.c.o
 .debug_info    0x00010922      0x248 CMakeFiles/blink.dir/Users/willoliver/pico/pico-sdk/src/rp2_common/hardware_ticks/ticks.c.o
 .debug_info    0x00010b6a      0x678 CMakeFiles/blink.dir/Users/willoliver/pico/pico-sdk/src/rp2_common/pico_bootrom/bootrom.c.o
 .debug_info    0x000111e2      0x1d0 CMakeFiles/blink.dir/Users/willoliver/pico/pico-sdk/src/rp2_common/hardware_xosc/xosc.c.o
 .debug_info    0x000113b2      0x21a CMakeFiles/blink.dir/Users/willoliver/pico/pico-sdk/src/rp2_common/pico_runtime/runtime.c.o
 .debug_info    0x000115cc      0x795 CMakeFiles/blink.dir/Users/willoliver/pico/pico-sdk/src/rp2_common/pico_runtime_init/runtime_init.c.o
 .debug_info    0x00011d61      0x781 CMakeFiles/blink.dir/Users/willoliver/pico/pico-sdk/src/rp2_common/pico_runtime_init/runtime_init_clocks.c.o
 .debug_info    0x000124e2       0x23 CMakeFiles/blink.dir/Users/willoliver/pico/pico-sdk/src/rp2_common/pico_bit_ops/bit_ops_aeabi.S.o
 .debug_info    0x00012505       0x23 CMakeFiles/blink.dir/Users/willoliver/pico/pico-sdk/src/rp2_common/pico_divider/divider_hardware.S.o
 .debug_info    0x00012528       0x23 CMakeFiles/blink.dir/Users/willoliver/pico/pico-sdk/src/rp2_common/pico_double/double_aeabi_rp2040.S.o
 .debug_info    0x0001254b      0x27e CMakeFiles/blink.dir/Users/willoliver/pico/pico-sdk/src/rp2_common/pico_double/double_init_rom_rp2040.c.o
 .debug_info    0x000127c9       0x23 CMakeFiles/blink.dir/Users/willoliver/pico/pico-sdk/src/rp2_common/pico_double/double_v1_rom_shim_rp2040.S.o
 .debug_info    0x000127ec       0x23 CMakeFiles/blink.dir/Users/willoliver/pico/pico-sdk/src/rp2_common/pico_float/float_aeabi_rp2040.S.o
 .debug_info    0x0001280f      0x27e CMakeFiles/blink.dir/Users/willoliver/pico/pico-sdk/src/rp2_common/pico_float/float_init_rom_rp2040.c.o
 .debug_info    0x00012a8d       0x23 CMakeFiles/blink.dir/Users/willoliver/pico/pico-sdk/src/rp2_common/pico_float/float_v1_rom_shim_rp2040.S.o
 .debug_info    0x00012ab0       0x23 CMakeFiles/blink.dir/Users/willoliver/pico/pico-sdk/src/rp2_common/pico_mem_ops/mem_ops_aeabi.S.o
 .debug_info    0x00012ad3      0x2b8 CMakeFiles/blink.dir/Users/willoliver/pico/pico-sdk/src/rp2_common/pico_standard_binary_info/standard_binary_info.c.o
 .debug_info    0x00012d8b     0x22f2 CMakeFiles/blink.dir/Users/willoliver/pico/pico-sdk/src/rp2_common/pico_printf/printf.c.o
 .debug_info    0x0001507d       0x23 CMakeFiles/blink.dir/Users/willoliver/pico/pico-sdk/src/rp2_common/pico_crt0/crt0.S.o
 .debug_info    0x000150a0      0xb54 CMakeFiles/blink.dir/Users/willoliver/pico/pico-sdk/src/rp2_common/pico_clib_interface/newlib_interface.c.o
 .debug_info    0x00015bf4     0x1d6c CMakeFiles/blink.dir/Users/willoliver/pico/pico-sdk/src/rp2_common/pico_stdio/stdio.c.o
 .debug_info    0x00017960       0xd4 src/libpico_bootstrap_lib.a(clocks.c.o)
 .debug_info    0x00017a34      0x22d src/libpico_bootstrap_lib.a(gpio.c.o)
 .debug_info    0x00017c61       0xf4 src/libpico_bootstrap_lib.a(resets.c.o)

.debug_abbrev   0x00000000     0x454d
 .debug_abbrev  0x00000000       0xe8 CMakeFiles/blink.dir/blink.c.o
 .debug_abbrev  0x000000e8      0x12b CMakeFiles/blink.dir/Users/willoliver/pico/pico-sdk/src/rp2_common/pico_platform_panic/panic.c.o
 .debug_abbrev  0x00000213      0x328 CMakeFiles/blink.dir/Users/willoliver/pico/pico-sdk/src/common/hardware_claim/claim.c.o
 .debug_abbrev  0x0000053b      0x20f CMakeFiles/blink.dir/Users/willoliver/pico/pico-sdk/src/rp2_common/hardware_sync/sync.c.o
 .debug_abbrev  0x0000074a      0x1bb CMakeFiles/blink.dir/Users/willoliver/pico/pico-sdk/src/rp2_common/hardware_sync_spin_lock/sync_spin_lock.c.o
 .debug_abbrev  0x00000905      0x614 CMakeFiles/blink.dir/Users/willoliver/pico/pico-sdk/src/rp2_common/hardware_irq/irq.c.o
 .debug_abbrev  0x00000f19       0xee CMakeFiles/blink.dir/Users/willoliver/pico/pico-sdk/src/common/pico_sync/lock_core.c.o
 .debug_abbrev  0x00001007      0x48c CMakeFiles/blink.dir/Users/willoliver/pico/pico-sdk/src/common/pico_sync/mutex.c.o
 .debug_abbrev  0x00001493      0x659 CMakeFiles/blink.dir/Users/willoliver/pico/pico-sdk/src/common/pico_time/time.c.o
 .debug_abbrev  0x00001aec      0x4f2 CMakeFiles/blink.dir/Users/willoliver/pico/pico-sdk/src/rp2_common/hardware_timer/timer.c.o
 .debug_abbrev  0x00001fde      0x4eb CMakeFiles/blink.dir/Users/willoliver/pico/pico-sdk/src/rp2_common/hardware_clocks/clocks.c.o
 .debug_abbrev  0x000024c9      0x1d2 CMakeFiles/blink.dir/Users/willoliver/pico/pico-sdk/src/rp2_common/hardware_pll/pll.c.o
 .debug_abbrev  0x0000269b      0x145 CMakeFiles/blink.dir/Users/willoliver/pico/pico-sdk/src/rp2_common/hardware_ticks/ticks.c.o
 .debug_abbrev  0x000027e0      0x1bc CMakeFiles/blink.dir/Users/willoliver/pico/pico-sdk/src/rp2_common/pico_bootrom/bootrom.c.o
 .debug_abbrev  0x0000299c      0x11d CMakeFiles/blink.dir/Users/willoliver/pico/pico-sdk/src/rp2_common/hardware_xosc/xosc.c.o
 .debug_abbrev  0x00002ab9      0x182 CMakeFiles/blink.dir/Users/willoliver/pico/pico-sdk/src/rp2_common/pico_runtime/runtime.c.o
 .debug_abbrev  0x00002c3b      0x222 CMakeFiles/blink.dir/Users/willoliver/pico/pico-sdk/src/rp2_common/pico_runtime_init/runtime_init.c.o
 .debug_abbrev  0x00002e5d      0x2af CMakeFiles/blink.dir/Users/willoliver/pico/pico-sdk/src/rp2_common/pico_runtime_init/runtime_init_clocks.c.o
 .debug_abbrev  0x0000310c       0x12 CMakeFiles/blink.dir/Users/willoliver/pico/pico-sdk/src/rp2_common/pico_bit_ops/bit_ops_aeabi.S.o
 .debug_abbrev  0x0000311e       0x12 CMakeFiles/blink.dir/Users/willoliver/pico/pico-sdk/src/rp2_common/pico_divider/divider_hardware.S.o
 .debug_abbrev  0x00003130       0x12 CMakeFiles/blink.dir/Users/willoliver/pico/pico-sdk/src/rp2_common/pico_double/double_aeabi_rp2040.S.o
 .debug_abbrev  0x00003142      0x17a CMakeFiles/blink.dir/Users/willoliver/pico/pico-sdk/src/rp2_common/pico_double/double_init_rom_rp2040.c.o
 .debug_abbrev  0x000032bc       0x12 CMakeFiles/blink.dir/Users/willoliver/pico/pico-sdk/src/rp2_common/pico_double/double_v1_rom_shim_rp2040.S.o
 .debug_abbrev  0x000032ce       0x12 CMakeFiles/blink.dir/Users/willoliver/pico/pico-sdk/src/rp2_common/pico_float/float_aeabi_rp2040.S.o
 .debug_abbrev  0x000032e0      0x173 CMakeFiles/blink.dir/Users/willoliver/pico/pico-sdk/src/rp2_common/pico_float/float_init_rom_rp2040.c.o
 .debug_abbrev  0x00003453       0x12 CMakeFiles/blink.dir/Users/willoliver/pico/pico-sdk/src/rp2_common/pico_float/float_v1_rom_shim_rp2040.S.o
 .debug_abbrev  0x00003465       0x12 CMakeFiles/blink.dir/Users/willoliver/pico/pico-sdk/src/rp2_common/pico_mem_ops/mem_ops_aeabi.S.o
 .debug_abbrev  0x00003477       0xb8 CMakeFiles/blink.dir/Users/willoliver/pico/pico-sdk/src/rp2_common/pico_standard_binary_info/standard_binary_info.c.o
 .debug_abbrev  0x0000352f      0x50c CMakeFiles/blink.dir/Users/willoliver/pico/pico-sdk/src/rp2_common/pico_printf/printf.c.o
 .debug_abbrev  0x00003a3b       0x12 CMakeFiles/blink.dir/Users/willoliver/pico/pico-sdk/src/rp2_common/pico_crt0/crt0.S.o
 .debug_abbrev  0x00003a4d      0x352 CMakeFiles/blink.dir/Users/willoliver/pico/pico-sdk/src/rp2_common/pico_clib_interface/newlib_interface.c.o
 .debug_abbrev  0x00003d9f      0x5d9 CMakeFiles/blink.dir/Users/willoliver/pico/pico-sdk/src/rp2_common/pico_stdio/stdio.c.o
 .debug_abbrev  0x00004378       0x68 src/libpico_bootstrap_lib.a(clocks.c.o)
 .debug_abbrev  0x000043e0       0xde src/libpico_bootstrap_lib.a(gpio.c.o)
 .debug_abbrev  0x000044be       0x8f src/libpico_bootstrap_lib.a(resets.c.o)

.debug_aranges  0x00000000      0xd90
 .debug_aranges
                0x00000000       0x28 CMakeFiles/blink.dir/blink.c.o
 .debug_aranges
                0x00000028       0x28 CMakeFiles/blink.dir/Users/willoliver/pico/pico-sdk/src/rp2_common/pico_platform_panic/panic.c.o
 .debug_aranges
                0x00000050       0x48 CMakeFiles/blink.dir/Users/willoliver/pico/pico-sdk/src/common/hardware_claim/claim.c.o
 .debug_aranges
                0x00000098       0x48 CMakeFiles/blink.dir/Users/willoliver/pico/pico-sdk/src/rp2_common/hardware_sync/sync.c.o
 .debug_aranges
                0x000000e0       0x28 CMakeFiles/blink.dir/Users/willoliver/pico/pico-sdk/src/rp2_common/hardware_sync_spin_lock/sync_spin_lock.c.o
 .debug_aranges
                0x00000108       0xb8 CMakeFiles/blink.dir/Users/willoliver/pico/pico-sdk/src/rp2_common/hardware_irq/irq.c.o
 .debug_aranges
                0x000001c0       0x20 CMakeFiles/blink.dir/Users/willoliver/pico/pico-sdk/src/common/pico_sync/lock_core.c.o
 .debug_aranges
                0x000001e0       0x98 CMakeFiles/blink.dir/Users/willoliver/pico/pico-sdk/src/common/pico_sync/mutex.c.o
 .debug_aranges
                0x00000278       0xe0 CMakeFiles/blink.dir/Users/willoliver/pico/pico-sdk/src/common/pico_time/time.c.o
 .debug_aranges
                0x00000358       0xf0 CMakeFiles/blink.dir/Users/willoliver/pico/pico-sdk/src/rp2_common/hardware_timer/timer.c.o
 .debug_aranges
                0x00000448       0x90 CMakeFiles/blink.dir/Users/willoliver/pico/pico-sdk/src/rp2_common/hardware_clocks/clocks.c.o
 .debug_aranges
                0x000004d8       0x28 CMakeFiles/blink.dir/Users/willoliver/pico/pico-sdk/src/rp2_common/hardware_pll/pll.c.o
 .debug_aranges
                0x00000500       0x30 CMakeFiles/blink.dir/Users/willoliver/pico/pico-sdk/src/rp2_common/hardware_ticks/ticks.c.o
 .debug_aranges
                0x00000530       0x40 CMakeFiles/blink.dir/Users/willoliver/pico/pico-sdk/src/rp2_common/pico_bootrom/bootrom.c.o
 .debug_aranges
                0x00000570       0x30 CMakeFiles/blink.dir/Users/willoliver/pico/pico-sdk/src/rp2_common/hardware_xosc/xosc.c.o
 .debug_aranges
                0x000005a0       0x38 CMakeFiles/blink.dir/Users/willoliver/pico/pico-sdk/src/rp2_common/pico_runtime/runtime.c.o
 .debug_aranges
                0x000005d8       0x48 CMakeFiles/blink.dir/Users/willoliver/pico/pico-sdk/src/rp2_common/pico_runtime_init/runtime_init.c.o
 .debug_aranges
                0x00000620       0x20 CMakeFiles/blink.dir/Users/willoliver/pico/pico-sdk/src/rp2_common/pico_runtime_init/runtime_init_clocks.c.o
 .debug_aranges
                0x00000640       0x60 CMakeFiles/blink.dir/Users/willoliver/pico/pico-sdk/src/rp2_common/pico_bit_ops/bit_ops_aeabi.S.o
 .debug_aranges
                0x000006a0       0x40 CMakeFiles/blink.dir/Users/willoliver/pico/pico-sdk/src/rp2_common/pico_divider/divider_hardware.S.o
 .debug_aranges
                0x000006e0      0x150 CMakeFiles/blink.dir/Users/willoliver/pico/pico-sdk/src/rp2_common/pico_double/double_aeabi_rp2040.S.o
 .debug_aranges
                0x00000830       0x20 CMakeFiles/blink.dir/Users/willoliver/pico/pico-sdk/src/rp2_common/pico_double/double_init_rom_rp2040.c.o
 .debug_aranges
                0x00000850       0xc8 CMakeFiles/blink.dir/Users/willoliver/pico/pico-sdk/src/rp2_common/pico_double/double_v1_rom_shim_rp2040.S.o
 .debug_aranges
                0x00000918      0x138 CMakeFiles/blink.dir/Users/willoliver/pico/pico-sdk/src/rp2_common/pico_float/float_aeabi_rp2040.S.o
 .debug_aranges
                0x00000a50       0x20 CMakeFiles/blink.dir/Users/willoliver/pico/pico-sdk/src/rp2_common/pico_float/float_init_rom_rp2040.c.o
 .debug_aranges
                0x00000a70       0x50 CMakeFiles/blink.dir/Users/willoliver/pico/pico-sdk/src/rp2_common/pico_float/float_v1_rom_shim_rp2040.S.o
 .debug_aranges
                0x00000ac0       0x38 CMakeFiles/blink.dir/Users/willoliver/pico/pico-sdk/src/rp2_common/pico_mem_ops/mem_ops_aeabi.S.o
 .debug_aranges
                0x00000af8       0x18 CMakeFiles/blink.dir/Users/willoliver/pico/pico-sdk/src/rp2_common/pico_standard_binary_info/standard_binary_info.c.o
 .debug_aranges
                0x00000b10       0x90 CMakeFiles/blink.dir/Users/willoliver/pico/pico-sdk/src/rp2_common/pico_printf/printf.c.o
 .debug_aranges
                0x00000ba0       0x28 CMakeFiles/blink.dir/Users/willoliver/pico/pico-sdk/src/rp2_common/pico_crt0/crt0.S.o
 .debug_aranges
                0x00000bc8       0xa0 CMakeFiles/blink.dir/Users/willoliver/pico/pico-sdk/src/rp2_common/pico_clib_interface/newlib_interface.c.o
 .debug_aranges
                0x00000c68       0xc8 CMakeFiles/blink.dir/Users/willoliver/pico/pico-sdk/src/rp2_common/pico_stdio/stdio.c.o
 .debug_aranges
                0x00000d30       0x20 src/libpico_bootstrap_lib.a(clocks.c.o)
 .debug_aranges
                0x00000d50       0x20 src/libpico_bootstrap_lib.a(gpio.c.o)
 .debug_aranges
                0x00000d70       0x20 src/libpico_bootstrap_lib.a(resets.c.o)

.debug_rnglists
                0x00000000     0x2454
 .debug_rnglists
                0x00000000       0x19 CMakeFiles/blink.dir/blink.c.o
 .debug_rnglists
                0x00000019       0x19 CMakeFiles/blink.dir/Users/willoliver/pico/pico-sdk/src/rp2_common/pico_platform_panic/panic.c.o
 .debug_rnglists
                0x00000032       0xb6 CMakeFiles/blink.dir/Users/willoliver/pico/pico-sdk/src/common/hardware_claim/claim.c.o
 .debug_rnglists
                0x000000e8       0x58 CMakeFiles/blink.dir/Users/willoliver/pico/pico-sdk/src/rp2_common/hardware_sync/sync.c.o
 .debug_rnglists
                0x00000140       0x3d CMakeFiles/blink.dir/Users/willoliver/pico/pico-sdk/src/rp2_common/hardware_sync_spin_lock/sync_spin_lock.c.o
 .debug_rnglists
                0x0000017d      0x37d CMakeFiles/blink.dir/Users/willoliver/pico/pico-sdk/src/rp2_common/hardware_irq/irq.c.o
 .debug_rnglists
                0x000004fa       0x1f CMakeFiles/blink.dir/Users/willoliver/pico/pico-sdk/src/common/pico_sync/lock_core.c.o
 .debug_rnglists
                0x00000519      0x325 CMakeFiles/blink.dir/Users/willoliver/pico/pico-sdk/src/common/pico_sync/mutex.c.o
 .debug_rnglists
                0x0000083e      0x7e2 CMakeFiles/blink.dir/Users/willoliver/pico/pico-sdk/src/common/pico_time/time.c.o
 .debug_rnglists
                0x00001020      0x2c6 CMakeFiles/blink.dir/Users/willoliver/pico/pico-sdk/src/rp2_common/hardware_timer/timer.c.o
 .debug_rnglists
                0x000012e6      0x5af CMakeFiles/blink.dir/Users/willoliver/pico/pico-sdk/src/rp2_common/hardware_clocks/clocks.c.o
 .debug_rnglists
                0x00001895       0x5c CMakeFiles/blink.dir/Users/willoliver/pico/pico-sdk/src/rp2_common/hardware_pll/pll.c.o
 .debug_rnglists
                0x000018f1       0x2b CMakeFiles/blink.dir/Users/willoliver/pico/pico-sdk/src/rp2_common/hardware_ticks/ticks.c.o
 .debug_rnglists
                0x0000191c      0x112 CMakeFiles/blink.dir/Users/willoliver/pico/pico-sdk/src/rp2_common/pico_bootrom/bootrom.c.o
 .debug_rnglists
                0x00001a2e       0x1f CMakeFiles/blink.dir/Users/willoliver/pico/pico-sdk/src/rp2_common/hardware_xosc/xosc.c.o
 .debug_rnglists
                0x00001a4d       0x3d CMakeFiles/blink.dir/Users/willoliver/pico/pico-sdk/src/rp2_common/pico_runtime/runtime.c.o
 .debug_rnglists
                0x00001a8a       0x49 CMakeFiles/blink.dir/Users/willoliver/pico/pico-sdk/src/rp2_common/pico_runtime_init/runtime_init.c.o
 .debug_rnglists
                0x00001ad3       0x20 CMakeFiles/blink.dir/Users/willoliver/pico/pico-sdk/src/rp2_common/pico_runtime_init/runtime_init_clocks.c.o
 .debug_rnglists
                0x00001af3       0x43 CMakeFiles/blink.dir/Users/willoliver/pico/pico-sdk/src/rp2_common/pico_bit_ops/bit_ops_aeabi.S.o
 .debug_rnglists
                0x00001b36       0x2c CMakeFiles/blink.dir/Users/willoliver/pico/pico-sdk/src/rp2_common/pico_divider/divider_hardware.S.o
 .debug_rnglists
                0x00001b62       0xf9 CMakeFiles/blink.dir/Users/willoliver/pico/pico-sdk/src/rp2_common/pico_double/double_aeabi_rp2040.S.o
 .debug_rnglists
                0x00001c5b       0x14 CMakeFiles/blink.dir/Users/willoliver/pico/pico-sdk/src/rp2_common/pico_double/double_init_rom_rp2040.c.o
 .debug_rnglists
                0x00001c6f       0x99 CMakeFiles/blink.dir/Users/willoliver/pico/pico-sdk/src/rp2_common/pico_double/double_v1_rom_shim_rp2040.S.o
 .debug_rnglists
                0x00001d08       0xe5 CMakeFiles/blink.dir/Users/willoliver/pico/pico-sdk/src/rp2_common/pico_float/float_aeabi_rp2040.S.o
 .debug_rnglists
                0x00001ded       0x13 CMakeFiles/blink.dir/Users/willoliver/pico/pico-sdk/src/rp2_common/pico_float/float_init_rom_rp2040.c.o
 .debug_rnglists
                0x00001e00       0x38 CMakeFiles/blink.dir/Users/willoliver/pico/pico-sdk/src/rp2_common/pico_float/float_v1_rom_shim_rp2040.S.o
 .debug_rnglists
                0x00001e38       0x25 CMakeFiles/blink.dir/Users/willoliver/pico/pico-sdk/src/rp2_common/pico_mem_ops/mem_ops_aeabi.S.o
 .debug_rnglists
                0x00001e5d      0x2a2 CMakeFiles/blink.dir/Users/willoliver/pico/pico-sdk/src/rp2_common/pico_printf/printf.c.o
 .debug_rnglists
                0x000020ff       0x1b CMakeFiles/blink.dir/Users/willoliver/pico/pico-sdk/src/rp2_common/pico_crt0/crt0.S.o
 .debug_rnglists
                0x0000211a       0x7f CMakeFiles/blink.dir/Users/willoliver/pico/pico-sdk/src/rp2_common/pico_clib_interface/newlib_interface.c.o
 .debug_rnglists
                0x00002199      0x2bb CMakeFiles/blink.dir/Users/willoliver/pico/pico-sdk/src/rp2_common/pico_stdio/stdio.c.o

.debug_line     0x00000000    0x13b42
 .debug_line    0x00000000      0x1f8 CMakeFiles/blink.dir/blink.c.o
 .debug_line    0x000001f8      0x29c CMakeFiles/blink.dir/Users/willoliver/pico/pico-sdk/src/rp2_common/pico_platform_panic/panic.c.o
 .debug_line    0x00000494      0x8ee CMakeFiles/blink.dir/Users/willoliver/pico/pico-sdk/src/common/hardware_claim/claim.c.o
 .debug_line    0x00000d82      0x4d8 CMakeFiles/blink.dir/Users/willoliver/pico/pico-sdk/src/rp2_common/hardware_sync/sync.c.o
 .debug_line    0x0000125a      0x3bd CMakeFiles/blink.dir/Users/willoliver/pico/pico-sdk/src/rp2_common/hardware_sync_spin_lock/sync_spin_lock.c.o
 .debug_line    0x00001617     0x1769 CMakeFiles/blink.dir/Users/willoliver/pico/pico-sdk/src/rp2_common/hardware_irq/irq.c.o
 .debug_line    0x00002d80      0x2e8 CMakeFiles/blink.dir/Users/willoliver/pico/pico-sdk/src/common/pico_sync/lock_core.c.o
 .debug_line    0x00003068     0x1b39 CMakeFiles/blink.dir/Users/willoliver/pico/pico-sdk/src/common/pico_sync/mutex.c.o
 .debug_line    0x00004ba1     0x3547 CMakeFiles/blink.dir/Users/willoliver/pico/pico-sdk/src/common/pico_time/time.c.o
 .debug_line    0x000080e8     0x1d07 CMakeFiles/blink.dir/Users/willoliver/pico/pico-sdk/src/rp2_common/hardware_timer/timer.c.o
 .debug_line    0x00009def     0x2100 CMakeFiles/blink.dir/Users/willoliver/pico/pico-sdk/src/rp2_common/hardware_clocks/clocks.c.o
 .debug_line    0x0000beef      0x4fd CMakeFiles/blink.dir/Users/willoliver/pico/pico-sdk/src/rp2_common/hardware_pll/pll.c.o
 .debug_line    0x0000c3ec      0x347 CMakeFiles/blink.dir/Users/willoliver/pico/pico-sdk/src/rp2_common/hardware_ticks/ticks.c.o
 .debug_line    0x0000c733      0x46c CMakeFiles/blink.dir/Users/willoliver/pico/pico-sdk/src/rp2_common/pico_bootrom/bootrom.c.o
 .debug_line    0x0000cb9f      0x350 CMakeFiles/blink.dir/Users/willoliver/pico/pico-sdk/src/rp2_common/hardware_xosc/xosc.c.o
 .debug_line    0x0000ceef      0x31f CMakeFiles/blink.dir/Users/willoliver/pico/pico-sdk/src/rp2_common/pico_runtime/runtime.c.o
 .debug_line    0x0000d20e      0x53f CMakeFiles/blink.dir/Users/willoliver/pico/pico-sdk/src/rp2_common/pico_runtime_init/runtime_init.c.o
 .debug_line    0x0000d74d      0x55d CMakeFiles/blink.dir/Users/willoliver/pico/pico-sdk/src/rp2_common/pico_runtime_init/runtime_init_clocks.c.o
 .debug_line    0x0000dcaa      0x107 CMakeFiles/blink.dir/Users/willoliver/pico/pico-sdk/src/rp2_common/pico_bit_ops/bit_ops_aeabi.S.o
 .debug_line    0x0000ddb1      0x2a9 CMakeFiles/blink.dir/Users/willoliver/pico/pico-sdk/src/rp2_common/pico_divider/divider_hardware.S.o
 .debug_line    0x0000e05a      0x452 CMakeFiles/blink.dir/Users/willoliver/pico/pico-sdk/src/rp2_common/pico_double/double_aeabi_rp2040.S.o
 .debug_line    0x0000e4ac      0x4ab CMakeFiles/blink.dir/Users/willoliver/pico/pico-sdk/src/rp2_common/pico_double/double_init_rom_rp2040.c.o
 .debug_line    0x0000e957      0x66d CMakeFiles/blink.dir/Users/willoliver/pico/pico-sdk/src/rp2_common/pico_double/double_v1_rom_shim_rp2040.S.o
 .debug_line    0x0000efc4      0x3d2 CMakeFiles/blink.dir/Users/willoliver/pico/pico-sdk/src/rp2_common/pico_float/float_aeabi_rp2040.S.o
 .debug_line    0x0000f396      0x3c0 CMakeFiles/blink.dir/Users/willoliver/pico/pico-sdk/src/rp2_common/pico_float/float_init_rom_rp2040.c.o
 .debug_line    0x0000f756      0x195 CMakeFiles/blink.dir/Users/willoliver/pico/pico-sdk/src/rp2_common/pico_float/float_v1_rom_shim_rp2040.S.o
 .debug_line    0x0000f8eb       0x94 CMakeFiles/blink.dir/Users/willoliver/pico/pico-sdk/src/rp2_common/pico_mem_ops/mem_ops_aeabi.S.o
 .debug_line    0x0000f97f      0x1fe CMakeFiles/blink.dir/Users/willoliver/pico/pico-sdk/src/rp2_common/pico_standard_binary_info/standard_binary_info.c.o
 .debug_line    0x0000fb7d     0x1d33 CMakeFiles/blink.dir/Users/willoliver/pico/pico-sdk/src/rp2_common/pico_printf/printf.c.o
 .debug_line    0x000118b0       0xa5 CMakeFiles/blink.dir/Users/willoliver/pico/pico-sdk/src/rp2_common/pico_crt0/crt0.S.o
 .debug_line    0x00011955      0x870 CMakeFiles/blink.dir/Users/willoliver/pico/pico-sdk/src/rp2_common/pico_clib_interface/newlib_interface.c.o
 .debug_line    0x000121c5     0x14da CMakeFiles/blink.dir/Users/willoliver/pico/pico-sdk/src/rp2_common/pico_stdio/stdio.c.o
 .debug_line    0x0001369f      0x13e src/libpico_bootstrap_lib.a(clocks.c.o)
 .debug_line    0x000137dd      0x1eb src/libpico_bootstrap_lib.a(gpio.c.o)
 .debug_line    0x000139c8      0x17a src/libpico_bootstrap_lib.a(resets.c.o)

.debug_str      0x00000000     0x3d9c
 .debug_str     0x00000000     0x3d9c CMakeFiles/blink.dir/blink.c.o
                                0x1fb (size before relaxing)
 .debug_str     0x00003d9c      0x1f3 CMakeFiles/blink.dir/Users/willoliver/pico/pico-sdk/src/rp2_common/pico_platform_panic/panic.c.o
 .debug_str     0x00003d9c      0x376 CMakeFiles/blink.dir/Users/willoliver/pico/pico-sdk/src/common/hardware_claim/claim.c.o
 .debug_str     0x00003d9c      0x31f CMakeFiles/blink.dir/Users/willoliver/pico/pico-sdk/src/rp2_common/hardware_sync/sync.c.o
 .debug_str     0x00003d9c      0x232 CMakeFiles/blink.dir/Users/willoliver/pico/pico-sdk/src/rp2_common/hardware_sync_spin_lock/sync_spin_lock.c.o
 .debug_str     0x00003d9c      0xa66 CMakeFiles/blink.dir/Users/willoliver/pico/pico-sdk/src/rp2_common/hardware_irq/irq.c.o
 .debug_str     0x00003d9c      0x1fe CMakeFiles/blink.dir/Users/willoliver/pico/pico-sdk/src/common/pico_sync/lock_core.c.o
 .debug_str     0x00003d9c      0x791 CMakeFiles/blink.dir/Users/willoliver/pico/pico-sdk/src/common/pico_sync/mutex.c.o
 .debug_str     0x00003d9c     0x1187 CMakeFiles/blink.dir/Users/willoliver/pico/pico-sdk/src/common/pico_time/time.c.o
 .debug_str     0x00003d9c      0x9d9 CMakeFiles/blink.dir/Users/willoliver/pico/pico-sdk/src/rp2_common/hardware_timer/timer.c.o
 .debug_str     0x00003d9c      0x98e CMakeFiles/blink.dir/Users/willoliver/pico/pico-sdk/src/rp2_common/hardware_clocks/clocks.c.o
 .debug_str     0x00003d9c      0x451 CMakeFiles/blink.dir/Users/willoliver/pico/pico-sdk/src/rp2_common/hardware_pll/pll.c.o
 .debug_str     0x00003d9c      0x280 CMakeFiles/blink.dir/Users/willoliver/pico/pico-sdk/src/rp2_common/hardware_ticks/ticks.c.o
 .debug_str     0x00003d9c      0x345 CMakeFiles/blink.dir/Users/willoliver/pico/pico-sdk/src/rp2_common/pico_bootrom/bootrom.c.o
 .debug_str     0x00003d9c      0x235 CMakeFiles/blink.dir/Users/willoliver/pico/pico-sdk/src/rp2_common/hardware_xosc/xosc.c.o
 .debug_str     0x00003d9c      0x285 CMakeFiles/blink.dir/Users/willoliver/pico/pico-sdk/src/rp2_common/pico_runtime/runtime.c.o
 .debug_str     0x00003d9c      0x779 CMakeFiles/blink.dir/Users/willoliver/pico/pico-sdk/src/rp2_common/pico_runtime_init/runtime_init.c.o
 .debug_str     0x00003d9c      0x48d CMakeFiles/blink.dir/Users/willoliver/pico/pico-sdk/src/rp2_common/pico_runtime_init/runtime_init_clocks.c.o
 .debug_str     0x00003d9c       0x7d CMakeFiles/blink.dir/Users/willoliver/pico/pico-sdk/src/rp2_common/pico_bit_ops/bit_ops_aeabi.S.o
 .debug_str     0x00003d9c       0x80 CMakeFiles/blink.dir/Users/willoliver/pico/pico-sdk/src/rp2_common/pico_divider/divider_hardware.S.o
 .debug_str     0x00003d9c       0x82 CMakeFiles/blink.dir/Users/willoliver/pico/pico-sdk/src/rp2_common/pico_double/double_aeabi_rp2040.S.o
 .debug_str     0x00003d9c      0x2ae CMakeFiles/blink.dir/Users/willoliver/pico/pico-sdk/src/rp2_common/pico_double/double_init_rom_rp2040.c.o
 .debug_str     0x00003d9c       0x88 CMakeFiles/blink.dir/Users/willoliver/pico/pico-sdk/src/rp2_common/pico_double/double_v1_rom_shim_rp2040.S.o
 .debug_str     0x00003d9c       0x80 CMakeFiles/blink.dir/Users/willoliver/pico/pico-sdk/src/rp2_common/pico_float/float_aeabi_rp2040.S.o
 .debug_str     0x00003d9c      0x293 CMakeFiles/blink.dir/Users/willoliver/pico/pico-sdk/src/rp2_common/pico_float/float_init_rom_rp2040.c.o
 .debug_str     0x00003d9c       0x86 CMakeFiles/blink.dir/Users/willoliver/pico/pico-sdk/src/rp2_common/pico_float/float_v1_rom_shim_rp2040.S.o
 .debug_str     0x00003d9c       0x7d CMakeFiles/blink.dir/Users/willoliver/pico/pico-sdk/src/rp2_common/pico_mem_ops/mem_ops_aeabi.S.o
 .debug_str     0x00003d9c      0x3f4 CMakeFiles/blink.dir/Users/willoliver/pico/pico-sdk/src/rp2_common/pico_standard_binary_info/standard_binary_info.c.o
 .debug_str     0x00003d9c      0x4d7 CMakeFiles/blink.dir/Users/willoliver/pico/pico-sdk/src/rp2_common/pico_printf/printf.c.o
 .debug_str     0x00003d9c       0x71 CMakeFiles/blink.dir/Users/willoliver/pico/pico-sdk/src/rp2_common/pico_crt0/crt0.S.o
 .debug_str     0x00003d9c      0x713 CMakeFiles/blink.dir/Users/willoliver/pico/pico-sdk/src/rp2_common/pico_clib_interface/newlib_interface.c.o
 .debug_str     0x00003d9c      0xd6e CMakeFiles/blink.dir/Users/willoliver/pico/pico-sdk/src/rp2_common/pico_stdio/stdio.c.o
 .debug_str     0x00003d9c      0x170 src/libpico_bootstrap_lib.a(clocks.c.o)
 .debug_str     0x00003d9c      0x231 src/libpico_bootstrap_lib.a(gpio.c.o)
 .debug_str     0x00003d9c      0x196 src/libpico_bootstrap_lib.a(resets.c.o)

.debug_frame    0x00000000     0x1734
 .debug_frame   0x00000000       0x40 CMakeFiles/blink.dir/blink.c.o
 .debug_frame   0x00000040       0x44 CMakeFiles/blink.dir/Users/willoliver/pico/pico-sdk/src/rp2_common/pico_platform_panic/panic.c.o
 .debug_frame   0x00000084       0xa0 CMakeFiles/blink.dir/Users/willoliver/pico/pico-sdk/src/common/hardware_claim/claim.c.o
 .debug_frame   0x00000124       0xa8 CMakeFiles/blink.dir/Users/willoliver/pico/pico-sdk/src/rp2_common/hardware_sync/sync.c.o
 .debug_frame   0x000001cc       0x30 CMakeFiles/blink.dir/Users/willoliver/pico/pico-sdk/src/rp2_common/hardware_sync_spin_lock/sync_spin_lock.c.o
 .debug_frame   0x000001fc      0x1cc CMakeFiles/blink.dir/Users/willoliver/pico/pico-sdk/src/rp2_common/hardware_irq/irq.c.o
 .debug_frame   0x000003c8       0x20 CMakeFiles/blink.dir/Users/willoliver/pico/pico-sdk/src/common/pico_sync/lock_core.c.o
 .debug_frame   0x000003e8      0x1e8 CMakeFiles/blink.dir/Users/willoliver/pico/pico-sdk/src/common/pico_sync/mutex.c.o
 .debug_frame   0x000005d0      0x2ec CMakeFiles/blink.dir/Users/willoliver/pico/pico-sdk/src/common/pico_time/time.c.o
 .debug_frame   0x000008bc      0x2c4 CMakeFiles/blink.dir/Users/willoliver/pico/pico-sdk/src/rp2_common/hardware_timer/timer.c.o
 .debug_frame   0x00000b80      0x1f4 CMakeFiles/blink.dir/Users/willoliver/pico/pico-sdk/src/rp2_common/hardware_clocks/clocks.c.o
 .debug_frame   0x00000d74       0x40 CMakeFiles/blink.dir/Users/willoliver/pico/pico-sdk/src/rp2_common/hardware_pll/pll.c.o
 .debug_frame   0x00000db4       0x40 CMakeFiles/blink.dir/Users/willoliver/pico/pico-sdk/src/rp2_common/hardware_ticks/ticks.c.o
 .debug_frame   0x00000df4       0xa0 CMakeFiles/blink.dir/Users/willoliver/pico/pico-sdk/src/rp2_common/pico_bootrom/bootrom.c.o
 .debug_frame   0x00000e94       0x40 CMakeFiles/blink.dir/Users/willoliver/pico/pico-sdk/src/rp2_common/hardware_xosc/xosc.c.o
 .debug_frame   0x00000ed4       0x70 CMakeFiles/blink.dir/Users/willoliver/pico/pico-sdk/src/rp2_common/pico_runtime/runtime.c.o
 .debug_frame   0x00000f44       0x84 CMakeFiles/blink.dir/Users/willoliver/pico/pico-sdk/src/rp2_common/pico_runtime_init/runtime_init.c.o
 .debug_frame   0x00000fc8       0x2c CMakeFiles/blink.dir/Users/willoliver/pico/pico-sdk/src/rp2_common/pico_runtime_init/runtime_init_clocks.c.o
 .debug_frame   0x00000ff4       0x2c CMakeFiles/blink.dir/Users/willoliver/pico/pico-sdk/src/rp2_common/pico_double/double_init_rom_rp2040.c.o
 .debug_frame   0x00001020       0x28 CMakeFiles/blink.dir/Users/willoliver/pico/pico-sdk/src/rp2_common/pico_float/float_init_rom_rp2040.c.o
 .debug_frame   0x00001048      0x1f0 CMakeFiles/blink.dir/Users/willoliver/pico/pico-sdk/src/rp2_common/pico_printf/printf.c.o
 .debug_frame   0x00001238      0x174 CMakeFiles/blink.dir/Users/willoliver/pico/pico-sdk/src/rp2_common/pico_clib_interface/newlib_interface.c.o
 .debug_frame   0x000013ac      0x2a8 CMakeFiles/blink.dir/Users/willoliver/pico/pico-sdk/src/rp2_common/pico_stdio/stdio.c.o
 .debug_frame   0x00001654       0x28 src/libpico_bootstrap_lib.a(clocks.c.o)
 .debug_frame   0x0000167c       0x70 src/libpico_bootstrap_lib.a(gpio.c.o)
 .debug_frame   0x000016ec       0x20 src/libpico_bootstrap_lib.a(resets.c.o)
 .debug_frame   0x0000170c       0x28 /Applications/ArmGNUToolchain/14.2.rel1/arm-none-eabi/bin/../lib/gcc/arm-none-eabi/14.2.1/../../../../arm-none-eabi/lib/thumb/v6-m/nofp/libg.a(libc_a-strlen-stub.o)

.debug_loclists
                0x00000000     0xe0bc
 .debug_loclists
                0x00000000      0x349 CMakeFiles/blink.dir/Users/willoliver/pico/pico-sdk/src/common/hardware_claim/claim.c.o
 .debug_loclists
                0x00000349      0x108 CMakeFiles/blink.dir/Users/willoliver/pico/pico-sdk/src/rp2_common/hardware_sync/sync.c.o
 .debug_loclists
                0x00000451       0x7d CMakeFiles/blink.dir/Users/willoliver/pico/pico-sdk/src/rp2_common/hardware_sync_spin_lock/sync_spin_lock.c.o
 .debug_loclists
                0x000004ce     0x11ed CMakeFiles/blink.dir/Users/willoliver/pico/pico-sdk/src/rp2_common/hardware_irq/irq.c.o
 .debug_loclists
                0x000016bb       0x41 CMakeFiles/blink.dir/Users/willoliver/pico/pico-sdk/src/common/pico_sync/lock_core.c.o
 .debug_loclists
                0x000016fc      0xaec CMakeFiles/blink.dir/Users/willoliver/pico/pico-sdk/src/common/pico_sync/mutex.c.o
 .debug_loclists
                0x000021e8     0x27d7 CMakeFiles/blink.dir/Users/willoliver/pico/pico-sdk/src/common/pico_time/time.c.o
 .debug_loclists
                0x000049bf     0x19f6 CMakeFiles/blink.dir/Users/willoliver/pico/pico-sdk/src/rp2_common/hardware_timer/timer.c.o
 .debug_loclists
                0x000063b5     0x2b6f CMakeFiles/blink.dir/Users/willoliver/pico/pico-sdk/src/rp2_common/hardware_clocks/clocks.c.o
 .debug_loclists
                0x00008f24      0x1e0 CMakeFiles/blink.dir/Users/willoliver/pico/pico-sdk/src/rp2_common/hardware_pll/pll.c.o
 .debug_loclists
                0x00009104       0x47 CMakeFiles/blink.dir/Users/willoliver/pico/pico-sdk/src/rp2_common/hardware_ticks/ticks.c.o
 .debug_loclists
                0x0000914b      0x351 CMakeFiles/blink.dir/Users/willoliver/pico/pico-sdk/src/rp2_common/pico_bootrom/bootrom.c.o
 .debug_loclists
                0x0000949c       0x48 CMakeFiles/blink.dir/Users/willoliver/pico/pico-sdk/src/rp2_common/hardware_xosc/xosc.c.o
 .debug_loclists
                0x000094e4       0x7e CMakeFiles/blink.dir/Users/willoliver/pico/pico-sdk/src/rp2_common/pico_runtime/runtime.c.o
 .debug_loclists
                0x00009562       0xba CMakeFiles/blink.dir/Users/willoliver/pico/pico-sdk/src/rp2_common/pico_runtime_init/runtime_init.c.o
 .debug_loclists
                0x0000961c       0x74 CMakeFiles/blink.dir/Users/willoliver/pico/pico-sdk/src/rp2_common/pico_runtime_init/runtime_init_clocks.c.o
 .debug_loclists
                0x00009690       0x3d CMakeFiles/blink.dir/Users/willoliver/pico/pico-sdk/src/rp2_common/pico_double/double_init_rom_rp2040.c.o
 .debug_loclists
                0x000096cd       0x59 CMakeFiles/blink.dir/Users/willoliver/pico/pico-sdk/src/rp2_common/pico_float/float_init_rom_rp2040.c.o
 .debug_loclists
                0x00009726     0x355f CMakeFiles/blink.dir/Users/willoliver/pico/pico-sdk/src/rp2_common/pico_printf/printf.c.o
 .debug_loclists
                0x0000cc85      0x431 CMakeFiles/blink.dir/Users/willoliver/pico/pico-sdk/src/rp2_common/pico_clib_interface/newlib_interface.c.o
 .debug_loclists
                0x0000d0b6      0xf51 CMakeFiles/blink.dir/Users/willoliver/pico/pico-sdk/src/rp2_common/pico_stdio/stdio.c.o
 .debug_loclists
                0x0000e007       0x46 src/libpico_bootstrap_lib.a(clocks.c.o)
 .debug_loclists
                0x0000e04d       0x54 src/libpico_bootstrap_lib.a(gpio.c.o)
 .debug_loclists
                0x0000e0a1       0x1b src/libpico_bootstrap_lib.a(resets.c.o)

.debug_line_str
                0x00000000      0x2f3
 .debug_line_str
                0x00000000      0x2f3 CMakeFiles/blink.dir/Users/willoliver/pico/pico-sdk/src/rp2_common/pico_bit_ops/bit_ops_aeabi.S.o
                                 0x6f (size before relaxing)
 .debug_line_str
                0x000002f3       0x72 CMakeFiles/blink.dir/Users/willoliver/pico/pico-sdk/src/rp2_common/pico_divider/divider_hardware.S.o
 .debug_line_str
                0x000002f3       0x74 CMakeFiles/blink.dir/Users/willoliver/pico/pico-sdk/src/rp2_common/pico_double/double_aeabi_rp2040.S.o
 .debug_line_str
                0x000002f3       0x7a CMakeFiles/blink.dir/Users/willoliver/pico/pico-sdk/src/rp2_common/pico_double/double_v1_rom_shim_rp2040.S.o
 .debug_line_str
                0x000002f3       0x72 CMakeFiles/blink.dir/Users/willoliver/pico/pico-sdk/src/rp2_common/pico_float/float_aeabi_rp2040.S.o
 .debug_line_str
                0x000002f3       0x78 CMakeFiles/blink.dir/Users/willoliver/pico/pico-sdk/src/rp2_common/pico_float/float_v1_rom_shim_rp2040.S.o
 .debug_line_str
                0x000002f3       0x6f CMakeFiles/blink.dir/Users/willoliver/pico/pico-sdk/src/rp2_common/pico_mem_ops/mem_ops_aeabi.S.o
 .debug_line_str
                0x000002f3       0x63 CMakeFiles/blink.dir/Users/willoliver/pico/pico-sdk/src/rp2_common/pico_crt0/crt0.S.o
 .debug_line_str
                0x000002f3       0xd2 /Applications/ArmGNUToolchain/14.2.rel1/arm-none-eabi/bin/../lib/gcc/arm-none-eabi/14.2.1/thumb/v6-m/nofp/libgcc.a(_dvmd_tls.o)
