Archive member included to satisfy reference by file (symbol)

/Applications/ArmGNUToolchain/14.2.rel1/arm-none-eabi/bin/../lib/gcc/arm-none-eabi/14.2.1/thumb/v6-m/nofp/libgcc.a(_dvmd_tls.o)
                              CMakeFiles/blink.dir/Users/willoliver/pico/pico-sdk/src/rp2_common/pico_divider/divider_hardware.S.o (__aeabi_idiv0)
/Applications/ArmGNUToolchain/14.2.rel1/arm-none-eabi/bin/../lib/gcc/arm-none-eabi/14.2.1/../../../../arm-none-eabi/lib/thumb/v6-m/nofp/libg.a(libc_a-calloc.o)
                              CMakeFiles/blink.dir/Users/willoliver/pico/pico-sdk/src/rp2_common/pico_malloc/malloc.c.o (calloc)
/Applications/ArmGNUToolchain/14.2.rel1/arm-none-eabi/bin/../lib/gcc/arm-none-eabi/14.2.1/../../../../arm-none-eabi/lib/thumb/v6-m/nofp/libg.a(libc_a-callocr.o)
                              /Applications/ArmGNUToolchain/14.2.rel1/arm-none-eabi/bin/../lib/gcc/arm-none-eabi/14.2.1/../../../../arm-none-eabi/lib/thumb/v6-m/nofp/libg.a(libc_a-calloc.o) (_calloc_r)
/Applications/ArmGNUToolchain/14.2.rel1/arm-none-eabi/bin/../lib/gcc/arm-none-eabi/14.2.1/../../../../arm-none-eabi/lib/thumb/v6-m/nofp/libg.a(libc_a-malloc.o)
                              CMakeFiles/blink.dir/Users/willoliver/pico/pico-sdk/src/rp2_common/pico_malloc/malloc.c.o (malloc)
/Applications/ArmGNUToolchain/14.2.rel1/arm-none-eabi/bin/../lib/gcc/arm-none-eabi/14.2.1/../../../../arm-none-eabi/lib/thumb/v6-m/nofp/libg.a(libc_a-mallocr.o)
                              /Applications/ArmGNUToolchain/14.2.rel1/arm-none-eabi/bin/../lib/gcc/arm-none-eabi/14.2.1/../../../../arm-none-eabi/lib/thumb/v6-m/nofp/libg.a(libc_a-callocr.o) (_malloc_r)
/Applications/ArmGNUToolchain/14.2.rel1/arm-none-eabi/bin/../lib/gcc/arm-none-eabi/14.2.1/../../../../arm-none-eabi/lib/thumb/v6-m/nofp/libg.a(libc_a-mlock.o)
                              /Applications/ArmGNUToolchain/14.2.rel1/arm-none-eabi/bin/../lib/gcc/arm-none-eabi/14.2.1/../../../../arm-none-eabi/lib/thumb/v6-m/nofp/libg.a(libc_a-mallocr.o) (__malloc_lock)
/Applications/ArmGNUToolchain/14.2.rel1/arm-none-eabi/bin/../lib/gcc/arm-none-eabi/14.2.1/../../../../arm-none-eabi/lib/thumb/v6-m/nofp/libg.a(libc_a-realloc.o)
                              CMakeFiles/blink.dir/Users/willoliver/pico/pico-sdk/src/rp2_common/pico_malloc/malloc.c.o (realloc)
/Applications/ArmGNUToolchain/14.2.rel1/arm-none-eabi/bin/../lib/gcc/arm-none-eabi/14.2.1/../../../../arm-none-eabi/lib/thumb/v6-m/nofp/libg.a(libc_a-reallocr.o)
                              /Applications/ArmGNUToolchain/14.2.rel1/arm-none-eabi/bin/../lib/gcc/arm-none-eabi/14.2.1/../../../../arm-none-eabi/lib/thumb/v6-m/nofp/libg.a(libc_a-realloc.o) (_realloc_r)
/Applications/ArmGNUToolchain/14.2.rel1/arm-none-eabi/bin/../lib/gcc/arm-none-eabi/14.2.1/../../../../arm-none-eabi/lib/thumb/v6-m/nofp/libg.a(libc_a-memcmp.o)
                              CMakeFiles/blink.dir/Users/willoliver/pico/pico-sdk/src/rp2_common/pico_atomic/atomic.c.o (memcmp)
/Applications/ArmGNUToolchain/14.2.rel1/arm-none-eabi/bin/../lib/gcc/arm-none-eabi/14.2.1/../../../../arm-none-eabi/lib/thumb/v6-m/nofp/libg.a(libc_a-memmove.o)
                              /Applications/ArmGNUToolchain/14.2.rel1/arm-none-eabi/bin/../lib/gcc/arm-none-eabi/14.2.1/../../../../arm-none-eabi/lib/thumb/v6-m/nofp/libg.a(libc_a-reallocr.o) (memmove)
/Applications/ArmGNUToolchain/14.2.rel1/arm-none-eabi/bin/../lib/gcc/arm-none-eabi/14.2.1/../../../../arm-none-eabi/lib/thumb/v6-m/nofp/libg.a(libc_a-lcltime_r.o)
                              CMakeFiles/blink.dir/Users/willoliver/pico/pico-sdk/src/common/pico_util/datetime.c.o (localtime_r)
/Applications/ArmGNUToolchain/14.2.rel1/arm-none-eabi/bin/../lib/gcc/arm-none-eabi/14.2.1/../../../../arm-none-eabi/lib/thumb/v6-m/nofp/libg.a(libc_a-mktime.o)
                              CMakeFiles/blink.dir/Users/willoliver/pico/pico-sdk/src/common/pico_util/datetime.c.o (mktime)
/Applications/ArmGNUToolchain/14.2.rel1/arm-none-eabi/bin/../lib/gcc/arm-none-eabi/14.2.1/../../../../arm-none-eabi/lib/thumb/v6-m/nofp/libg.a(libc_a-month_lengths.o)
                              /Applications/ArmGNUToolchain/14.2.rel1/arm-none-eabi/bin/../lib/gcc/arm-none-eabi/14.2.1/../../../../arm-none-eabi/lib/thumb/v6-m/nofp/libg.a(libc_a-lcltime_r.o) (__month_lengths)
/Applications/ArmGNUToolchain/14.2.rel1/arm-none-eabi/bin/../lib/gcc/arm-none-eabi/14.2.1/../../../../arm-none-eabi/lib/thumb/v6-m/nofp/libg.a(libc_a-tzcalc_limits.o)
                              /Applications/ArmGNUToolchain/14.2.rel1/arm-none-eabi/bin/../lib/gcc/arm-none-eabi/14.2.1/../../../../arm-none-eabi/lib/thumb/v6-m/nofp/libg.a(libc_a-lcltime_r.o) (__tzcalc_limits)
/Applications/ArmGNUToolchain/14.2.rel1/arm-none-eabi/bin/../lib/gcc/arm-none-eabi/14.2.1/../../../../arm-none-eabi/lib/thumb/v6-m/nofp/libg.a(libc_a-tzlock.o)
[...]
Memory Configuration

Name             Origin             Length             Attributes
FLASH            0x10000000         0x00200000         xr
RAM              0x20000000         0x00040000         xrw
SCRATCH_X        0x20040000         0x00001000         xrw
SCRATCH_Y        0x20041000         0x00001000         xrw
*default*        0x00000000         0xffffffff

Linker script and memory map

LOAD /Applications/ArmGNUToolchain/14.2.rel1/arm-none-eabi/bin/../lib/gcc/arm-none-eabi/14.2.1/thumb/v6-m/nofp/crti.o
LOAD /Applications/ArmGNUToolchain/14.2.rel1/arm-none-eabi/bin/../lib/gcc/arm-none-eabi/14.2.1/thumb/v6-m/nofp/crtbegin.o
LOAD /Applications/ArmGNUToolchain/14.2.rel1/arm-none-eabi/bin/../lib/gcc/arm-none-eabi/14.2.1/../../../../arm-none-eabi/lib/thumb/v6-m/nofp/crt0.o

.flash_begin    0x10000000        0x0
                0x10000000                        __flash_binary_start = .

.boot2          0x10000000      0x100
                0x10000000                        __boot2_start__ = .
 *(.boot2)
 .boot2         0x10000000      0x100 pico-sdk/src/rp2040/boot_stage2/CMakeFiles/bs2_default_library.dir/bs2_default_padded_checksummed.S.o
                0x10000100                        __boot2_end__ = .
                0x00000001                        ASSERT (((__boot2_end__ - __boot2_start__) == 0x100), ERROR: Pico second stage bootloader must be 256 bytes in size)

.text           0x10000100     0x159c
                0x10000100                        __logical_binary_start = .
 *(.vectors)
 .vectors       0x10000100       0xd4 CMakeFiles/blink.dir/Users/willoliver/pico/pico-sdk/src/rp2_common/pico_crt0/crt0.S.o
                0x10000100                __VECTOR_TABLE
                0x10000100                __vectors
                0x100001c0                __default_isrs_start
                0x100001c0                isr_invalid
                0x100001c2                isr_nmi
                0x100001c4                isr_hardfault
                0x100001c6                isr_svcall
                0x100001c8                isr_pendsv
                0x100001ca                isr_systick
                0x100001cc                isr_irq28
                0x100001cc                isr_irq19
                0x100001cc                isr_irq0
                0x100001cc                isr_irq6
                0x100001cc                isr_irq22
                0x100001cc                isr_irq17
                0x100001cc                isr_irq14
                0x100001cc                isr_irq2
                0x100001cc                isr_irq10
                0x100001cc                isr_irq8
                0x100001cc                isr_irq24
                0x100001cc                isr_irq1
                0x100001cc                isr_irq7
                0x100001cc                isr_irq21
                0x100001cc                isr_irq20
                0x100001cc                isr_irq15
                0x100001cc                isr_irq25
                0x100001cc                isr_irq4
                0x100001cc                isr_irq16
                0x100001cc                isr_irq29
                0x100001cc                isr_irq26
                0x100001cc                __default_isrs_end
                0x100001cc                isr_irq3
                0x100001cc                isr_irq9
                0x100001cc                __unhandled_user_irq
                0x100001cc                isr_irq13
                0x100001cc                isr_irq27
                0x100001cc                isr_irq31
                0x100001cc                isr_irq5
                0x100001cc                isr_irq11
                0x100001cc                isr_irq23
                0x100001cc                isr_irq18
                0x100001cc                isr_irq30
                0x100001cc                isr_irq12
                0x100001d2                unhandled_user_irq_num_in_r0
 *(.binary_info_header)
 .binary_info_header
                0x100001d4       0x14 CMakeFiles/blink.dir/Users/willoliver/pico/pico-sdk/src/rp2_common/pico_crt0/crt0.S.o
                0x100001e8                        __binary_info_header_end = .
 *(.embedded_block)
                0x100001e8                        __embedded_block_end = .
 *(.reset)
 .reset         0x100001e8       0x9c CMakeFiles/blink.dir/Users/willoliver/pico/pico-sdk/src/rp2_common/pico_crt0/crt0.S.o
                0x100001e8                _entry_point
 *(.init)
 .init          0x10000284        0x4 /Applications/ArmGNUToolchain/14.2.rel1/arm-none-eabi/bin/../lib/gcc/arm-none-eabi/14.2.1/thumb/v6-m/nofp/crti.o
                0x10000284                _init
 *(EXCLUDE_FILE(*libm.a: *libc.a:*lib_a-mem*.o *libgcc.a:) .text*)
 .text.register_tm_clones
                0x10000288       0x28 /Applications/ArmGNUToolchain/14.2.rel1/arm-none-eabi/bin/../lib/gcc/arm-none-eabi/14.2.1/thumb/v6-m/nofp/crtbegin.o
 .text.frame_dummy
                0x100002b0       0x24 /Applications/ArmGNUToolchain/14.2.rel1/arm-none-eabi/bin/../lib/gcc/arm-none-eabi/14.2.1/thumb/v6-m/nofp/crtbegin.o
 .text.blink    0x100002d4       0x9c CMakeFiles/blink.dir/blink.c.o
                0x100002d4                blink
 .text.startup.main
                0x10000370        0x8 CMakeFiles/blink.dir/blink.c.o
                0x10000370                main
 .text.get_time_us
                0x10000378       0x1c CMakeFiles/blink.dir/clocks.c.o
                0x10000378                get_time_us
 .text.panic    0x10000394       0x30 CMakeFiles/blink.dir/Users/willoliver/pico/pico-sdk/src/rp2_common/pico_platform_panic/panic.c.o
                0x10000394                panic
 .text.hw_claim_or_assert
                0x100003c4       0x44 CMakeFiles/blink.dir/Users/willoliver/pico/pico-sdk/src/common/hardware_claim/claim.c.o
                0x100003c4                hw_claim_or_assert
 .text.next_striped_spin_lock_num
                0x10000408       0x18 CMakeFiles/blink.dir/Users/willoliver/pico/pico-sdk/src/rp2_common/hardware_sync/sync.c.o
                0x10000408                next_striped_spin_lock_num
 .text.spin_locks_reset
                0x10000420       0x1c CMakeFiles/blink.dir/Users/willoliver/pico/pico-sdk/src/rp2_common/hardware_sync_spin_lock/sync_spin_lock.c.o
                0x10000420                spin_locks_reset
 .text.runtime_init_per_core_irq_priorities
                0x1000043c       0x24 CMakeFiles/blink.dir/Users/willoliver/pico/pico-sdk/src/rp2_common/hardware_irq/irq.c.o
                0x1000043c                runtime_init_per_core_irq_priorities
 .text.irq_set_enabled
                0x10000460       0x24 CMakeFiles/blink.dir/Users/willoliver/pico/pico-sdk/src/rp2_common/hardware_irq/irq.c.o
                0x10000460                irq_set_enabled
 .text.irq_set_exclusive_handler
                0x10000484       0x54 CMakeFiles/blink.dir/Users/willoliver/pico/pico-sdk/src/rp2_common/hardware_irq/irq.c.o
                0x10000484                irq_set_exclusive_handler
 .text.lock_init
                0x100004d8       0x10 CMakeFiles/blink.dir/Users/willoliver/pico/pico-sdk/src/common/pico_sync/lock_core.c.o
                0x100004d8                lock_init
 .text.runtime_init_mutex
                0x100004e8       0x50 CMakeFiles/blink.dir/Users/willoliver/pico/pico-sdk/src/common/pico_sync/mutex.c.o
                0x100004e8                runtime_init_mutex
 .text.sleep_until_callback
                0x10000538       0x30 CMakeFiles/blink.dir/Users/willoliver/pico/pico-sdk/src/common/pico_time/time.c.o
 .text.alarm_pool_irq_handler
                0x10000568      0x300 CMakeFiles/blink.dir/Users/willoliver/pico/pico-sdk/src/common/pico_time/time.c.o
 .text.runtime_init_default_alarm_pool
                0x10000868       0xdc CMakeFiles/blink.dir/Users/willoliver/pico/pico-sdk/src/common/pico_time/time.c.o
                0x10000868                runtime_init_default_alarm_pool
 .text.alarm_pool_add_alarm_at_force_in_context
                0x10000944       0xb0 CMakeFiles/blink.dir/Users/willoliver/pico/pico-sdk/src/common/pico_time/time.c.o
                0x10000944                alarm_pool_add_alarm_at_force_in_context
 .text.alarm_pool_cancel_alarm
                0x100009f4       0x74 CMakeFiles/blink.dir/Users/willoliver/pico/pico-sdk/src/common/pico_time/time.c.o
                0x100009f4                alarm_pool_cancel_alarm
 .text.best_effort_wfe_or_timeout
                0x10000a68      0x10c CMakeFiles/blink.dir/Users/willoliver/pico/pico-sdk/src/common/pico_time/time.c.o
                0x10000a68                best_effort_wfe_or_timeout
 .text.timer_hardware_alarm_claim
                0x10000b74       0x14 CMakeFiles/blink.dir/Users/willoliver/pico/pico-sdk/src/rp2_common/hardware_timer/timer.c.o
                0x10000b74                timer_hardware_alarm_claim
 .text.timer_time_us_64
                0x10000b88       0x10 CMakeFiles/blink.dir/Users/willoliver/pico/pico-sdk/src/rp2_common/hardware_timer/timer.c.o
                0x10000b88                timer_time_us_64
 .text.time_us_64
                0x10000b98       0x14 CMakeFiles/blink.dir/Users/willoliver/pico/pico-sdk/src/rp2_common/hardware_timer/timer.c.o
                0x10000b98                time_us_64
 .text.clock_configure_int_divider
                0x10000bac       0xf4 CMakeFiles/blink.dir/Users/willoliver/pico/pico-sdk/src/rp2_common/hardware_clocks/clocks.c.o
                0x10000bac                clock_configure_int_divider
 .text.clock_configure_undivided
                0x10000ca0       0xe8 CMakeFiles/blink.dir/Users/willoliver/pico/pico-sdk/src/rp2_common/hardware_clocks/clocks.c.o
                0x10000ca0                clock_configure_undivided
 .text.clock_get_hz
                0x10000d88        0xc CMakeFiles/blink.dir/Users/willoliver/pico/pico-sdk/src/rp2_common/hardware_clocks/clocks.c.o
                0x10000d88                clock_get_hz
 .text.pll_init
                0x10000d94       0xa4 CMakeFiles/blink.dir/Users/willoliver/pico/pico-sdk/src/rp2_common/hardware_pll/pll.c.o
                0x10000d94                pll_init
 .text.tick_start
                0x10000e38       0x10 CMakeFiles/blink.dir/Users/willoliver/pico/pico-sdk/src/rp2_common/hardware_ticks/ticks.c.o
                0x10000e38                tick_start
 .text.rom_func_lookup
                0x10000e48       0x10 CMakeFiles/blink.dir/Users/willoliver/pico/pico-sdk/src/rp2_common/pico_bootrom/bootrom.c.o
                0x10000e48                rom_func_lookup
 .text.rom_data_lookup
                0x10000e58       0x10 CMakeFiles/blink.dir/Users/willoliver/pico/pico-sdk/src/rp2_common/pico_bootrom/bootrom.c.o
                0x10000e58                rom_data_lookup
 .text.rom_funcs_lookup
                0x10000e68       0x44 CMakeFiles/blink.dir/Users/willoliver/pico/pico-sdk/src/rp2_common/pico_bootrom/bootrom.c.o
                0x10000e68                rom_funcs_lookup
 .text.xosc_init
                0x10000eac       0x28 CMakeFiles/blink.dir/Users/willoliver/pico/pico-sdk/src/rp2_common/hardware_xosc/xosc.c.o
                0x10000eac                xosc_init
 .text.first_per_core_initializer
                0x10000ed4        0x4 CMakeFiles/blink.dir/Users/willoliver/pico/pico-sdk/src/rp2_common/pico_runtime/runtime.c.o
 .text.hard_assertion_failure
                0x10000ed8        0xc CMakeFiles/blink.dir/Users/willoliver/pico/pico-sdk/src/rp2_common/pico_runtime/runtime.c.o
                0x10000ed8                hard_assertion_failure
 .text.runtime_run_initializers
                0x10000ee4       0x28 CMakeFiles/blink.dir/Users/willoliver/pico/pico-sdk/src/rp2_common/pico_runtime/runtime.c.o
                0x10000ee4                runtime_run_initializers
 .text.runtime_init_early_resets
                0x10000f0c       0x2c CMakeFiles/blink.dir/Users/willoliver/pico/pico-sdk/src/rp2_common/pico_runtime_init/runtime_init.c.o
                0x10000f0c                runtime_init_early_resets
 .text.runtime_init_usb_power_down
                0x10000f38       0x1c CMakeFiles/blink.dir/Users/willoliver/pico/pico-sdk/src/rp2_common/pico_runtime_init/runtime_init.c.o
                0x10000f38                runtime_init_usb_power_down
 .text.runtime_init_post_clock_resets
                0x10000f54       0x20 CMakeFiles/blink.dir/Users/willoliver/pico/pico-sdk/src/rp2_common/pico_runtime_init/runtime_init.c.o
                0x10000f54                runtime_init_post_clock_resets
 .text.runtime_init_rp2040_gpio_ie_disable
                0x10000f74       0x14 CMakeFiles/blink.dir/Users/willoliver/pico/pico-sdk/src/rp2_common/pico_runtime_init/runtime_init.c.o
                0x10000f74                runtime_init_rp2040_gpio_ie_disable
 .text.runtime_init_spin_locks_reset
                0x10000f88        0x8 CMakeFiles/blink.dir/Users/willoliver/pico/pico-sdk/src/rp2_common/pico_runtime_init/runtime_init.c.o
                0x10000f88                runtime_init_spin_locks_reset
 .text.runtime_init_install_ram_vector_table
                0x10000f90       0x1c CMakeFiles/blink.dir/Users/willoliver/pico/pico-sdk/src/rp2_common/pico_runtime_init/runtime_init.c.o
                0x10000f90                runtime_init_install_ram_vector_table
 .text.runtime_init_clocks
                0x10000fac       0xd8 CMakeFiles/blink.dir/Users/willoliver/pico/pico-sdk/src/rp2_common/pico_runtime_init/runtime_init_clocks.c.o
                0x10000fac                runtime_init_clocks
 .text          0x10001084       0x10 CMakeFiles/blink.dir/Users/willoliver/pico/pico-sdk/src/rp2_common/pico_bit_ops/bit_ops_aeabi.S.o
 .text.__wrap___aeabi_uidiv
                0x10001094       0x4c CMakeFiles/blink.dir/Users/willoliver/pico/pico-sdk/src/rp2_common/pico_divider/divider_hardware.S.o
                0x10001094                __wrap___aeabi_uidiv
                0x10001094                __wrap___aeabi_uidivmod
                0x10001094                div_u32u32
                0x10001094                divmod_u32u32
                0x1000109c                divmod_u32u32_unsafe
                0x100010c4                divmod_u32u32_savestate
 .text.__aeabi_double_init
                0x100010e0       0xa4 CMakeFiles/blink.dir/Users/willoliver/pico/pico-sdk/src/rp2_common/pico_double/double_init_rom_rp2040.c.o
                0x100010e0                __aeabi_double_init
 .text.double_table_shim_on_use_helper
                0x10001184       0x2c CMakeFiles/blink.dir/Users/willoliver/pico/pico-sdk/src/rp2_common/pico_double/double_v1_rom_shim_rp2040.S.o
                0x10001184                double_table_shim_on_use_helper
 .text.__aeabi_float_init
                0x100011b0       0x64 CMakeFiles/blink.dir/Users/willoliver/pico/pico-sdk/src/rp2_common/pico_float/float_init_rom_rp2040.c.o
                0x100011b0                __aeabi_float_init
 .text.float_table_shim_on_use_helper
                0x10001214       0x2c CMakeFiles/blink.dir/Users/willoliver/pico/pico-sdk/src/rp2_common/pico_float/float_v1_rom_shim_rp2040.S.o
                0x10001214                float_table_shim_on_use_helper
 .text          0x10001240       0x10 CMakeFiles/blink.dir/Users/willoliver/pico/pico-sdk/src/rp2_common/pico_mem_ops/mem_ops_aeabi.S.o
                0x10001240                __aeabi_mem_init
 .text.memset   0x10001250        0xc CMakeFiles/blink.dir/Users/willoliver/pico/pico-sdk/src/rp2_common/pico_mem_ops/mem_ops_aeabi.S.o
                0x10001250                __wrap_memset
 .text.memcpy   0x1000125c        0xc CMakeFiles/blink.dir/Users/willoliver/pico/pico-sdk/src/rp2_common/pico_mem_ops/mem_ops_aeabi.S.o
                0x1000125c                __wrap___aeabi_memcpy
                0x1000125c                __wrap_memcpy
 .text._out_char
                0x10001268       0x10 CMakeFiles/blink.dir/Users/willoliver/pico/pico-sdk/src/rp2_common/pico_printf/printf.c.o
 .text.weak_raw_vprintf
                0x10001278       0x30 CMakeFiles/blink.dir/Users/willoliver/pico/pico-sdk/src/rp2_common/pico_printf/printf.c.o
                0x10001278                weak_raw_vprintf
 .text._exit    0x100012a8        0x4 CMakeFiles/blink.dir/Users/willoliver/pico/pico-sdk/src/rp2_common/pico_clib_interface/newlib_interface.c.o
                0x100012a8                _exit
 .text.exit     0x100012ac        0x8 CMakeFiles/blink.dir/Users/willoliver/pico/pico-sdk/src/rp2_common/pico_clib_interface/newlib_interface.c.o
                0x100012ac                exit
 .text.runtime_init
                0x100012b4       0x2c CMakeFiles/blink.dir/Users/willoliver/pico/pico-sdk/src/rp2_common/pico_clib_interface/newlib_interface.c.o
                0x100012b4                runtime_init
 .text.stdio_out_chars_no_crlf
                0x100012e0       0x10 CMakeFiles/blink.dir/Users/willoliver/pico/pico-sdk/src/rp2_common/pico_stdio/stdio.c.o
 .text.stdio_out_chars_crlf
                0x100012f0       0xb0 CMakeFiles/blink.dir/Users/willoliver/pico/pico-sdk/src/rp2_common/pico_stdio/stdio.c.o
 .text.stdio_put_string
                0x100013a0       0xfc CMakeFiles/blink.dir/Users/willoliver/pico/pico-sdk/src/rp2_common/pico_stdio/stdio.c.o
                0x100013a0                stdio_put_string
 .text.__wrap_putchar
                0x1000149c       0x94 CMakeFiles/blink.dir/Users/willoliver/pico/pico-sdk/src/rp2_common/pico_stdio/stdio.c.o
                0x1000149c                stdio_putchar
                0x1000149c                __wrap_putchar
 .text.__wrap_puts
                0x10001530       0x3c CMakeFiles/blink.dir/Users/willoliver/pico/pico-sdk/src/rp2_common/pico_stdio/stdio.c.o
                0x10001530                __wrap_puts
                0x10001530                stdio_puts
 .text.startup._retrieve_unique_id_on_boot
                0x1000156c       0x10 CMakeFiles/blink.dir/Users/willoliver/pico/pico-sdk/src/rp2_common/pico_unique_id/unique_id.c.o
 .text.flash_get_unique_id
                0x1000157c       0x3c CMakeFiles/blink.dir/Users/willoliver/pico/pico-sdk/src/rp2_common/hardware_flash/flash.c.o
                0x1000157c                flash_get_unique_id
 .text.strlen   0x100015b8       0x5c /Applications/ArmGNUToolchain/14.2.rel1/arm-none-eabi/bin/../lib/gcc/arm-none-eabi/14.2.1/../../../../arm-none-eabi/lib/thumb/v6-m/nofp/libg.a(libc_a-strlen-stub.o)
                0x100015b8                strlen
 *(.fini)
 .fini          0x10001614        0x4 /Applications/ArmGNUToolchain/14.2.rel1/arm-none-eabi/bin/../lib/gcc/arm-none-eabi/14.2.1/thumb/v6-m/nofp/crti.o
                0x10001614                _fini
 .fini.__stub   0x10001618       0x40 linker stubs
 *crtbegin.o(.ctors)
 *crtbegin?.o(.ctors)
 *(EXCLUDE_FILE(*crtend.o *crtend?.o) .ctors)
 *(SORT_BY_NAME(.ctors.*))
 *(.ctors)
 *crtbegin.o(.dtors)
 *crtbegin?.o(.dtors)
 *(EXCLUDE_FILE(*crtend.o *crtend?.o) .dtors)
 *(SORT_BY_NAME(.dtors.*))
 *(.dtors)
                0x10001658                        . = ALIGN (0x4)
                0x10001658                        PROVIDE (__preinit_array_start = .)
 *(SORT_BY_NAME(.preinit_array.*))
 .preinit_array.00100
                0x10001658        0x4 CMakeFiles/blink.dir/Users/willoliver/pico/pico-sdk/src/rp2_common/pico_runtime_init/runtime_init.c.o
                0x10001658                __pre_init_runtime_init_early_resets
 .preinit_array.00101
                0x1000165c        0x4 CMakeFiles/blink.dir/Users/willoliver/pico/pico-sdk/src/rp2_common/pico_runtime_init/runtime_init.c.o
                0x1000165c                __pre_init_runtime_init_usb_power_down
 .preinit_array.00275
                0x10001660        0x4 CMakeFiles/blink.dir/Users/willoliver/pico/pico-sdk/src/rp2_common/pico_bit_ops/bit_ops_aeabi.S.o
 .preinit_array.00300
                0x10001664        0x4 CMakeFiles/blink.dir/Users/willoliver/pico/pico-sdk/src/rp2_common/pico_mem_ops/mem_ops_aeabi.S.o
 .preinit_array.00350
                0x10001668        0x4 CMakeFiles/blink.dir/Users/willoliver/pico/pico-sdk/src/rp2_common/pico_double/double_aeabi_rp2040.S.o
 .preinit_array.00350
                0x1000166c        0x4 CMakeFiles/blink.dir/Users/willoliver/pico/pico-sdk/src/rp2_common/pico_float/float_aeabi_rp2040.S.o
 .preinit_array.00500
                0x10001670        0x4 CMakeFiles/blink.dir/Users/willoliver/pico/pico-sdk/src/rp2_common/pico_runtime_init/runtime_init.c.o
                0x10001670                __pre_init_runtime_init_clocks
 .preinit_array.00600
                0x10001674        0x4 CMakeFiles/blink.dir/Users/willoliver/pico/pico-sdk/src/rp2_common/pico_runtime_init/runtime_init.c.o
                0x10001674                __pre_init_runtime_init_post_clock_resets
 .preinit_array.00700
                0x10001678        0x4 CMakeFiles/blink.dir/Users/willoliver/pico/pico-sdk/src/rp2_common/pico_runtime_init/runtime_init.c.o
                0x10001678                __pre_init_runtime_init_rp2040_gpio_ie_disable
 .preinit_array.01000
                0x1000167c        0x4 CMakeFiles/blink.dir/Users/willoliver/pico/pico-sdk/src/rp2_common/pico_runtime_init/runtime_init.c.o
                0x1000167c                __pre_init_runtime_init_spin_locks_reset
 .preinit_array.01100
                0x10001680        0x4 CMakeFiles/blink.dir/Users/willoliver/pico/pico-sdk/src/common/pico_sync/mutex.c.o
                0x10001680                __pre_init_runtime_init_mutex
 .preinit_array.10080
                0x10001684        0x4 CMakeFiles/blink.dir/Users/willoliver/pico/pico-sdk/src/rp2_common/pico_runtime_init/runtime_init.c.o
                0x10001684                __pre_init_runtime_init_install_ram_vector_table
 .preinit_array.11000
                0x10001688        0x4 CMakeFiles/blink.dir/Users/willoliver/pico/pico-sdk/src/common/pico_time/time.c.o
                0x10001688                __pre_init_runtime_init_default_alarm_pool
 .preinit_array.YYYYY
                0x1000168c        0x4 CMakeFiles/blink.dir/Users/willoliver/pico/pico-sdk/src/rp2_common/pico_runtime/runtime.c.o
                0x1000168c                __pre_init_first_per_core_initializer
 .preinit_array.ZZZZZ.01200
                0x10001690        0x4 CMakeFiles/blink.dir/Users/willoliver/pico/pico-sdk/src/rp2_common/hardware_irq/irq.c.o
                0x10001690                __pre_init_runtime_init_per_core_irq_priorities
 *(.preinit_array)
                0x10001694                        PROVIDE (__preinit_array_end = .)
                0x10001694                        . = ALIGN (0x4)
                0x10001694                        PROVIDE (__init_array_start = .)
 *(SORT_BY_NAME(.init_array.*))
 *(.init_array)
 .init_array    0x10001694        0x4 /Applications/ArmGNUToolchain/14.2.rel1/arm-none-eabi/bin/../lib/gcc/arm-none-eabi/14.2.1/thumb/v6-m/nofp/crtbegin.o
 .init_array    0x10001698        0x4 CMakeFiles/blink.dir/Users/willoliver/pico/pico-sdk/src/rp2_common/pico_unique_id/unique_id.c.o
                0x1000169c                        PROVIDE (__init_array_end = .)
                0x1000169c                        . = ALIGN (0x4)
                [!provide]                        PROVIDE (__fini_array_start = .)
 *(SORT_BY_NAME(.fini_array.*))
 *(.fini_array)
                [!provide]                        PROVIDE (__fini_array_end = .)
 *(.eh_frame*)
 .eh_frame      0x1000169c        0x0 /Applications/ArmGNUToolchain/14.2.rel1/arm-none-eabi/bin/../lib/gcc/arm-none-eabi/14.2.1/thumb/v6-m/nofp/crtbegin.o
                0x1000169c                        . = ALIGN (0x4)

.glue_7         0x1000169c        0x0
 .glue_7        0x1000169c        0x0 linker stubs

.glue_7t        0x1000169c        0x0
 .glue_7t       0x1000169c        0x0 linker stubs

.vfp11_veneer   0x1000169c        0x0
 .vfp11_veneer  0x1000169c        0x0 linker stubs

.v4_bx          0x1000169c        0x0
 .v4_bx         0x1000169c        0x0 linker stubs

.iplt           0x1000169c        0x0
 .iplt          0x1000169c        0x0 /Applications/ArmGNUToolchain/14.2.rel1/arm-none-eabi/bin/../lib/gcc/arm-none-eabi/14.2.1/thumb/v6-m/nofp/crtbegin.o

.rodata         0x1000169c       0xd8
 *(EXCLUDE_FILE(*libm.a: *libc.a:*lib_a-mem*.o *libgcc.a:) .rodata*)
 .rodata.panic.str1.4
                0x1000169c       0x80 CMakeFiles/blink.dir/Users/willoliver/pico/pico-sdk/src/rp2_common/pico_platform_panic/panic.c.o
                                 0x12 (size before relaxing)
 .rodata.timer_hardware_alarm_claim.str1.4
                0x1000171c       0x22 CMakeFiles/blink.dir/Users/willoliver/pico/pico-sdk/src/rp2_common/hardware_timer/timer.c.o
 .rodata.hard_assertion_failure.str1.4
                0x1000171c        0xc CMakeFiles/blink.dir/Users/willoliver/pico/pico-sdk/src/rp2_common/pico_runtime/runtime.c.o
 .rodata.str1.4
                0x1000171c       0x3c CMakeFiles/blink.dir/Users/willoliver/pico/pico-sdk/src/rp2_common/pico_standard_binary_info/standard_binary_info.c.o
 .rodata.__bi_84
                0x1000171c        0xc CMakeFiles/blink.dir/Users/willoliver/pico/pico-sdk/src/rp2_common/pico_standard_binary_info/standard_binary_info.c.o
 .rodata.__bi_78
                0x10001728        0xc CMakeFiles/blink.dir/Users/willoliver/pico/pico-sdk/src/rp2_common/pico_standard_binary_info/standard_binary_info.c.o
 .rodata.__bi_54
                0x10001734        0xc CMakeFiles/blink.dir/Users/willoliver/pico/pico-sdk/src/rp2_common/pico_standard_binary_info/standard_binary_info.c.o
 .rodata.__bi_48
                0x10001740        0xc CMakeFiles/blink.dir/Users/willoliver/pico/pico-sdk/src/rp2_common/pico_standard_binary_info/standard_binary_info.c.o
 .rodata.__bi_42
                0x1000174c        0xc CMakeFiles/blink.dir/Users/willoliver/pico/pico-sdk/src/rp2_common/pico_standard_binary_info/standard_binary_info.c.o
 .rodata.__bi_34
                0x10001758        0xc CMakeFiles/blink.dir/Users/willoliver/pico/pico-sdk/src/rp2_common/pico_standard_binary_info/standard_binary_info.c.o
 .rodata.__bi_26
                0x10001764        0xc CMakeFiles/blink.dir/Users/willoliver/pico/pico-sdk/src/rp2_common/pico_standard_binary_info/standard_binary_info.c.o
 .rodata.crlf_str.0
                0x10001770        0x2 CMakeFiles/blink.dir/Users/willoliver/pico/pico-sdk/src/rp2_common/pico_stdio/stdio.c.o
                0x10001774                        . = ALIGN (0x4)
 *fill*         0x10001772        0x2 
 *(SORT_BY_ALIGNMENT(SORT_BY_NAME(.flashdata*)))
                0x10001774                        . = ALIGN (0x4)

.ARM.extab
 *(.ARM.extab* .gnu.linkonce.armextab.*)
                0x10001774                        __exidx_start = .

.ARM.exidx
 *(.ARM.exidx* .gnu.linkonce.armexidx.*)
                0x10001774                        __exidx_end = .
                0x10001774                        . = ALIGN (0x4)
                0x10001774                        __binary_info_start = .

.binary_info    0x10001774       0x1c
 *(.binary_info.keep.*)
 .binary_info.keep.__bi_ptr84
                0x10001774        0x4 CMakeFiles/blink.dir/Users/willoliver/pico/pico-sdk/src/rp2_common/pico_standard_binary_info/standard_binary_info.c.o
 .binary_info.keep.__bi_ptr78
                0x10001778        0x4 CMakeFiles/blink.dir/Users/willoliver/pico/pico-sdk/src/rp2_common/pico_standard_binary_info/standard_binary_info.c.o
 .binary_info.keep.__bi_ptr54
                0x1000177c        0x4 CMakeFiles/blink.dir/Users/willoliver/pico/pico-sdk/src/rp2_common/pico_standard_binary_info/standard_binary_info.c.o
 .binary_info.keep.__bi_ptr48
                0x10001780        0x4 CMakeFiles/blink.dir/Users/willoliver/pico/pico-sdk/src/rp2_common/pico_standard_binary_info/standard_binary_info.c.o
 .binary_info.keep.__bi_ptr42
                0x10001784        0x4 CMakeFiles/blink.dir/Users/willoliver/pico/pico-sdk/src/rp2_common/pico_standard_binary_info/standard_binary_info.c.o
 .binary_info.keep.__bi_ptr34
                0x10001788        0x4 CMakeFiles/blink.dir/Users/willoliver/pico/pico-sdk/src/rp2_common/pico_standard_binary_info/standard_binary_info.c.o
 .binary_info.keep.__bi_ptr26
                0x1000178c        0x4 CMakeFiles/blink.dir/Users/willoliver/pico/pico-sdk/src/rp2_common/pico_standard_binary_info/standard_binary_info.c.o
 *(.binary_info.*)
                0x10001790                        __binary_info_end = .

.rel.dyn        0x10001790        0x0
 .rel.iplt      0x10001790        0x0 /Applications/ArmGNUToolchain/14.2.rel1/arm-none-eabi/bin/../lib/gcc/arm-none-eabi/14.2.1/thumb/v6-m/nofp/crtbegin.o
                0x10001790                        . = ALIGN (0x4)

.ram_vector_table
                0x20000000       0xc0
 *(.ram_vector_table)
 .ram_vector_table
                0x20000000       0xc0 CMakeFiles/blink.dir/Users/willoliver/pico/pico-sdk/src/rp2_common/pico_runtime_init/runtime_init.c.o
                0x20000000                ram_vector_table

.uninitialized_data
                0x200000c0        0x0
                0x200000c0                        . = ALIGN (0x4)
 *(.uninitialized_data*)

.data           0x200000c0      0x2c8 load address 0x10001790
                0x200000c0                        __data_start__ = .
 *(vtable)
 *(.time_critical*)
 .time_critical.mutex_try_enter_block_until
                0x200000c0       0x98 CMakeFiles/blink.dir/Users/willoliver/pico/pico-sdk/src/common/pico_sync/mutex.c.o
                0x200000c0                mutex_try_enter_block_until
 .time_critical.mutex_exit
                0x20000158       0x28 CMakeFiles/blink.dir/Users/willoliver/pico/pico-sdk/src/common/pico_sync/mutex.c.o
                0x20000158                mutex_exit
 .time_critical.flash_init_boot2_copyout
                0x20000180       0x30 CMakeFiles/blink.dir/Users/willoliver/pico/pico-sdk/src/rp2_common/hardware_flash/flash.c.o
 .time_critical.flash_enable_xip_via_boot2
                0x200001b0        0xc CMakeFiles/blink.dir/Users/willoliver/pico/pico-sdk/src/rp2_common/hardware_flash/flash.c.o
 .time_critical.flash_cs_force
                0x200001bc       0x38 CMakeFiles/blink.dir/Users/willoliver/pico/pico-sdk/src/rp2_common/hardware_flash/flash.c.o
 .time_critical.flash_do_cmd
                0x200001f4      0x130 CMakeFiles/blink.dir/Users/willoliver/pico/pico-sdk/src/rp2_common/hardware_flash/flash.c.o
                0x200001f4                flash_do_cmd
 *(.text*)
 .text          0x20000324        0x4 /Applications/ArmGNUToolchain/14.2.rel1/arm-none-eabi/bin/../lib/gcc/arm-none-eabi/14.2.1/thumb/v6-m/nofp/libgcc.a(_dvmd_tls.o)
                0x20000324                __aeabi_ldiv0
                0x20000324                __aeabi_idiv0
 .text.__stub   0x20000328       0x10 linker stubs
                0x20000338                        . = ALIGN (0x4)
 *(.rodata*)
                0x20000338                        . = ALIGN (0x4)
 *(.data*)
 .data.striped_spin_lock_num
                0x20000338        0x1 CMakeFiles/blink.dir/Users/willoliver/pico/pico-sdk/src/rp2_common/hardware_sync/sync.c.o
 *fill*         0x20000339        0x3 
 .data.default_alarm_pool
                0x2000033c       0x18 CMakeFiles/blink.dir/Users/willoliver/pico/pico-sdk/src/common/pico_time/time.c.o
 *fill*         0x20000354        0xc 
 .data.aeabi_bits_funcs
                0x20000360       0x10 CMakeFiles/blink.dir/Users/willoliver/pico/pico-sdk/src/rp2_common/pico_bit_ops/bit_ops_aeabi.S.o
                0x20000360                aeabi_bits_funcs
                0x20000370                aeabi_bits_funcs_end
 .data.aeabi_mem_funcs
                0x20000370       0x10 CMakeFiles/blink.dir/Users/willoliver/pico/pico-sdk/src/rp2_common/pico_mem_ops/mem_ops_aeabi.S.o
                0x20000370                aeabi_mem_funcs
                0x20000380                aeabi_mem_funcs_end
                0x20000380                        . = ALIGN (0x4)
 *(.after_data.*)
                0x20000380                        . = ALIGN (0x4)
                0x20000380                        PROVIDE (__mutex_array_start = .)
 *(SORT_BY_NAME(.mutex_array.*))
 *(.mutex_array)
 .mutex_array   0x20000380        0x8 CMakeFiles/blink.dir/Users/willoliver/pico/pico-sdk/src/rp2_common/pico_stdio/stdio.c.o
                0x20000388                        PROVIDE (__mutex_array_end = .)
                0x20000388                        . = ALIGN (0x4)
 *(.jcr)
                0x20000388                        . = ALIGN (0x4)

.tm_clone_table
                0x20000388        0x0 load address 0x10001a58
 .tm_clone_table
                0x20000388        0x0 /Applications/ArmGNUToolchain/14.2.rel1/arm-none-eabi/bin/../lib/gcc/arm-none-eabi/14.2.1/thumb/v6-m/nofp/crtbegin.o
 .tm_clone_table
                0x20000388        0x0 /Applications/ArmGNUToolchain/14.2.rel1/arm-none-eabi/bin/../lib/gcc/arm-none-eabi/14.2.1/thumb/v6-m/nofp/crtend.o

.igot.plt       0x20000388        0x0 load address 0x10001a58
 .igot.plt      0x20000388        0x0 /Applications/ArmGNUToolchain/14.2.rel1/arm-none-eabi/bin/../lib/gcc/arm-none-eabi/14.2.1/thumb/v6-m/nofp/crtbegin.o

.tdata          0x20000388        0x0 load address 0x10001a58
                0x20000388                        . = ALIGN (0x4)
 *(.tdata .tdata.* .gnu.linkonce.td.*)
                0x20000388                        __tdata_end = .
                0x20000388                        PROVIDE (__data_end__ = .)
                0x10001790                        __etext = LOADADDR (.data)

.tbss           0x20000388        0x0 load address 0x10001a58
                0x20000388                        . = ALIGN (0x4)
                0x20000388                        __bss_start__ = .
                0x20000388                        __tls_base = .
 *(.tbss .tbss.* .gnu.linkonce.tb.*)
 *(.tcommon)
                0x20000388                        __tls_end = .

.bss            0x20000388      0x4f4 load address 0x10001a58
                0x20000388                        . = ALIGN (0x4)
                0x20000388                        __tbss_end = .
 *(SORT_BY_ALIGNMENT(SORT_BY_NAME(.bss*)))
 .bss.default_alarm_pool_entries
                0x20000388      0x180 CMakeFiles/blink.dir/Users/willoliver/pico/pico-sdk/src/common/pico_time/time.c.o
 .bss.sd_table  0x20000508      0x100 CMakeFiles/blink.dir/Users/willoliver/pico/pico-sdk/src/rp2_common/pico_double/double_init_rom_rp2040.c.o
                0x20000508                sd_table
 .bss.sf_table  0x20000608      0x100 CMakeFiles/blink.dir/Users/willoliver/pico/pico-sdk/src/rp2_common/pico_float/float_init_rom_rp2040.c.o
                0x20000608                sf_table
 .bss.boot2_copyout
                0x20000708      0x100 CMakeFiles/blink.dir/Users/willoliver/pico/pico-sdk/src/rp2_common/hardware_flash/flash.c.o
 .bss.claimed   0x20000808        0x1 CMakeFiles/blink.dir/Users/willoliver/pico/pico-sdk/src/rp2_common/hardware_timer/timer.c.o
 *fill*         0x20000809        0x3 
 .bss.configured_freq
                0x2000080c       0x28 CMakeFiles/blink.dir/Users/willoliver/pico/pico-sdk/src/rp2_common/hardware_clocks/clocks.c.o
 .bss.drivers   0x20000834        0x4 CMakeFiles/blink.dir/Users/willoliver/pico/pico-sdk/src/rp2_common/pico_stdio/stdio.c.o
 .bss.filter    0x20000838        0x4 CMakeFiles/blink.dir/Users/willoliver/pico/pico-sdk/src/rp2_common/pico_stdio/stdio.c.o
 .bss.lazy_vsnprintf
                0x2000083c        0x4 CMakeFiles/blink.dir/Users/willoliver/pico/pico-sdk/src/rp2_common/pico_printf/printf.c.o
 .bss.object.0  0x20000840       0x18 /Applications/ArmGNUToolchain/14.2.rel1/arm-none-eabi/bin/../lib/gcc/arm-none-eabi/14.2.1/thumb/v6-m/nofp/crtbegin.o
 .bss.pools     0x20000858       0x10 CMakeFiles/blink.dir/Users/willoliver/pico/pico-sdk/src/common/pico_time/time.c.o
 .bss.retrieved_id
                0x20000868        0x8 CMakeFiles/blink.dir/Users/willoliver/pico/pico-sdk/src/rp2_common/pico_unique_id/unique_id.c.o
 .bss.sf_clz_func
                0x20000870        0x4 CMakeFiles/blink.dir/Users/willoliver/pico/pico-sdk/src/rp2_common/pico_double/double_init_rom_rp2040.c.o
                0x20000870                sf_clz_func
 .bss.sleep_notifier
                0x20000874        0x4 CMakeFiles/blink.dir/Users/willoliver/pico/pico-sdk/src/common/pico_time/time.c.o
 .bss.boot2_copyout_valid
                0x20000878        0x1 CMakeFiles/blink.dir/Users/willoliver/pico/pico-sdk/src/rp2_common/hardware_flash/flash.c.o
 *(COMMON)
                0x2000087c                        . = ALIGN (0x4)
 *fill*         0x20000879        0x3 
                0x2000087c                        __bss_end__ = .

.heap           0x2000087c      0x800 load address 0x10001a58
                0x2000087c                        __end__ = .
                0x2000087c                        end = __end__
 *(.heap*)
 .heap          0x2000087c      0x800 CMakeFiles/blink.dir/Users/willoliver/pico/pico-sdk/src/rp2_common/pico_crt0/crt0.S.o
                0x20040000                        __HeapLimit = (ORIGIN (RAM) + LENGTH (RAM))

.scratch_x      0x20040000        0x0 load address 0x10001a58
                0x20040000                        __scratch_x_start__ = .
 *(.scratch_x.*)
                0x20040000                        . = ALIGN (0x4)
                0x20040000                        __scratch_x_end__ = .
                0x10001a58                        __scratch_x_source__ = LOADADDR (.scratch_x)

.scratch_y      0x20041000        0x0 load address 0x10001a58
                0x20041000                        __scratch_y_start__ = .
 *(.scratch_y.*)
                0x20041000                        . = ALIGN (0x4)
                0x20041000                        __scratch_y_end__ = .
                0x10001a58                        __scratch_y_source__ = LOADADDR (.scratch_y)

.stack1_dummy
 *(.stack1*)

.stack_dummy    0x20041000      0x800
 *(.stack*)
 .stack         0x20041000      0x800 CMakeFiles/blink.dir/Users/willoliver/pico/pico-sdk/src/rp2_common/pico_crt0/crt0.S.o

.flash_end      0x10001a58        0x0
 *(.embedded_end_block*)
                0x10001a58                        PROVIDE (__flash_binary_end = .)
                0x20040000                        __StackLimit = (ORIGIN (RAM) + LENGTH (RAM))
                0x20041000                        __StackOneTop = (ORIGIN (SCRATCH_X) + LENGTH (SCRATCH_X))
                0x20042000                        __StackTop = (ORIGIN (SCRATCH_Y) + LENGTH (SCRATCH_Y))
                0x20041000                        __StackOneBottom = (__StackOneTop - SIZEOF (.stack1_dummy))
                0x20041800                        __StackBottom = (__StackTop - SIZEOF (.stack_dummy))
                0x20042000                        PROVIDE (__stack = __StackTop)
                [!provide]                        PROVIDE (__heap_start = __end__)
                [!provide]                        PROVIDE (__heap_end = __HeapLimit)
                [!provide]                        PROVIDE (__tls_align = MAX (ALIGNOF (.tdata), ALIGNOF (.tbss)))
                [!provide]                        PROVIDE (__tls_size_align = (((__tls_size + __tls_align) - 0x1) & ~ ((__tls_align - 0x1))))
                [!provide]                        PROVIDE (__arm32_tls_tcb_offset = MAX (0x8, __tls_align))
                [!provide]                        PROVIDE (_end = __end__)
                [!provide]                        PROVIDE (__llvm_libc_heap_limit = __HeapLimit)
                0x00000001                        ASSERT ((__StackLimit >= __HeapLimit), region RAM overflowed)
                0x00000001                        ASSERT (((__binary_info_header_end - __logical_binary_start) <= 0x100), Binary info must be in first 256 bytes of the binary)
LOAD CMakeFiles/blink.dir/blink.c.o
LOAD CMakeFiles/blink.dir/clocks.c.o
LOAD CMakeFiles/blink.dir/Users/willoliver/pico/pico-sdk/src/rp2_common/pico_stdlib/stdlib.c.o
LOAD CMakeFiles/blink.dir/Users/willoliver/pico/pico-sdk/src/rp2_common/hardware_gpio/gpio.c.o
LOAD CMakeFiles/blink.dir/Users/willoliver/pico/pico-sdk/src/rp2040/pico_platform/platform.c.o
LOAD CMakeFiles/blink.dir/Users/willoliver/pico/pico-sdk/src/rp2_common/pico_platform_panic/panic.c.o
LOAD CMakeFiles/blink.dir/Users/willoliver/pico/pico-sdk/src/common/hardware_claim/claim.c.o
LOAD CMakeFiles/blink.dir/Users/willoliver/pico/pico-sdk/src/rp2_common/hardware_sync/sync.c.o
LOAD CMakeFiles/blink.dir/Users/willoliver/pico/pico-sdk/src/rp2_common/hardware_sync_spin_lock/sync_spin_lock.c.o
LOAD CMakeFiles/blink.dir/Users/willoliver/pico/pico-sdk/src/rp2_common/hardware_irq/irq.c.o
LOAD CMakeFiles/blink.dir/Users/willoliver/pico/pico-sdk/src/rp2_common/hardware_irq/irq_handler_chain.S.o
LOAD CMakeFiles/blink.dir/Users/willoliver/pico/pico-sdk/src/common/pico_sync/sem.c.o
LOAD CMakeFiles/blink.dir/Users/willoliver/pico/pico-sdk/src/common/pico_sync/lock_core.c.o
LOAD CMakeFiles/blink.dir/Users/willoliver/pico/pico-sdk/src/common/pico_sync/mutex.c.o
LOAD CMakeFiles/blink.dir/Users/willoliver/pico/pico-sdk/src/common/pico_sync/critical_section.c.o
LOAD CMakeFiles/blink.dir/Users/willoliver/pico/pico-sdk/src/common/pico_time/time.c.o
LOAD CMakeFiles/blink.dir/Users/willoliver/pico/pico-sdk/src/common/pico_time/timeout_helper.c.o
LOAD CMakeFiles/blink.dir/Users/willoliver/pico/pico-sdk/src/rp2_common/hardware_timer/timer.c.o
LOAD CMakeFiles/blink.dir/Users/willoliver/pico/pico-sdk/src/common/pico_util/datetime.c.o
LOAD CMakeFiles/blink.dir/Users/willoliver/pico/pico-sdk/src/common/pico_util/pheap.c.o
LOAD CMakeFiles/blink.dir/Users/willoliver/pico/pico-sdk/src/common/pico_util/queue.c.o
LOAD CMakeFiles/blink.dir/Users/willoliver/pico/pico-sdk/src/rp2_common/hardware_uart/uart.c.o
LOAD CMakeFiles/blink.dir/Users/willoliver/pico/pico-sdk/src/rp2_common/hardware_clocks/clocks.c.o
LOAD CMakeFiles/blink.dir/Users/willoliver/pico/pico-sdk/src/rp2_common/hardware_pll/pll.c.o
LOAD CMakeFiles/blink.dir/Users/willoliver/pico/pico-sdk/src/rp2_common/hardware_vreg/vreg.c.o
LOAD CMakeFiles/blink.dir/Users/willoliver/pico/pico-sdk/src/rp2_common/hardware_watchdog/watchdog.c.o
LOAD CMakeFiles/blink.dir/Users/willoliver/pico/pico-sdk/src/rp2_common/hardware_ticks/ticks.c.o
LOAD CMakeFiles/blink.dir/Users/willoliver/pico/pico-sdk/src/rp2_common/pico_bootrom/bootrom.c.o
LOAD CMakeFiles/blink.dir/Users/willoliver/pico/pico-sdk/src/rp2_common/pico_bootrom/bootrom_lock.c.o
LOAD CMakeFiles/blink.dir/Users/willoliver/pico/pico-sdk/src/rp2_common/hardware_boot_lock/boot_lock.c.o
LOAD CMakeFiles/blink.dir/Users/willoliver/pico/pico-sdk/src/rp2_common/pico_flash/flash.c.o
LOAD CMakeFiles/blink.dir/Users/willoliver/pico/pico-sdk/src/rp2_common/hardware_xosc/xosc.c.o
LOAD CMakeFiles/blink.dir/Users/willoliver/pico/pico-sdk/src/rp2_common/hardware_divider/divider.S.o
LOAD CMakeFiles/blink.dir/Users/willoliver/pico/pico-sdk/src/rp2_common/pico_runtime/runtime.c.o
LOAD CMakeFiles/blink.dir/Users/willoliver/pico/pico-sdk/src/rp2_common/pico_runtime_init/runtime_init.c.o
LOAD CMakeFiles/blink.dir/Users/willoliver/pico/pico-sdk/src/rp2_common/pico_runtime_init/runtime_init_clocks.c.o
LOAD CMakeFiles/blink.dir/Users/willoliver/pico/pico-sdk/src/rp2_common/pico_runtime_init/runtime_init_stack_guard.c.o
LOAD CMakeFiles/blink.dir/Users/willoliver/pico/pico-sdk/src/rp2_common/pico_bit_ops/bit_ops_aeabi.S.o
LOAD CMakeFiles/blink.dir/Users/willoliver/pico/pico-sdk/src/rp2_common/pico_divider/divider_hardware.S.o
LOAD CMakeFiles/blink.dir/Users/willoliver/pico/pico-sdk/src/rp2_common/pico_double/double_aeabi_rp2040.S.o
LOAD CMakeFiles/blink.dir/Users/willoliver/pico/pico-sdk/src/rp2_common/pico_double/double_init_rom_rp2040.c.o
LOAD CMakeFiles/blink.dir/Users/willoliver/pico/pico-sdk/src/rp2_common/pico_double/double_math.c.o
LOAD CMakeFiles/blink.dir/Users/willoliver/pico/pico-sdk/src/rp2_common/pico_double/double_v1_rom_shim_rp2040.S.o
LOAD CMakeFiles/blink.dir/Users/willoliver/pico/pico-sdk/src/rp2_common/pico_int64_ops/pico_int64_ops_aeabi.S.o
LOAD CMakeFiles/blink.dir/Users/willoliver/pico/pico-sdk/src/rp2_common/pico_float/float_aeabi_rp2040.S.o
LOAD CMakeFiles/blink.dir/Users/willoliver/pico/pico-sdk/src/rp2_common/pico_float/float_init_rom_rp2040.c.o
LOAD CMakeFiles/blink.dir/Users/willoliver/pico/pico-sdk/src/rp2_common/pico_float/float_math.c.o
LOAD CMakeFiles/blink.dir/Users/willoliver/pico/pico-sdk/src/rp2_common/pico_float/float_v1_rom_shim_rp2040.S.o
LOAD CMakeFiles/blink.dir/Users/willoliver/pico/pico-sdk/src/rp2_common/pico_malloc/malloc.c.o
LOAD CMakeFiles/blink.dir/Users/willoliver/pico/pico-sdk/src/rp2_common/pico_mem_ops/mem_ops_aeabi.S.o
LOAD CMakeFiles/blink.dir/Users/willoliver/pico/pico-sdk/src/rp2_common/pico_atomic/atomic.c.o
LOAD CMakeFiles/blink.dir/Users/willoliver/pico/pico-sdk/src/rp2_common/pico_cxx_options/new_delete.cpp.o
LOAD CMakeFiles/blink.dir/Users/willoliver/pico/pico-sdk/src/rp2_common/pico_standard_binary_info/standard_binary_info.c.o
LOAD CMakeFiles/blink.dir/Users/willoliver/pico/pico-sdk/src/rp2_common/pico_printf/printf.c.o
LOAD CMakeFiles/blink.dir/Users/willoliver/pico/pico-sdk/src/rp2_common/pico_crt0/crt0.S.o
LOAD CMakeFiles/blink.dir/Users/willoliver/pico/pico-sdk/src/rp2_common/pico_clib_interface/newlib_interface.c.o
LOAD CMakeFiles/blink.dir/Users/willoliver/pico/pico-sdk/src/rp2_common/pico_stdio/stdio.c.o
LOAD CMakeFiles/blink.dir/Users/willoliver/pico/pico-sdk/src/rp2_common/pico_stdio_usb/reset_interface.c.o
LOAD CMakeFiles/blink.dir/Users/willoliver/pico/pico-sdk/src/rp2_common/pico_stdio_usb/stdio_usb.c.o
LOAD CMakeFiles/blink.dir/Users/willoliver/pico/pico-sdk/src/rp2_common/pico_stdio_usb/stdio_usb_descriptors.c.o
LOAD CMakeFiles/blink.dir/Users/willoliver/pico/pico-sdk/src/rp2_common/pico_unique_id/unique_id.c.o
LOAD CMakeFiles/blink.dir/Users/willoliver/pico/pico-sdk/src/rp2_common/hardware_flash/flash.c.o
LOAD CMakeFiles/blink.dir/Users/willoliver/pico/pico-sdk/src/rp2_common/hardware_xip_cache/xip_cache.c.o
LOAD CMakeFiles/blink.dir/Users/willoliver/pico/pico-sdk/lib/tinyusb/src/portable/raspberrypi/rp2040/dcd_rp2040.c.o
LOAD CMakeFiles/blink.dir/Users/willoliver/pico/pico-sdk/lib/tinyusb/src/portable/raspberrypi/rp2040/rp2040_usb.c.o
LOAD CMakeFiles/blink.dir/Users/willoliver/pico/pico-sdk/lib/tinyusb/src/device/usbd.c.o
LOAD CMakeFiles/blink.dir/Users/willoliver/pico/pico-sdk/lib/tinyusb/src/device/usbd_control.c.o
LOAD CMakeFiles/blink.dir/Users/willoliver/pico/pico-sdk/lib/tinyusb/src/class/audio/audio_device.c.o
LOAD CMakeFiles/blink.dir/Users/willoliver/pico/pico-sdk/lib/tinyusb/src/class/cdc/cdc_device.c.o
LOAD CMakeFiles/blink.dir/Users/willoliver/pico/pico-sdk/lib/tinyusb/src/class/dfu/dfu_device.c.o
LOAD CMakeFiles/blink.dir/Users/willoliver/pico/pico-sdk/lib/tinyusb/src/class/dfu/dfu_rt_device.c.o
LOAD CMakeFiles/blink.dir/Users/willoliver/pico/pico-sdk/lib/tinyusb/src/class/hid/hid_device.c.o
LOAD CMakeFiles/blink.dir/Users/willoliver/pico/pico-sdk/lib/tinyusb/src/class/midi/midi_device.c.o
LOAD CMakeFiles/blink.dir/Users/willoliver/pico/pico-sdk/lib/tinyusb/src/class/msc/msc_device.c.o
LOAD CMakeFiles/blink.dir/Users/willoliver/pico/pico-sdk/lib/tinyusb/src/class/net/ecm_rndis_device.c.o
LOAD CMakeFiles/blink.dir/Users/willoliver/pico/pico-sdk/lib/tinyusb/src/class/net/ncm_device.c.o
LOAD CMakeFiles/blink.dir/Users/willoliver/pico/pico-sdk/lib/tinyusb/src/class/usbtmc/usbtmc_device.c.o
LOAD CMakeFiles/blink.dir/Users/willoliver/pico/pico-sdk/lib/tinyusb/src/class/vendor/vendor_device.c.o
LOAD CMakeFiles/blink.dir/Users/willoliver/pico/pico-sdk/lib/tinyusb/src/class/video/video_device.c.o
LOAD CMakeFiles/blink.dir/Users/willoliver/pico/pico-sdk/lib/tinyusb/src/tusb.c.o
LOAD CMakeFiles/blink.dir/Users/willoliver/pico/pico-sdk/lib/tinyusb/src/common/tusb_fifo.c.o
LOAD CMakeFiles/blink.dir/Users/willoliver/pico/pico-sdk/src/rp2_common/pico_fix/rp2040_usb_device_enumeration/rp2040_usb_device_enumeration.c.o
LOAD pico-sdk/src/rp2040/boot_stage2/CMakeFiles/bs2_default_library.dir/bs2_default_padded_checksummed.S.o
LOAD /Applications/ArmGNUToolchain/14.2.rel1/arm-none-eabi/bin/../lib/gcc/arm-none-eabi/14.2.1/../../../../arm-none-eabi/lib/thumb/v6-m/nofp/libstdc++.a
LOAD /Applications/ArmGNUToolchain/14.2.rel1/arm-none-eabi/bin/../lib/gcc/arm-none-eabi/14.2.1/../../../../arm-none-eabi/lib/thumb/v6-m/nofp/libm.a
START GROUP
LOAD /Applications/ArmGNUToolchain/14.2.rel1/arm-none-eabi/bin/../lib/gcc/arm-none-eabi/14.2.1/thumb/v6-m/nofp/libgcc.a
LOAD /Applications/ArmGNUToolchain/14.2.rel1/arm-none-eabi/bin/../lib/gcc/arm-none-eabi/14.2.1/../../../../arm-none-eabi/lib/thumb/v6-m/nofp/libg.a
LOAD /Applications/ArmGNUToolchain/14.2.rel1/arm-none-eabi/bin/../lib/gcc/arm-none-eabi/14.2.1/../../../../arm-none-eabi/lib/thumb/v6-m/nofp/libc.a
END GROUP
START GROUP
LOAD /Applications/ArmGNUToolchain/14.2.rel1/arm-none-eabi/bin/../lib/gcc/arm-none-eabi/14.2.1/thumb/v6-m/nofp/libgcc.a
LOAD /Applications/ArmGNUToolchain/14.2.rel1/arm-none-eabi/bin/../lib/gcc/arm-none-eabi/14.2.1/../../../../arm-none-eabi/lib/thumb/v6-m/nofp/libc.a
LOAD /Applications/ArmGNUToolchain/14.2.rel1/arm-none-eabi/bin/../lib/gcc/arm-none-eabi/14.2.1/../../../../arm-none-eabi/lib/thumb/v6-m/nofp/libnosys.a
END GROUP
LOAD /Applications/ArmGNUToolchain/14.2.rel1/arm-none-eabi/bin/../lib/gcc/arm-none-eabi/14.2.1/thumb/v6-m/nofp/crtend.o
LOAD /Applications/ArmGNUToolchain/14.2.rel1/arm-none-eabi/bin/../lib/gcc/arm-none-eabi/14.2.1/thumb/v6-m/nofp/crtn.o
OUTPUT(blink.elf elf32-littlearm)
LOAD linker stubs

.ARM.attributes
                0x00000000       0x28
 .ARM.attributes
                0x00000000       0x1e /Applications/ArmGNUToolchain/14.2.rel1/arm-none-eabi/bin/../lib/gcc/arm-none-eabi/14.2.1/thumb/v6-m/nofp/crti.o
 .ARM.attributes
                0x0000001e       0x2c /Applications/ArmGNUToolchain/14.2.rel1/arm-none-eabi/bin/../lib/gcc/arm-none-eabi/14.2.1/thumb/v6-m/nofp/crtbegin.o
 .ARM.attributes
                0x0000004a       0x2c CMakeFiles/blink.dir/blink.c.o
 .ARM.attributes
                0x00000076       0x2c CMakeFiles/blink.dir/clocks.c.o
 .ARM.attributes
                0x000000a2       0x2c CMakeFiles/blink.dir/Users/willoliver/pico/pico-sdk/src/rp2_common/pico_platform_panic/panic.c.o
 .ARM.attributes
                0x000000ce       0x2c CMakeFiles/blink.dir/Users/willoliver/pico/pico-sdk/src/common/hardware_claim/claim.c.o
 .ARM.attributes
                0x000000fa       0x2c CMakeFiles/blink.dir/Users/willoliver/pico/pico-sdk/src/rp2_common/hardware_sync/sync.c.o
 .ARM.attributes
                0x00000126       0x2c CMakeFiles/blink.dir/Users/willoliver/pico/pico-sdk/src/rp2_common/hardware_sync_spin_lock/sync_spin_lock.c.o
 .ARM.attributes
                0x00000152       0x2c CMakeFiles/blink.dir/Users/willoliver/pico/pico-sdk/src/rp2_common/hardware_irq/irq.c.o
 .ARM.attributes
                0x0000017e       0x2c CMakeFiles/blink.dir/Users/willoliver/pico/pico-sdk/src/common/pico_sync/lock_core.c.o
 .ARM.attributes
                0x000001aa       0x2c CMakeFiles/blink.dir/Users/willoliver/pico/pico-sdk/src/common/pico_sync/mutex.c.o
 .ARM.attributes
                0x000001d6       0x2c CMakeFiles/blink.dir/Users/willoliver/pico/pico-sdk/src/common/pico_time/time.c.o
 .ARM.attributes
                0x00000202       0x2c CMakeFiles/blink.dir/Users/willoliver/pico/pico-sdk/src/rp2_common/hardware_timer/timer.c.o
 .ARM.attributes
                0x0000022e       0x2c CMakeFiles/blink.dir/Users/willoliver/pico/pico-sdk/src/rp2_common/hardware_clocks/clocks.c.o
 .ARM.attributes
                0x0000025a       0x2c CMakeFiles/blink.dir/Users/willoliver/pico/pico-sdk/src/rp2_common/hardware_pll/pll.c.o
 .ARM.attributes
                0x00000286       0x2c CMakeFiles/blink.dir/Users/willoliver/pico/pico-sdk/src/rp2_common/hardware_ticks/ticks.c.o
 .ARM.attributes
                0x000002b2       0x2c CMakeFiles/blink.dir/Users/willoliver/pico/pico-sdk/src/rp2_common/pico_bootrom/bootrom.c.o
 .ARM.attributes
                0x000002de       0x2c CMakeFiles/blink.dir/Users/willoliver/pico/pico-sdk/src/rp2_common/hardware_xosc/xosc.c.o
 .ARM.attributes
                0x0000030a       0x2c CMakeFiles/blink.dir/Users/willoliver/pico/pico-sdk/src/rp2_common/pico_runtime/runtime.c.o
 .ARM.attributes
                0x00000336       0x2c CMakeFiles/blink.dir/Users/willoliver/pico/pico-sdk/src/rp2_common/pico_runtime_init/runtime_init.c.o
 .ARM.attributes
                0x00000362       0x2c CMakeFiles/blink.dir/Users/willoliver/pico/pico-sdk/src/rp2_common/pico_runtime_init/runtime_init_clocks.c.o
 .ARM.attributes
                0x0000038e       0x22 CMakeFiles/blink.dir/Users/willoliver/pico/pico-sdk/src/rp2_common/pico_bit_ops/bit_ops_aeabi.S.o
 .ARM.attributes
                0x000003b0       0x22 CMakeFiles/blink.dir/Users/willoliver/pico/pico-sdk/src/rp2_common/pico_divider/divider_hardware.S.o
 .ARM.attributes
                0x000003d2       0x22 CMakeFiles/blink.dir/Users/willoliver/pico/pico-sdk/src/rp2_common/pico_double/double_aeabi_rp2040.S.o
 .ARM.attributes
                0x000003f4       0x2c CMakeFiles/blink.dir/Users/willoliver/pico/pico-sdk/src/rp2_common/pico_double/double_init_rom_rp2040.c.o
 .ARM.attributes
                0x00000420       0x22 CMakeFiles/blink.dir/Users/willoliver/pico/pico-sdk/src/rp2_common/pico_double/double_v1_rom_shim_rp2040.S.o
 .ARM.attributes
                0x00000442       0x22 CMakeFiles/blink.dir/Users/willoliver/pico/pico-sdk/src/rp2_common/pico_float/float_aeabi_rp2040.S.o
 .ARM.attributes
                0x00000464       0x2c CMakeFiles/blink.dir/Users/willoliver/pico/pico-sdk/src/rp2_common/pico_float/float_init_rom_rp2040.c.o
 .ARM.attributes
                0x00000490       0x22 CMakeFiles/blink.dir/Users/willoliver/pico/pico-sdk/src/rp2_common/pico_float/float_v1_rom_shim_rp2040.S.o
 .ARM.attributes
                0x000004b2       0x22 CMakeFiles/blink.dir/Users/willoliver/pico/pico-sdk/src/rp2_common/pico_mem_ops/mem_ops_aeabi.S.o
 .ARM.attributes
                0x000004d4       0x2c CMakeFiles/blink.dir/Users/willoliver/pico/pico-sdk/src/rp2_common/pico_standard_binary_info/standard_binary_info.c.o
 .ARM.attributes
                0x00000500       0x2c CMakeFiles/blink.dir/Users/willoliver/pico/pico-sdk/src/rp2_common/pico_printf/printf.c.o
 .ARM.attributes
                0x0000052c       0x22 CMakeFiles/blink.dir/Users/willoliver/pico/pico-sdk/src/rp2_common/pico_crt0/crt0.S.o
 .ARM.attributes
                0x0000054e       0x2c CMakeFiles/blink.dir/Users/willoliver/pico/pico-sdk/src/rp2_common/pico_clib_interface/newlib_interface.c.o
 .ARM.attributes
                0x0000057a       0x2c CMakeFiles/blink.dir/Users/willoliver/pico/pico-sdk/src/rp2_common/pico_stdio/stdio.c.o
 .ARM.attributes
                0x000005a6       0x2c CMakeFiles/blink.dir/Users/willoliver/pico/pico-sdk/src/rp2_common/pico_unique_id/unique_id.c.o
 .ARM.attributes
                0x000005d2       0x2c CMakeFiles/blink.dir/Users/willoliver/pico/pico-sdk/src/rp2_common/hardware_flash/flash.c.o
 .ARM.attributes
                0x000005fe       0x22 pico-sdk/src/rp2040/boot_stage2/CMakeFiles/bs2_default_library.dir/bs2_default_padded_checksummed.S.o
 .ARM.attributes
                0x00000620       0x1e /Applications/ArmGNUToolchain/14.2.rel1/arm-none-eabi/bin/../lib/gcc/arm-none-eabi/14.2.1/thumb/v6-m/nofp/libgcc.a(_dvmd_tls.o)
 .ARM.attributes
                0x0000063e       0x2c /Applications/ArmGNUToolchain/14.2.rel1/arm-none-eabi/bin/../lib/gcc/arm-none-eabi/14.2.1/../../../../arm-none-eabi/lib/thumb/v6-m/nofp/libg.a(libc_a-strlen-stub.o)
 .ARM.attributes
                0x0000066a       0x2c /Applications/ArmGNUToolchain/14.2.rel1/arm-none-eabi/bin/../lib/gcc/arm-none-eabi/14.2.1/thumb/v6-m/nofp/crtend.o

.comment        0x00000000       0x45
 .comment       0x00000000       0x45 CMakeFiles/blink.dir/blink.c.o
                                 0x46 (size before relaxing)
 .comment       0x00000045       0x46 CMakeFiles/blink.dir/clocks.c.o
 .comment       0x00000045       0x46 CMakeFiles/blink.dir/Users/willoliver/pico/pico-sdk/src/rp2_common/pico_platform_panic/panic.c.o
 .comment       0x00000045       0x46 CMakeFiles/blink.dir/Users/willoliver/pico/pico-sdk/src/common/hardware_claim/claim.c.o
 .comment       0x00000045       0x46 CMakeFiles/blink.dir/Users/willoliver/pico/pico-sdk/src/rp2_common/hardware_sync/sync.c.o
 .comment       0x00000045       0x46 CMakeFiles/blink.dir/Users/willoliver/pico/pico-sdk/src/rp2_common/hardware_sync_spin_lock/sync_spin_lock.c.o
 .comment       0x00000045       0x46 CMakeFiles/blink.dir/Users/willoliver/pico/pico-sdk/src/rp2_common/hardware_irq/irq.c.o
 .comment       0x00000045       0x46 CMakeFiles/blink.dir/Users/willoliver/pico/pico-sdk/src/common/pico_sync/lock_core.c.o
 .comment       0x00000045       0x46 CMakeFiles/blink.dir/Users/willoliver/pico/pico-sdk/src/common/pico_sync/mutex.c.o
 .comment       0x00000045       0x46 CMakeFiles/blink.dir/Users/willoliver/pico/pico-sdk/src/common/pico_time/time.c.o
 .comment       0x00000045       0x46 CMakeFiles/blink.dir/Users/willoliver/pico/pico-sdk/src/rp2_common/hardware_timer/timer.c.o
 .comment       0x00000045       0x46 CMakeFiles/blink.dir/Users/willoliver/pico/pico-sdk/src/rp2_common/hardware_clocks/clocks.c.o
 .comment       0x00000045       0x46 CMakeFiles/blink.dir/Users/willoliver/pico/pico-sdk/src/rp2_common/hardware_pll/pll.c.o
 .comment       0x00000045       0x46 CMakeFiles/blink.dir/Users/willoliver/pico/pico-sdk/src/rp2_common/hardware_ticks/ticks.c.o
 .comment       0x00000045       0x46 CMakeFiles/blink.dir/Users/willoliver/pico/pico-sdk/src/rp2_common/pico_bootrom/bootrom.c.o
 .comment       0x00000045       0x46 CMakeFiles/blink.dir/Users/willoliver/pico/pico-sdk/src/rp2_common/hardware_xosc/xosc.c.o
 .comment       0x00000045       0x46 CMakeFiles/blink.dir/Users/willoliver/pico/pico-sdk/src/rp2_common/pico_runtime/runtime.c.o
 .comment       0x00000045       0x46 CMakeFiles/blink.dir/Users/willoliver/pico/pico-sdk/src/rp2_common/pico_runtime_init/runtime_init.c.o
 .comment       0x00000045       0x46 CMakeFiles/blink.dir/Users/willoliver/pico/pico-sdk/src/rp2_common/pico_runtime_init/runtime_init_clocks.c.o
 .comment       0x00000045       0x46 CMakeFiles/blink.dir/Users/willoliver/pico/pico-sdk/src/rp2_common/pico_double/double_init_rom_rp2040.c.o
 .comment       0x00000045       0x46 CMakeFiles/blink.dir/Users/willoliver/pico/pico-sdk/src/rp2_common/pico_float/float_init_rom_rp2040.c.o
 .comment       0x00000045       0x46 CMakeFiles/blink.dir/Users/willoliver/pico/pico-sdk/src/rp2_common/pico_standard_binary_info/standard_binary_info.c.o
 .comment       0x00000045       0x46 CMakeFiles/blink.dir/Users/willoliver/pico/pico-sdk/src/rp2_common/pico_printf/printf.c.o
 .comment       0x00000045       0x46 CMakeFiles/blink.dir/Users/willoliver/pico/pico-sdk/src/rp2_common/pico_clib_interface/newlib_interface.c.o
 .comment       0x00000045       0x46 CMakeFiles/blink.dir/Users/willoliver/pico/pico-sdk/src/rp2_common/pico_stdio/stdio.c.o
 .comment       0x00000045       0x46 CMakeFiles/blink.dir/Users/willoliver/pico/pico-sdk/src/rp2_common/pico_unique_id/unique_id.c.o
 .comment       0x00000045       0x46 CMakeFiles/blink.dir/Users/willoliver/pico/pico-sdk/src/rp2_common/hardware_flash/flash.c.o

.debug_info     0x00000000    0x18f8f
 .debug_info    0x00000000      0x383 CMakeFiles/blink.dir/blink.c.o
 .debug_info    0x00000383       0xd4 CMakeFiles/blink.dir/clocks.c.o
 .debug_info    0x00000457      0x1bf CMakeFiles/blink.dir/Users/willoliver/pico/pico-sdk/src/rp2_common/pico_platform_panic/panic.c.o
 .debug_info    0x00000616      0x9a1 CMakeFiles/blink.dir/Users/willoliver/pico/pico-sdk/src/common/hardware_claim/claim.c.o
 .debug_info    0x00000fb7      0x45c CMakeFiles/blink.dir/Users/willoliver/pico/pico-sdk/src/rp2_common/hardware_sync/sync.c.o
 .debug_info    0x00001413      0x245 CMakeFiles/blink.dir/Users/willoliver/pico/pico-sdk/src/rp2_common/hardware_sync_spin_lock/sync_spin_lock.c.o
 .debug_info    0x00001658     0x220f CMakeFiles/blink.dir/Users/willoliver/pico/pico-sdk/src/rp2_common/hardware_irq/irq.c.o
 .debug_info    0x00003867      0x15f CMakeFiles/blink.dir/Users/willoliver/pico/pico-sdk/src/common/pico_sync/lock_core.c.o
 .debug_info    0x000039c6     0x27f1 CMakeFiles/blink.dir/Users/willoliver/pico/pico-sdk/src/common/pico_sync/mutex.c.o
 .debug_info    0x000061b7     0x5036 CMakeFiles/blink.dir/Users/willoliver/pico/pico-sdk/src/common/pico_time/time.c.o
 .debug_info    0x0000b1ed     0x2b13 CMakeFiles/blink.dir/Users/willoliver/pico/pico-sdk/src/rp2_common/hardware_timer/timer.c.o
 .debug_info    0x0000dd00     0x2991 CMakeFiles/blink.dir/Users/willoliver/pico/pico-sdk/src/rp2_common/hardware_clocks/clocks.c.o
 .debug_info    0x00010691      0x4e5 CMakeFiles/blink.dir/Users/willoliver/pico/pico-sdk/src/rp2_common/hardware_pll/pll.c.o
 .debug_info    0x00010b76      0x248 CMakeFiles/blink.dir/Users/willoliver/pico/pico-sdk/src/rp2_common/hardware_ticks/ticks.c.o
 .debug_info    0x00010dbe      0x678 CMakeFiles/blink.dir/Users/willoliver/pico/pico-sdk/src/rp2_common/pico_bootrom/bootrom.c.o
 .debug_info    0x00011436      0x1d0 CMakeFiles/blink.dir/Users/willoliver/pico/pico-sdk/src/rp2_common/hardware_xosc/xosc.c.o
 .debug_info    0x00011606      0x21a CMakeFiles/blink.dir/Users/willoliver/pico/pico-sdk/src/rp2_common/pico_runtime/runtime.c.o
 .debug_info    0x00011820      0x795 CMakeFiles/blink.dir/Users/willoliver/pico/pico-sdk/src/rp2_common/pico_runtime_init/runtime_init.c.o
 .debug_info    0x00011fb5      0x781 CMakeFiles/blink.dir/Users/willoliver/pico/pico-sdk/src/rp2_common/pico_runtime_init/runtime_init_clocks.c.o
 .debug_info    0x00012736       0x23 CMakeFiles/blink.dir/Users/willoliver/pico/pico-sdk/src/rp2_common/pico_bit_ops/bit_ops_aeabi.S.o
 .debug_info    0x00012759       0x23 CMakeFiles/blink.dir/Users/willoliver/pico/pico-sdk/src/rp2_common/pico_divider/divider_hardware.S.o
 .debug_info    0x0001277c       0x23 CMakeFiles/blink.dir/Users/willoliver/pico/pico-sdk/src/rp2_common/pico_double/double_aeabi_rp2040.S.o
 .debug_info    0x0001279f      0x27e CMakeFiles/blink.dir/Users/willoliver/pico/pico-sdk/src/rp2_common/pico_double/double_init_rom_rp2040.c.o
 .debug_info    0x00012a1d       0x23 CMakeFiles/blink.dir/Users/willoliver/pico/pico-sdk/src/rp2_common/pico_double/double_v1_rom_shim_rp2040.S.o
 .debug_info    0x00012a40       0x23 CMakeFiles/blink.dir/Users/willoliver/pico/pico-sdk/src/rp2_common/pico_float/float_aeabi_rp2040.S.o
 .debug_info    0x00012a63      0x27e CMakeFiles/blink.dir/Users/willoliver/pico/pico-sdk/src/rp2_common/pico_float/float_init_rom_rp2040.c.o
 .debug_info    0x00012ce1       0x23 CMakeFiles/blink.dir/Users/willoliver/pico/pico-sdk/src/rp2_common/pico_float/float_v1_rom_shim_rp2040.S.o
 .debug_info    0x00012d04       0x23 CMakeFiles/blink.dir/Users/willoliver/pico/pico-sdk/src/rp2_common/pico_mem_ops/mem_ops_aeabi.S.o
 .debug_info    0x00012d27      0x2b8 CMakeFiles/blink.dir/Users/willoliver/pico/pico-sdk/src/rp2_common/pico_standard_binary_info/standard_binary_info.c.o
 .debug_info    0x00012fdf     0x22f2 CMakeFiles/blink.dir/Users/willoliver/pico/pico-sdk/src/rp2_common/pico_printf/printf.c.o
 .debug_info    0x000152d1       0x23 CMakeFiles/blink.dir/Users/willoliver/pico/pico-sdk/src/rp2_common/pico_crt0/crt0.S.o
 .debug_info    0x000152f4      0xb54 CMakeFiles/blink.dir/Users/willoliver/pico/pico-sdk/src/rp2_common/pico_clib_interface/newlib_interface.c.o
 .debug_info    0x00015e48     0x1c52 CMakeFiles/blink.dir/Users/willoliver/pico/pico-sdk/src/rp2_common/pico_stdio/stdio.c.o
 .debug_info    0x00017a9a      0x201 CMakeFiles/blink.dir/Users/willoliver/pico/pico-sdk/src/rp2_common/pico_unique_id/unique_id.c.o
 .debug_info    0x00017c9b     0x12f4 CMakeFiles/blink.dir/Users/willoliver/pico/pico-sdk/src/rp2_common/hardware_flash/flash.c.o

.debug_abbrev   0x00000000     0x497f
 .debug_abbrev  0x00000000      0x1d8 CMakeFiles/blink.dir/blink.c.o
 .debug_abbrev  0x000001d8       0x68 CMakeFiles/blink.dir/clocks.c.o
 .debug_abbrev  0x00000240      0x12b CMakeFiles/blink.dir/Users/willoliver/pico/pico-sdk/src/rp2_common/pico_platform_panic/panic.c.o
 .debug_abbrev  0x0000036b      0x328 CMakeFiles/blink.dir/Users/willoliver/pico/pico-sdk/src/common/hardware_claim/claim.c.o
 .debug_abbrev  0x00000693      0x20f CMakeFiles/blink.dir/Users/willoliver/pico/pico-sdk/src/rp2_common/hardware_sync/sync.c.o
 .debug_abbrev  0x000008a2      0x1bb CMakeFiles/blink.dir/Users/willoliver/pico/pico-sdk/src/rp2_common/hardware_sync_spin_lock/sync_spin_lock.c.o
 .debug_abbrev  0x00000a5d      0x614 CMakeFiles/blink.dir/Users/willoliver/pico/pico-sdk/src/rp2_common/hardware_irq/irq.c.o
 .debug_abbrev  0x00001071       0xee CMakeFiles/blink.dir/Users/willoliver/pico/pico-sdk/src/common/pico_sync/lock_core.c.o
 .debug_abbrev  0x0000115f      0x48c CMakeFiles/blink.dir/Users/willoliver/pico/pico-sdk/src/common/pico_sync/mutex.c.o
 .debug_abbrev  0x000015eb      0x659 CMakeFiles/blink.dir/Users/willoliver/pico/pico-sdk/src/common/pico_time/time.c.o
 .debug_abbrev  0x00001c44      0x4f2 CMakeFiles/blink.dir/Users/willoliver/pico/pico-sdk/src/rp2_common/hardware_timer/timer.c.o
 .debug_abbrev  0x00002136      0x4eb CMakeFiles/blink.dir/Users/willoliver/pico/pico-sdk/src/rp2_common/hardware_clocks/clocks.c.o
 .debug_abbrev  0x00002621      0x1d2 CMakeFiles/blink.dir/Users/willoliver/pico/pico-sdk/src/rp2_common/hardware_pll/pll.c.o
 .debug_abbrev  0x000027f3      0x145 CMakeFiles/blink.dir/Users/willoliver/pico/pico-sdk/src/rp2_common/hardware_ticks/ticks.c.o
 .debug_abbrev  0x00002938      0x1bc CMakeFiles/blink.dir/Users/willoliver/pico/pico-sdk/src/rp2_common/pico_bootrom/bootrom.c.o
 .debug_abbrev  0x00002af4      0x11d CMakeFiles/blink.dir/Users/willoliver/pico/pico-sdk/src/rp2_common/hardware_xosc/xosc.c.o
 .debug_abbrev  0x00002c11      0x182 CMakeFiles/blink.dir/Users/willoliver/pico/pico-sdk/src/rp2_common/pico_runtime/runtime.c.o
 .debug_abbrev  0x00002d93      0x222 CMakeFiles/blink.dir/Users/willoliver/pico/pico-sdk/src/rp2_common/pico_runtime_init/runtime_init.c.o
 .debug_abbrev  0x00002fb5      0x2af CMakeFiles/blink.dir/Users/willoliver/pico/pico-sdk/src/rp2_common/pico_runtime_init/runtime_init_clocks.c.o
 .debug_abbrev  0x00003264       0x12 CMakeFiles/blink.dir/Users/willoliver/pico/pico-sdk/src/rp2_common/pico_bit_ops/bit_ops_aeabi.S.o
 .debug_abbrev  0x00003276       0x12 CMakeFiles/blink.dir/Users/willoliver/pico/pico-sdk/src/rp2_common/pico_divider/divider_hardware.S.o
 .debug_abbrev  0x00003288       0x12 CMakeFiles/blink.dir/Users/willoliver/pico/pico-sdk/src/rp2_common/pico_double/double_aeabi_rp2040.S.o
 .debug_abbrev  0x0000329a      0x17a CMakeFiles/blink.dir/Users/willoliver/pico/pico-sdk/src/rp2_common/pico_double/double_init_rom_rp2040.c.o
 .debug_abbrev  0x00003414       0x12 CMakeFiles/blink.dir/Users/willoliver/pico/pico-sdk/src/rp2_common/pico_double/double_v1_rom_shim_rp2040.S.o
 .debug_abbrev  0x00003426       0x12 CMakeFiles/blink.dir/Users/willoliver/pico/pico-sdk/src/rp2_common/pico_float/float_aeabi_rp2040.S.o
 .debug_abbrev  0x00003438      0x173 CMakeFiles/blink.dir/Users/willoliver/pico/pico-sdk/src/rp2_common/pico_float/float_init_rom_rp2040.c.o
 .debug_abbrev  0x000035ab       0x12 CMakeFiles/blink.dir/Users/willoliver/pico/pico-sdk/src/rp2_common/pico_float/float_v1_rom_shim_rp2040.S.o
 .debug_abbrev  0x000035bd       0x12 CMakeFiles/blink.dir/Users/willoliver/pico/pico-sdk/src/rp2_common/pico_mem_ops/mem_ops_aeabi.S.o
 .debug_abbrev  0x000035cf       0xb8 CMakeFiles/blink.dir/Users/willoliver/pico/pico-sdk/src/rp2_common/pico_standard_binary_info/standard_binary_info.c.o
 .debug_abbrev  0x00003687      0x50c CMakeFiles/blink.dir/Users/willoliver/pico/pico-sdk/src/rp2_common/pico_printf/printf.c.o
 .debug_abbrev  0x00003b93       0x12 CMakeFiles/blink.dir/Users/willoliver/pico/pico-sdk/src/rp2_common/pico_crt0/crt0.S.o
 .debug_abbrev  0x00003ba5      0x352 CMakeFiles/blink.dir/Users/willoliver/pico/pico-sdk/src/rp2_common/pico_clib_interface/newlib_interface.c.o
 .debug_abbrev  0x00003ef7      0x5c4 CMakeFiles/blink.dir/Users/willoliver/pico/pico-sdk/src/rp2_common/pico_stdio/stdio.c.o
 .debug_abbrev  0x000044bb      0x153 CMakeFiles/blink.dir/Users/willoliver/pico/pico-sdk/src/rp2_common/pico_unique_id/unique_id.c.o
 .debug_abbrev  0x0000460e      0x371 CMakeFiles/blink.dir/Users/willoliver/pico/pico-sdk/src/rp2_common/hardware_flash/flash.c.o

.debug_loclists
                0x00000000     0xee13
 .debug_loclists
                0x00000000       0xbf CMakeFiles/blink.dir/blink.c.o
 .debug_loclists
                0x000000bf       0x50 CMakeFiles/blink.dir/clocks.c.o
 .debug_loclists
                0x0000010f      0x349 CMakeFiles/blink.dir/Users/willoliver/pico/pico-sdk/src/common/hardware_claim/claim.c.o
 .debug_loclists
                0x00000458      0x108 CMakeFiles/blink.dir/Users/willoliver/pico/pico-sdk/src/rp2_common/hardware_sync/sync.c.o
 .debug_loclists
                0x00000560       0x7d CMakeFiles/blink.dir/Users/willoliver/pico/pico-sdk/src/rp2_common/hardware_sync_spin_lock/sync_spin_lock.c.o
 .debug_loclists
                0x000005dd     0x11ed CMakeFiles/blink.dir/Users/willoliver/pico/pico-sdk/src/rp2_common/hardware_irq/irq.c.o
 .debug_loclists
                0x000017ca       0x41 CMakeFiles/blink.dir/Users/willoliver/pico/pico-sdk/src/common/pico_sync/lock_core.c.o
 .debug_loclists
                0x0000180b      0xaec CMakeFiles/blink.dir/Users/willoliver/pico/pico-sdk/src/common/pico_sync/mutex.c.o
 .debug_loclists
                0x000022f7     0x27d7 CMakeFiles/blink.dir/Users/willoliver/pico/pico-sdk/src/common/pico_time/time.c.o
 .debug_loclists
                0x00004ace     0x19f6 CMakeFiles/blink.dir/Users/willoliver/pico/pico-sdk/src/rp2_common/hardware_timer/timer.c.o
 .debug_loclists
                0x000064c4     0x2b6f CMakeFiles/blink.dir/Users/willoliver/pico/pico-sdk/src/rp2_common/hardware_clocks/clocks.c.o
 .debug_loclists
                0x00009033      0x1e0 CMakeFiles/blink.dir/Users/willoliver/pico/pico-sdk/src/rp2_common/hardware_pll/pll.c.o
 .debug_loclists
                0x00009213       0x47 CMakeFiles/blink.dir/Users/willoliver/pico/pico-sdk/src/rp2_common/hardware_ticks/ticks.c.o
 .debug_loclists
                0x0000925a      0x351 CMakeFiles/blink.dir/Users/willoliver/pico/pico-sdk/src/rp2_common/pico_bootrom/bootrom.c.o
 .debug_loclists
                0x000095ab       0x48 CMakeFiles/blink.dir/Users/willoliver/pico/pico-sdk/src/rp2_common/hardware_xosc/xosc.c.o
 .debug_loclists
                0x000095f3       0x7e CMakeFiles/blink.dir/Users/willoliver/pico/pico-sdk/src/rp2_common/pico_runtime/runtime.c.o
 .debug_loclists
                0x00009671       0xba CMakeFiles/blink.dir/Users/willoliver/pico/pico-sdk/src/rp2_common/pico_runtime_init/runtime_init.c.o
 .debug_loclists
                0x0000972b       0x74 CMakeFiles/blink.dir/Users/willoliver/pico/pico-sdk/src/rp2_common/pico_runtime_init/runtime_init_clocks.c.o
 .debug_loclists
                0x0000979f       0x3d CMakeFiles/blink.dir/Users/willoliver/pico/pico-sdk/src/rp2_common/pico_double/double_init_rom_rp2040.c.o
 .debug_loclists
                0x000097dc       0x59 CMakeFiles/blink.dir/Users/willoliver/pico/pico-sdk/src/rp2_common/pico_float/float_init_rom_rp2040.c.o
 .debug_loclists
                0x00009835     0x355f CMakeFiles/blink.dir/Users/willoliver/pico/pico-sdk/src/rp2_common/pico_printf/printf.c.o
 .debug_loclists
                0x0000cd94      0x431 CMakeFiles/blink.dir/Users/willoliver/pico/pico-sdk/src/rp2_common/pico_clib_interface/newlib_interface.c.o
 .debug_loclists
                0x0000d1c5      0xf4f CMakeFiles/blink.dir/Users/willoliver/pico/pico-sdk/src/rp2_common/pico_stdio/stdio.c.o
 .debug_loclists
                0x0000e114      0x3d5 CMakeFiles/blink.dir/Users/willoliver/pico/pico-sdk/src/rp2_common/pico_unique_id/unique_id.c.o
 .debug_loclists
                0x0000e4e9      0x92a CMakeFiles/blink.dir/Users/willoliver/pico/pico-sdk/src/rp2_common/hardware_flash/flash.c.o

.debug_aranges  0x00000000      0xe08
 .debug_aranges
                0x00000000       0x50 CMakeFiles/blink.dir/blink.c.o
 .debug_aranges
                0x00000050       0x20 CMakeFiles/blink.dir/clocks.c.o
 .debug_aranges
                0x00000070       0x28 CMakeFiles/blink.dir/Users/willoliver/pico/pico-sdk/src/rp2_common/pico_platform_panic/panic.c.o
 .debug_aranges
                0x00000098       0x48 CMakeFiles/blink.dir/Users/willoliver/pico/pico-sdk/src/common/hardware_claim/claim.c.o
 .debug_aranges
                0x000000e0       0x48 CMakeFiles/blink.dir/Users/willoliver/pico/pico-sdk/src/rp2_common/hardware_sync/sync.c.o
 .debug_aranges
                0x00000128       0x28 CMakeFiles/blink.dir/Users/willoliver/pico/pico-sdk/src/rp2_common/hardware_sync_spin_lock/sync_spin_lock.c.o
 .debug_aranges
                0x00000150       0xb8 CMakeFiles/blink.dir/Users/willoliver/pico/pico-sdk/src/rp2_common/hardware_irq/irq.c.o
 .debug_aranges
                0x00000208       0x20 CMakeFiles/blink.dir/Users/willoliver/pico/pico-sdk/src/common/pico_sync/lock_core.c.o
 .debug_aranges
                0x00000228       0x98 CMakeFiles/blink.dir/Users/willoliver/pico/pico-sdk/src/common/pico_sync/mutex.c.o
 .debug_aranges
                0x000002c0       0xe0 CMakeFiles/blink.dir/Users/willoliver/pico/pico-sdk/src/common/pico_time/time.c.o
 .debug_aranges
                0x000003a0       0xf0 CMakeFiles/blink.dir/Users/willoliver/pico/pico-sdk/src/rp2_common/hardware_timer/timer.c.o
 .debug_aranges
                0x00000490       0x90 CMakeFiles/blink.dir/Users/willoliver/pico/pico-sdk/src/rp2_common/hardware_clocks/clocks.c.o
 .debug_aranges
                0x00000520       0x28 CMakeFiles/blink.dir/Users/willoliver/pico/pico-sdk/src/rp2_common/hardware_pll/pll.c.o
 .debug_aranges
                0x00000548       0x30 CMakeFiles/blink.dir/Users/willoliver/pico/pico-sdk/src/rp2_common/hardware_ticks/ticks.c.o
 .debug_aranges
                0x00000578       0x40 CMakeFiles/blink.dir/Users/willoliver/pico/pico-sdk/src/rp2_common/pico_bootrom/bootrom.c.o
 .debug_aranges
                0x000005b8       0x30 CMakeFiles/blink.dir/Users/willoliver/pico/pico-sdk/src/rp2_common/hardware_xosc/xosc.c.o
 .debug_aranges
                0x000005e8       0x38 CMakeFiles/blink.dir/Users/willoliver/pico/pico-sdk/src/rp2_common/pico_runtime/runtime.c.o
 .debug_aranges
                0x00000620       0x48 CMakeFiles/blink.dir/Users/willoliver/pico/pico-sdk/src/rp2_common/pico_runtime_init/runtime_init.c.o
 .debug_aranges
                0x00000668       0x20 CMakeFiles/blink.dir/Users/willoliver/pico/pico-sdk/src/rp2_common/pico_runtime_init/runtime_init_clocks.c.o
 .debug_aranges
                0x00000688       0x60 CMakeFiles/blink.dir/Users/willoliver/pico/pico-sdk/src/rp2_common/pico_bit_ops/bit_ops_aeabi.S.o
 .debug_aranges
                0x000006e8       0x40 CMakeFiles/blink.dir/Users/willoliver/pico/pico-sdk/src/rp2_common/pico_divider/divider_hardware.S.o
 .debug_aranges
                0x00000728      0x150 CMakeFiles/blink.dir/Users/willoliver/pico/pico-sdk/src/rp2_common/pico_double/double_aeabi_rp2040.S.o
 .debug_aranges
                0x00000878       0x20 CMakeFiles/blink.dir/Users/willoliver/pico/pico-sdk/src/rp2_common/pico_double/double_init_rom_rp2040.c.o
 .debug_aranges
                0x00000898       0xc8 CMakeFiles/blink.dir/Users/willoliver/pico/pico-sdk/src/rp2_common/pico_double/double_v1_rom_shim_rp2040.S.o
 .debug_aranges
                0x00000960      0x138 CMakeFiles/blink.dir/Users/willoliver/pico/pico-sdk/src/rp2_common/pico_float/float_aeabi_rp2040.S.o
 .debug_aranges
                0x00000a98       0x20 CMakeFiles/blink.dir/Users/willoliver/pico/pico-sdk/src/rp2_common/pico_float/float_init_rom_rp2040.c.o
 .debug_aranges
                0x00000ab8       0x50 CMakeFiles/blink.dir/Users/willoliver/pico/pico-sdk/src/rp2_common/pico_float/float_v1_rom_shim_rp2040.S.o
 .debug_aranges
                0x00000b08       0x38 CMakeFiles/blink.dir/Users/willoliver/pico/pico-sdk/src/rp2_common/pico_mem_ops/mem_ops_aeabi.S.o
 .debug_aranges
                0x00000b40       0x18 CMakeFiles/blink.dir/Users/willoliver/pico/pico-sdk/src/rp2_common/pico_standard_binary_info/standard_binary_info.c.o
 .debug_aranges
                0x00000b58       0x90 CMakeFiles/blink.dir/Users/willoliver/pico/pico-sdk/src/rp2_common/pico_printf/printf.c.o
 .debug_aranges
                0x00000be8       0x28 CMakeFiles/blink.dir/Users/willoliver/pico/pico-sdk/src/rp2_common/pico_crt0/crt0.S.o
 .debug_aranges
                0x00000c10       0xa0 CMakeFiles/blink.dir/Users/willoliver/pico/pico-sdk/src/rp2_common/pico_clib_interface/newlib_interface.c.o
 .debug_aranges
                0x00000cb0       0xc8 CMakeFiles/blink.dir/Users/willoliver/pico/pico-sdk/src/rp2_common/pico_stdio/stdio.c.o
 .debug_aranges
                0x00000d78       0x30 CMakeFiles/blink.dir/Users/willoliver/pico/pico-sdk/src/rp2_common/pico_unique_id/unique_id.c.o
 .debug_aranges
                0x00000da8       0x60 CMakeFiles/blink.dir/Users/willoliver/pico/pico-sdk/src/rp2_common/hardware_flash/flash.c.o

.debug_rnglists
                0x00000000     0x27d5
 .debug_rnglists
                0x00000000       0x7a CMakeFiles/blink.dir/blink.c.o
 .debug_rnglists
                0x0000007a       0x13 CMakeFiles/blink.dir/clocks.c.o
 .debug_rnglists
                0x0000008d       0x19 CMakeFiles/blink.dir/Users/willoliver/pico/pico-sdk/src/rp2_common/pico_platform_panic/panic.c.o
 .debug_rnglists
                0x000000a6       0xb6 CMakeFiles/blink.dir/Users/willoliver/pico/pico-sdk/src/common/hardware_claim/claim.c.o
 .debug_rnglists
                0x0000015c       0x58 CMakeFiles/blink.dir/Users/willoliver/pico/pico-sdk/src/rp2_common/hardware_sync/sync.c.o
 .debug_rnglists
                0x000001b4       0x3d CMakeFiles/blink.dir/Users/willoliver/pico/pico-sdk/src/rp2_common/hardware_sync_spin_lock/sync_spin_lock.c.o
 .debug_rnglists
                0x000001f1      0x37d CMakeFiles/blink.dir/Users/willoliver/pico/pico-sdk/src/rp2_common/hardware_irq/irq.c.o
 .debug_rnglists
                0x0000056e       0x1f CMakeFiles/blink.dir/Users/willoliver/pico/pico-sdk/src/common/pico_sync/lock_core.c.o
 .debug_rnglists
                0x0000058d      0x325 CMakeFiles/blink.dir/Users/willoliver/pico/pico-sdk/src/common/pico_sync/mutex.c.o
 .debug_rnglists
                0x000008b2      0x7e2 CMakeFiles/blink.dir/Users/willoliver/pico/pico-sdk/src/common/pico_time/time.c.o
 .debug_rnglists
                0x00001094      0x2c6 CMakeFiles/blink.dir/Users/willoliver/pico/pico-sdk/src/rp2_common/hardware_timer/timer.c.o
 .debug_rnglists
                0x0000135a      0x5af CMakeFiles/blink.dir/Users/willoliver/pico/pico-sdk/src/rp2_common/hardware_clocks/clocks.c.o
 .debug_rnglists
                0x00001909       0x5c CMakeFiles/blink.dir/Users/willoliver/pico/pico-sdk/src/rp2_common/hardware_pll/pll.c.o
 .debug_rnglists
                0x00001965       0x2b CMakeFiles/blink.dir/Users/willoliver/pico/pico-sdk/src/rp2_common/hardware_ticks/ticks.c.o
 .debug_rnglists
                0x00001990      0x112 CMakeFiles/blink.dir/Users/willoliver/pico/pico-sdk/src/rp2_common/pico_bootrom/bootrom.c.o
 .debug_rnglists
                0x00001aa2       0x1f CMakeFiles/blink.dir/Users/willoliver/pico/pico-sdk/src/rp2_common/hardware_xosc/xosc.c.o
 .debug_rnglists
                0x00001ac1       0x3d CMakeFiles/blink.dir/Users/willoliver/pico/pico-sdk/src/rp2_common/pico_runtime/runtime.c.o
 .debug_rnglists
                0x00001afe       0x49 CMakeFiles/blink.dir/Users/willoliver/pico/pico-sdk/src/rp2_common/pico_runtime_init/runtime_init.c.o
 .debug_rnglists
                0x00001b47       0x20 CMakeFiles/blink.dir/Users/willoliver/pico/pico-sdk/src/rp2_common/pico_runtime_init/runtime_init_clocks.c.o
 .debug_rnglists
                0x00001b67       0x43 CMakeFiles/blink.dir/Users/willoliver/pico/pico-sdk/src/rp2_common/pico_bit_ops/bit_ops_aeabi.S.o
 .debug_rnglists
                0x00001baa       0x2c CMakeFiles/blink.dir/Users/willoliver/pico/pico-sdk/src/rp2_common/pico_divider/divider_hardware.S.o
 .debug_rnglists
                0x00001bd6       0xf9 CMakeFiles/blink.dir/Users/willoliver/pico/pico-sdk/src/rp2_common/pico_double/double_aeabi_rp2040.S.o
 .debug_rnglists
                0x00001ccf       0x14 CMakeFiles/blink.dir/Users/willoliver/pico/pico-sdk/src/rp2_common/pico_double/double_init_rom_rp2040.c.o
 .debug_rnglists
                0x00001ce3       0x99 CMakeFiles/blink.dir/Users/willoliver/pico/pico-sdk/src/rp2_common/pico_double/double_v1_rom_shim_rp2040.S.o
 .debug_rnglists
                0x00001d7c       0xe5 CMakeFiles/blink.dir/Users/willoliver/pico/pico-sdk/src/rp2_common/pico_float/float_aeabi_rp2040.S.o
 .debug_rnglists
                0x00001e61       0x13 CMakeFiles/blink.dir/Users/willoliver/pico/pico-sdk/src/rp2_common/pico_float/float_init_rom_rp2040.c.o
 .debug_rnglists
                0x00001e74       0x38 CMakeFiles/blink.dir/Users/willoliver/pico/pico-sdk/src/rp2_common/pico_float/float_v1_rom_shim_rp2040.S.o
 .debug_rnglists
                0x00001eac       0x25 CMakeFiles/blink.dir/Users/willoliver/pico/pico-sdk/src/rp2_common/pico_mem_ops/mem_ops_aeabi.S.o
 .debug_rnglists
                0x00001ed1      0x2a2 CMakeFiles/blink.dir/Users/willoliver/pico/pico-sdk/src/rp2_common/pico_printf/printf.c.o
 .debug_rnglists
                0x00002173       0x1b CMakeFiles/blink.dir/Users/willoliver/pico/pico-sdk/src/rp2_common/pico_crt0/crt0.S.o
 .debug_rnglists
                0x0000218e       0x7f CMakeFiles/blink.dir/Users/willoliver/pico/pico-sdk/src/rp2_common/pico_clib_interface/newlib_interface.c.o
 .debug_rnglists
                0x0000220d      0x2bb CMakeFiles/blink.dir/Users/willoliver/pico/pico-sdk/src/rp2_common/pico_stdio/stdio.c.o
 .debug_rnglists
                0x000024c8       0x70 CMakeFiles/blink.dir/Users/willoliver/pico/pico-sdk/src/rp2_common/pico_unique_id/unique_id.c.o
 .debug_rnglists
                0x00002538      0x29d CMakeFiles/blink.dir/Users/willoliver/pico/pico-sdk/src/rp2_common/hardware_flash/flash.c.o

.debug_line     0x00000000    0x14b85
 .debug_line    0x00000000      0x34b CMakeFiles/blink.dir/blink.c.o
 .debug_line    0x0000034b      0x13a CMakeFiles/blink.dir/clocks.c.o
 .debug_line    0x00000485      0x29c CMakeFiles/blink.dir/Users/willoliver/pico/pico-sdk/src/rp2_common/pico_platform_panic/panic.c.o
 .debug_line    0x00000721      0x8ee CMakeFiles/blink.dir/Users/willoliver/pico/pico-sdk/src/common/hardware_claim/claim.c.o
 .debug_line    0x0000100f      0x4d8 CMakeFiles/blink.dir/Users/willoliver/pico/pico-sdk/src/rp2_common/hardware_sync/sync.c.o
 .debug_line    0x000014e7      0x3bd CMakeFiles/blink.dir/Users/willoliver/pico/pico-sdk/src/rp2_common/hardware_sync_spin_lock/sync_spin_lock.c.o
 .debug_line    0x000018a4     0x1769 CMakeFiles/blink.dir/Users/willoliver/pico/pico-sdk/src/rp2_common/hardware_irq/irq.c.o
 .debug_line    0x0000300d      0x2e8 CMakeFiles/blink.dir/Users/willoliver/pico/pico-sdk/src/common/pico_sync/lock_core.c.o
 .debug_line    0x000032f5     0x1b39 CMakeFiles/blink.dir/Users/willoliver/pico/pico-sdk/src/common/pico_sync/mutex.c.o
 .debug_line    0x00004e2e     0x3547 CMakeFiles/blink.dir/Users/willoliver/pico/pico-sdk/src/common/pico_time/time.c.o
 .debug_line    0x00008375     0x1d07 CMakeFiles/blink.dir/Users/willoliver/pico/pico-sdk/src/rp2_common/hardware_timer/timer.c.o
 .debug_line    0x0000a07c     0x2100 CMakeFiles/blink.dir/Users/willoliver/pico/pico-sdk/src/rp2_common/hardware_clocks/clocks.c.o
 .debug_line    0x0000c17c      0x4fd CMakeFiles/blink.dir/Users/willoliver/pico/pico-sdk/src/rp2_common/hardware_pll/pll.c.o
 .debug_line    0x0000c679      0x347 CMakeFiles/blink.dir/Users/willoliver/pico/pico-sdk/src/rp2_common/hardware_ticks/ticks.c.o
 .debug_line    0x0000c9c0      0x46c CMakeFiles/blink.dir/Users/willoliver/pico/pico-sdk/src/rp2_common/pico_bootrom/bootrom.c.o
 .debug_line    0x0000ce2c      0x350 CMakeFiles/blink.dir/Users/willoliver/pico/pico-sdk/src/rp2_common/hardware_xosc/xosc.c.o
 .debug_line    0x0000d17c      0x31f CMakeFiles/blink.dir/Users/willoliver/pico/pico-sdk/src/rp2_common/pico_runtime/runtime.c.o
 .debug_line    0x0000d49b      0x53f CMakeFiles/blink.dir/Users/willoliver/pico/pico-sdk/src/rp2_common/pico_runtime_init/runtime_init.c.o
 .debug_line    0x0000d9da      0x55d CMakeFiles/blink.dir/Users/willoliver/pico/pico-sdk/src/rp2_common/pico_runtime_init/runtime_init_clocks.c.o
 .debug_line    0x0000df37      0x107 CMakeFiles/blink.dir/Users/willoliver/pico/pico-sdk/src/rp2_common/pico_bit_ops/bit_ops_aeabi.S.o
 .debug_line    0x0000e03e      0x2a9 CMakeFiles/blink.dir/Users/willoliver/pico/pico-sdk/src/rp2_common/pico_divider/divider_hardware.S.o
 .debug_line    0x0000e2e7      0x452 CMakeFiles/blink.dir/Users/willoliver/pico/pico-sdk/src/rp2_common/pico_double/double_aeabi_rp2040.S.o
 .debug_line    0x0000e739      0x4ab CMakeFiles/blink.dir/Users/willoliver/pico/pico-sdk/src/rp2_common/pico_double/double_init_rom_rp2040.c.o
 .debug_line    0x0000ebe4      0x66d CMakeFiles/blink.dir/Users/willoliver/pico/pico-sdk/src/rp2_common/pico_double/double_v1_rom_shim_rp2040.S.o
 .debug_line    0x0000f251      0x3d2 CMakeFiles/blink.dir/Users/willoliver/pico/pico-sdk/src/rp2_common/pico_float/float_aeabi_rp2040.S.o
 .debug_line    0x0000f623      0x3c0 CMakeFiles/blink.dir/Users/willoliver/pico/pico-sdk/src/rp2_common/pico_float/float_init_rom_rp2040.c.o
 .debug_line    0x0000f9e3      0x195 CMakeFiles/blink.dir/Users/willoliver/pico/pico-sdk/src/rp2_common/pico_float/float_v1_rom_shim_rp2040.S.o
 .debug_line    0x0000fb78       0x94 CMakeFiles/blink.dir/Users/willoliver/pico/pico-sdk/src/rp2_common/pico_mem_ops/mem_ops_aeabi.S.o
 .debug_line    0x0000fc0c      0x1fe CMakeFiles/blink.dir/Users/willoliver/pico/pico-sdk/src/rp2_common/pico_standard_binary_info/standard_binary_info.c.o
 .debug_line    0x0000fe0a     0x1d33 CMakeFiles/blink.dir/Users/willoliver/pico/pico-sdk/src/rp2_common/pico_printf/printf.c.o
 .debug_line    0x00011b3d       0xa5 CMakeFiles/blink.dir/Users/willoliver/pico/pico-sdk/src/rp2_common/pico_crt0/crt0.S.o
 .debug_line    0x00011be2      0x870 CMakeFiles/blink.dir/Users/willoliver/pico/pico-sdk/src/rp2_common/pico_clib_interface/newlib_interface.c.o
 .debug_line    0x00012452     0x14ce CMakeFiles/blink.dir/Users/willoliver/pico/pico-sdk/src/rp2_common/pico_stdio/stdio.c.o
 .debug_line    0x00013920      0x676 CMakeFiles/blink.dir/Users/willoliver/pico/pico-sdk/src/rp2_common/pico_unique_id/unique_id.c.o
 .debug_line    0x00013f96      0xbef CMakeFiles/blink.dir/Users/willoliver/pico/pico-sdk/src/rp2_common/hardware_flash/flash.c.o

.debug_str      0x00000000     0x3da4
 .debug_str     0x00000000     0x3da4 CMakeFiles/blink.dir/blink.c.o
                                0x1d5 (size before relaxing)
 .debug_str     0x00003da4      0x18c CMakeFiles/blink.dir/clocks.c.o
 .debug_str     0x00003da4      0x1f3 CMakeFiles/blink.dir/Users/willoliver/pico/pico-sdk/src/rp2_common/pico_platform_panic/panic.c.o
 .debug_str     0x00003da4      0x376 CMakeFiles/blink.dir/Users/willoliver/pico/pico-sdk/src/common/hardware_claim/claim.c.o
 .debug_str     0x00003da4      0x31f CMakeFiles/blink.dir/Users/willoliver/pico/pico-sdk/src/rp2_common/hardware_sync/sync.c.o
 .debug_str     0x00003da4      0x232 CMakeFiles/blink.dir/Users/willoliver/pico/pico-sdk/src/rp2_common/hardware_sync_spin_lock/sync_spin_lock.c.o
 .debug_str     0x00003da4      0xa66 CMakeFiles/blink.dir/Users/willoliver/pico/pico-sdk/src/rp2_common/hardware_irq/irq.c.o
 .debug_str     0x00003da4      0x1fe CMakeFiles/blink.dir/Users/willoliver/pico/pico-sdk/src/common/pico_sync/lock_core.c.o
 .debug_str     0x00003da4      0x791 CMakeFiles/blink.dir/Users/willoliver/pico/pico-sdk/src/common/pico_sync/mutex.c.o
 .debug_str     0x00003da4     0x1187 CMakeFiles/blink.dir/Users/willoliver/pico/pico-sdk/src/common/pico_time/time.c.o
 .debug_str     0x00003da4      0x9d9 CMakeFiles/blink.dir/Users/willoliver/pico/pico-sdk/src/rp2_common/hardware_timer/timer.c.o
 .debug_str     0x00003da4      0x98e CMakeFiles/blink.dir/Users/willoliver/pico/pico-sdk/src/rp2_common/hardware_clocks/clocks.c.o
 .debug_str     0x00003da4      0x451 CMakeFiles/blink.dir/Users/willoliver/pico/pico-sdk/src/rp2_common/hardware_pll/pll.c.o
 .debug_str     0x00003da4      0x280 CMakeFiles/blink.dir/Users/willoliver/pico/pico-sdk/src/rp2_common/hardware_ticks/ticks.c.o
 .debug_str     0x00003da4      0x345 CMakeFiles/blink.dir/Users/willoliver/pico/pico-sdk/src/rp2_common/pico_bootrom/bootrom.c.o
 .debug_str     0x00003da4      0x235 CMakeFiles/blink.dir/Users/willoliver/pico/pico-sdk/src/rp2_common/hardware_xosc/xosc.c.o
 .debug_str     0x00003da4      0x285 CMakeFiles/blink.dir/Users/willoliver/pico/pico-sdk/src/rp2_common/pico_runtime/runtime.c.o
 .debug_str     0x00003da4      0x779 CMakeFiles/blink.dir/Users/willoliver/pico/pico-sdk/src/rp2_common/pico_runtime_init/runtime_init.c.o
 .debug_str     0x00003da4      0x48d CMakeFiles/blink.dir/Users/willoliver/pico/pico-sdk/src/rp2_common/pico_runtime_init/runtime_init_clocks.c.o
 .debug_str     0x00003da4       0x7d CMakeFiles/blink.dir/Users/willoliver/pico/pico-sdk/src/rp2_common/pico_bit_ops/bit_ops_aeabi.S.o
 .debug_str     0x00003da4       0x80 CMakeFiles/blink.dir/Users/willoliver/pico/pico-sdk/src/rp2_common/pico_divider/divider_hardware.S.o
 .debug_str     0x00003da4       0x82 CMakeFiles/blink.dir/Users/willoliver/pico/pico-sdk/src/rp2_common/pico_double/double_aeabi_rp2040.S.o
 .debug_str     0x00003da4      0x2ae CMakeFiles/blink.dir/Users/willoliver/pico/pico-sdk/src/rp2_common/pico_double/double_init_rom_rp2040.c.o
 .debug_str     0x00003da4       0x88 CMakeFiles/blink.dir/Users/willoliver/pico/pico-sdk/src/rp2_common/pico_double/double_v1_rom_shim_rp2040.S.o
 .debug_str     0x00003da4       0x80 CMakeFiles/blink.dir/Users/willoliver/pico/pico-sdk/src/rp2_common/pico_float/float_aeabi_rp2040.S.o
 .debug_str     0x00003da4      0x293 CMakeFiles/blink.dir/Users/willoliver/pico/pico-sdk/src/rp2_common/pico_float/float_init_rom_rp2040.c.o
 .debug_str     0x00003da4       0x86 CMakeFiles/blink.dir/Users/willoliver/pico/pico-sdk/src/rp2_common/pico_float/float_v1_rom_shim_rp2040.S.o
 .debug_str     0x00003da4       0x7d CMakeFiles/blink.dir/Users/willoliver/pico/pico-sdk/src/rp2_common/pico_mem_ops/mem_ops_aeabi.S.o
 .debug_str     0x00003da4      0x3f4 CMakeFiles/blink.dir/Users/willoliver/pico/pico-sdk/src/rp2_common/pico_standard_binary_info/standard_binary_info.c.o
 .debug_str     0x00003da4      0x4d7 CMakeFiles/blink.dir/Users/willoliver/pico/pico-sdk/src/rp2_common/pico_printf/printf.c.o
 .debug_str     0x00003da4       0x71 CMakeFiles/blink.dir/Users/willoliver/pico/pico-sdk/src/rp2_common/pico_crt0/crt0.S.o
 .debug_str     0x00003da4      0x713 CMakeFiles/blink.dir/Users/willoliver/pico/pico-sdk/src/rp2_common/pico_clib_interface/newlib_interface.c.o
 .debug_str     0x00003da4      0xad7 CMakeFiles/blink.dir/Users/willoliver/pico/pico-sdk/src/rp2_common/pico_stdio/stdio.c.o
 .debug_str     0x00003da4      0x264 CMakeFiles/blink.dir/Users/willoliver/pico/pico-sdk/src/rp2_common/pico_unique_id/unique_id.c.o
 .debug_str     0x00003da4      0x6be CMakeFiles/blink.dir/Users/willoliver/pico/pico-sdk/src/rp2_common/hardware_flash/flash.c.o

.debug_frame    0x00000000     0x186c
 .debug_frame   0x00000000       0x98 CMakeFiles/blink.dir/blink.c.o
 .debug_frame   0x00000098       0x28 CMakeFiles/blink.dir/clocks.c.o
 .debug_frame   0x000000c0       0x44 CMakeFiles/blink.dir/Users/willoliver/pico/pico-sdk/src/rp2_common/pico_platform_panic/panic.c.o
 .debug_frame   0x00000104       0xa0 CMakeFiles/blink.dir/Users/willoliver/pico/pico-sdk/src/common/hardware_claim/claim.c.o
 .debug_frame   0x000001a4       0xa8 CMakeFiles/blink.dir/Users/willoliver/pico/pico-sdk/src/rp2_common/hardware_sync/sync.c.o
 .debug_frame   0x0000024c       0x30 CMakeFiles/blink.dir/Users/willoliver/pico/pico-sdk/src/rp2_common/hardware_sync_spin_lock/sync_spin_lock.c.o
 .debug_frame   0x0000027c      0x1cc CMakeFiles/blink.dir/Users/willoliver/pico/pico-sdk/src/rp2_common/hardware_irq/irq.c.o
 .debug_frame   0x00000448       0x20 CMakeFiles/blink.dir/Users/willoliver/pico/pico-sdk/src/common/pico_sync/lock_core.c.o
 .debug_frame   0x00000468      0x1e8 CMakeFiles/blink.dir/Users/willoliver/pico/pico-sdk/src/common/pico_sync/mutex.c.o
 .debug_frame   0x00000650      0x2ec CMakeFiles/blink.dir/Users/willoliver/pico/pico-sdk/src/common/pico_time/time.c.o
 .debug_frame   0x0000093c      0x2c4 CMakeFiles/blink.dir/Users/willoliver/pico/pico-sdk/src/rp2_common/hardware_timer/timer.c.o
 .debug_frame   0x00000c00      0x1f4 CMakeFiles/blink.dir/Users/willoliver/pico/pico-sdk/src/rp2_common/hardware_clocks/clocks.c.o
 .debug_frame   0x00000df4       0x40 CMakeFiles/blink.dir/Users/willoliver/pico/pico-sdk/src/rp2_common/hardware_pll/pll.c.o
 .debug_frame   0x00000e34       0x40 CMakeFiles/blink.dir/Users/willoliver/pico/pico-sdk/src/rp2_common/hardware_ticks/ticks.c.o
 .debug_frame   0x00000e74       0xa0 CMakeFiles/blink.dir/Users/willoliver/pico/pico-sdk/src/rp2_common/pico_bootrom/bootrom.c.o
 .debug_frame   0x00000f14       0x40 CMakeFiles/blink.dir/Users/willoliver/pico/pico-sdk/src/rp2_common/hardware_xosc/xosc.c.o
 .debug_frame   0x00000f54       0x70 CMakeFiles/blink.dir/Users/willoliver/pico/pico-sdk/src/rp2_common/pico_runtime/runtime.c.o
 .debug_frame   0x00000fc4       0x84 CMakeFiles/blink.dir/Users/willoliver/pico/pico-sdk/src/rp2_common/pico_runtime_init/runtime_init.c.o
 .debug_frame   0x00001048       0x2c CMakeFiles/blink.dir/Users/willoliver/pico/pico-sdk/src/rp2_common/pico_runtime_init/runtime_init_clocks.c.o
 .debug_frame   0x00001074       0x2c CMakeFiles/blink.dir/Users/willoliver/pico/pico-sdk/src/rp2_common/pico_double/double_init_rom_rp2040.c.o
 .debug_frame   0x000010a0       0x28 CMakeFiles/blink.dir/Users/willoliver/pico/pico-sdk/src/rp2_common/pico_float/float_init_rom_rp2040.c.o
 .debug_frame   0x000010c8      0x1f0 CMakeFiles/blink.dir/Users/willoliver/pico/pico-sdk/src/rp2_common/pico_printf/printf.c.o
 .debug_frame   0x000012b8      0x174 CMakeFiles/blink.dir/Users/willoliver/pico/pico-sdk/src/rp2_common/pico_clib_interface/newlib_interface.c.o