Archive member included to satisfy reference by file (symbol)

/Applications/ArmGNUToolchain/14.2.rel1/arm-none-eabi/bin/../lib/gcc/arm-none-eabi/14.2.1/thumb/v6-m/nofp/libgcc.a(_dvmd_tls.o)
                              CMakeFiles/hello.dir/Users/willoliver/pico/pico-sdk/src/rp2_common/pico_divider/divider_hardware.S.o (__aeabi_idiv0)
/Applications/ArmGNUToolchain/14.2.rel1/arm-none-eabi/bin/../lib/gcc/arm-none-eabi/14.2.1/../../../../arm-none-eabi/lib/thumb/v6-m/nofp/libg.a(libc_a-calloc.o)
                              CMakeFiles/hello.dir/Users/willoliver/pico/pico-sdk/src/rp2_common/pico_malloc/malloc.c.o (calloc)
/Applications/ArmGNUToolchain/14.2.rel1/arm-none-eabi/bin/../lib/gcc/arm-none-eabi/14.2.1/../../../../arm-none-eabi/lib/thumb/v6-m/nofp/libg.a(libc_a-callocr.o)
                              /Applications/ArmGNUToolchain/14.2.rel1/arm-none-eabi/bin/../lib/gcc/arm-none-eabi/14.2.1/../../../../arm-none-eabi/lib/thumb/v6-m/nofp/libg.a(libc_a-calloc.o) (_calloc_r)
/Applications/ArmGNUToolchain/14.2.rel1/arm-none-eabi/bin/../lib/gcc/arm-none-eabi/14.2.1/../../../../arm-none-eabi/lib/thumb/v6-m/nofp/libg.a(libc_a-malloc.o)
                              CMakeFiles/hello.dir/Users/willoliver/pico/pico-sdk/src/rp2_common/pico_malloc/malloc.c.o (malloc)
/Applications/ArmGNUToolchain/14.2.rel1/arm-none-eabi/bin/../lib/gcc/arm-none-eabi/14.2.1/../../../../arm-none-eabi/lib/thumb/v6-m/nofp/libg.a(libc_a-mallocr.o)
                              /Applications/ArmGNUToolchain/14.2.rel1/arm-none-eabi/bin/../lib/gcc/arm-none-eabi/14.2.1/../../../../arm-none-eabi/lib/thumb/v6-m/nofp/libg.a(libc_a-callocr.o) (_malloc_r)
/Applications/ArmGNUToolchain/14.2.rel1/arm-none-eabi/bin/../lib/gcc/arm-none-eabi/14.2.1/../../../../arm-none-eabi/lib/thumb/v6-m/nofp/libg.a(libc_a-mlock.o)
                              /Applications/ArmGNUToolchain/14.2.rel1/arm-none-eabi/bin/../lib/gcc/arm-none-eabi/14.2.1/../../../../arm-none-eabi/lib/thumb/v6-m/nofp/libg.a(libc_a-mallocr.o) (__malloc_lock)
/Applications/ArmGNUToolchain/14.2.rel1/arm-none-eabi/bin/../lib/gcc/arm-none-eabi/14.2.1/../../../../arm-none-eabi/lib/thumb/v6-m/nofp/libg.a(libc_a-realloc.o)
                              CMakeFiles/hello.dir/Users/willoliver/pico/pico-sdk/src/rp2_common/pico_malloc/malloc.c.o (realloc)
/Applications/ArmGNUToolchain/14.2.rel1/arm-none-eabi/bin/../lib/gcc/arm-none-eabi/14.2.1/../../../../arm-none-eabi/lib/thumb/v6-m/nofp/libg.a(libc_a-reallocr.o)
                              /Applications/ArmGNUToolchain/14.2.rel1/arm-none-eabi/bin/../lib/gcc/arm-none-eabi/14.2.1/../../../../arm-none-eabi/lib/thumb/v6-m/nofp/libg.a(libc_a-realloc.o) (_realloc_r)
/Applications/ArmGNUToolchain/14.2.rel1/arm-none-eabi/bin/../lib/gcc/arm-none-eabi/14.2.1/../../../../arm-none-eabi/lib/thumb/v6-m/nofp/libg.a(libc_a-memcmp.o)
                              CMakeFiles/hello.dir/Users/willoliver/pico/pico-sdk/src/rp2_common/pico_atomic/atomic.c.o (memcmp)
/Applications/ArmGNUToolchain/14.2.rel1/arm-none-eabi/bin/../lib/gcc/arm-none-eabi/14.2.1/../../../../arm-none-eabi/lib/thumb/v6-m/nofp/libg.a(libc_a-memmove.o)
                              /Applications/ArmGNUToolchain/14.2.rel1/arm-none-eabi/bin/../lib/gcc/arm-none-eabi/14.2.1/../../../../arm-none-eabi/lib/thumb/v6-m/nofp/libg.a(libc_a-reallocr.o) (memmove)
/Applications/ArmGNUToolchain/14.2.rel1/arm-none-eabi/bin/../lib/gcc/arm-none-eabi/14.2.1/../../../../arm-none-eabi/lib/thumb/v6-m/nofp/libg.a(libc_a-lcltime_r.o)
                              CMakeFiles/hello.dir/Users/willoliver/pico/pico-sdk/src/common/pico_util/datetime.c.o (localtime_r)
/Applications/ArmGNUToolchain/14.2.rel1/arm-none-eabi/bin/../lib/gcc/arm-none-eabi/14.2.1/../../../../arm-none-eabi/lib/thumb/v6-m/nofp/libg.a(libc_a-mktime.o)
                              CMakeFiles/hello.dir/Users/willoliver/pico/pico-sdk/src/common/pico_util/datetime.c.o (mktime)
/Applications/ArmGNUToolchain/14.2.rel1/arm-none-eabi/bin/../lib/gcc/arm-none-eabi/14.2.1/../../../../arm-none-eabi/lib/thumb/v6-m/nofp/libg.a(libc_a-month_lengths.o)
                              /Applications/ArmGNUToolchain/14.2.rel1/arm-none-eabi/bin/../lib/gcc/arm-none-eabi/14.2.1/../../../../arm-none-eabi/lib/thumb/v6-m/nofp/libg.a(libc_a-lcltime_r.o) (__month_lengths)
/Applications/ArmGNUToolchain/14.2.rel1/arm-none-eabi/bin/../lib/gcc/arm-none-eabi/14.2.1/../../../../arm-none-eabi/lib/thumb/v6-m/nofp/libg.a(libc_a-tzcalc_limits.o)
                              /Applications/ArmGNUToolchain/14.2.rel1/arm-none-eabi/bin/../lib/gcc/arm-none-eabi/14.2.1/../../../../arm-none-eabi/lib/thumb/v6-m/nofp/libg.a(libc_a-lcltime_r.o) (__tzcalc_limits)
/Applications/ArmGNUToolchain/14.2.rel1/arm-none-eabi/bin/../lib/gcc/arm-none-eabi/14.2.1/../../../../arm-none-eabi/lib/thumb/v6-m/nofp/libg.a(libc_a-tzlock.o)
[...]
Memory Configuration

Name             Origin             Length             Attributes
FLASH            0x10000000         0x00200000         xr
RAM              0x20000000         0x00040000         xrw
SCRATCH_X        0x20040000         0x00001000         xrw
SCRATCH_Y        0x20041000         0x00001000         xrw
*default*        0x00000000         0xffffffff

Linker script and memory map

LOAD /Applications/ArmGNUToolchain/14.2.rel1/arm-none-eabi/bin/../lib/gcc/arm-none-eabi/14.2.1/thumb/v6-m/nofp/crti.o
LOAD /Applications/ArmGNUToolchain/14.2.rel1/arm-none-eabi/bin/../lib/gcc/arm-none-eabi/14.2.1/thumb/v6-m/nofp/crtbegin.o
LOAD /Applications/ArmGNUToolchain/14.2.rel1/arm-none-eabi/bin/../lib/gcc/arm-none-eabi/14.2.1/../../../../arm-none-eabi/lib/thumb/v6-m/nofp/crt0.o

.flash_begin    0x10000000        0x0
                0x10000000                        __flash_binary_start = .

.boot2          0x10000000      0x100
                0x10000000                        __boot2_start__ = .
 *(.boot2)
 .boot2         0x10000000      0x100 pico-sdk/src/rp2040/boot_stage2/CMakeFiles/bs2_default_library.dir/bs2_default_padded_checksummed.S.o
                0x10000100                        __boot2_end__ = .
                0x00000001                        ASSERT (((__boot2_end__ - __boot2_start__) == 0x100), ERROR: Pico second stage bootloader must be 256 bytes in size)

.text           0x10000100     0x6b24
                0x10000100                        __logical_binary_start = .
 *(.vectors)
 .vectors       0x10000100       0xd4 CMakeFiles/hello.dir/Users/willoliver/pico/pico-sdk/src/rp2_common/pico_crt0/crt0.S.o
                0x10000100                __VECTOR_TABLE
                0x10000100                __vectors
                0x100001c0                __default_isrs_start
                0x100001c0                isr_invalid
                0x100001c2                isr_nmi
                0x100001c4                isr_hardfault
                0x100001c6                isr_svcall
                0x100001c8                isr_pendsv
                0x100001ca                isr_systick
                0x100001cc                isr_irq28
                0x100001cc                isr_irq19
                0x100001cc                isr_irq0
                0x100001cc                isr_irq6
                0x100001cc                isr_irq22
                0x100001cc                isr_irq17
                0x100001cc                isr_irq14
                0x100001cc                isr_irq2
                0x100001cc                isr_irq10
                0x100001cc                isr_irq8
                0x100001cc                isr_irq24
                0x100001cc                isr_irq1
                0x100001cc                isr_irq7
                0x100001cc                isr_irq21
                0x100001cc                isr_irq20
                0x100001cc                isr_irq15
                0x100001cc                isr_irq25
                0x100001cc                isr_irq4
                0x100001cc                isr_irq16
                0x100001cc                isr_irq29
                0x100001cc                isr_irq26
                0x100001cc                __default_isrs_end
                0x100001cc                isr_irq3
                0x100001cc                isr_irq9
                0x100001cc                __unhandled_user_irq
                0x100001cc                isr_irq13
                0x100001cc                isr_irq27
                0x100001cc                isr_irq31
                0x100001cc                isr_irq5
                0x100001cc                isr_irq11
                0x100001cc                isr_irq23
                0x100001cc                isr_irq18
                0x100001cc                isr_irq30
                0x100001cc                isr_irq12
                0x100001d2                unhandled_user_irq_num_in_r0
 *(.binary_info_header)
 .binary_info_header
                0x100001d4       0x14 CMakeFiles/hello.dir/Users/willoliver/pico/pico-sdk/src/rp2_common/pico_crt0/crt0.S.o
                0x100001e8                        __binary_info_header_end = .
 *(.embedded_block)
                0x100001e8                        __embedded_block_end = .
 *(.reset)
 .reset         0x100001e8       0x9c CMakeFiles/hello.dir/Users/willoliver/pico/pico-sdk/src/rp2_common/pico_crt0/crt0.S.o
                0x100001e8                _entry_point
 *(.init)
 .init          0x10000284        0x4 /Applications/ArmGNUToolchain/14.2.rel1/arm-none-eabi/bin/../lib/gcc/arm-none-eabi/14.2.1/thumb/v6-m/nofp/crti.o
                0x10000284                _init
 *(EXCLUDE_FILE(*libm.a: *libc.a:*lib_a-mem*.o *libgcc.a:) .text*)
 .text.register_tm_clones
                0x10000288       0x28 /Applications/ArmGNUToolchain/14.2.rel1/arm-none-eabi/bin/../lib/gcc/arm-none-eabi/14.2.1/thumb/v6-m/nofp/crtbegin.o
 .text.frame_dummy
                0x100002b0       0x24 /Applications/ArmGNUToolchain/14.2.rel1/arm-none-eabi/bin/../lib/gcc/arm-none-eabi/14.2.1/thumb/v6-m/nofp/crtbegin.o
 .text.startup.main
                0x100002d4       0x74 CMakeFiles/hello.dir/hello.c.o
                0x100002d4                main
 .text.gpio_init
                0x10000348       0x40 CMakeFiles/hello.dir/Users/willoliver/pico/pico-sdk/src/rp2_common/hardware_gpio/gpio.c.o
                0x10000348                gpio_init
 .text.rp2040_chip_version
                0x10000388        0xc CMakeFiles/hello.dir/Users/willoliver/pico/pico-sdk/src/rp2040/pico_platform/platform.c.o
                0x10000388                rp2040_chip_version
 .text.panic    0x10000394       0x30 CMakeFiles/hello.dir/Users/willoliver/pico/pico-sdk/src/rp2_common/pico_platform_panic/panic.c.o
                0x10000394                panic
 .text.hw_claim_or_assert
                0x100003c4       0x44 CMakeFiles/hello.dir/Users/willoliver/pico/pico-sdk/src/common/hardware_claim/claim.c.o
                0x100003c4                hw_claim_or_assert
 .text.hw_claim_unused_from_range
                0x10000408       0x88 CMakeFiles/hello.dir/Users/willoliver/pico/pico-sdk/src/common/hardware_claim/claim.c.o
                0x10000408                hw_claim_unused_from_range
 .text.next_striped_spin_lock_num
                0x10000490       0x18 CMakeFiles/hello.dir/Users/willoliver/pico/pico-sdk/src/rp2_common/hardware_sync/sync.c.o
                0x10000490                next_striped_spin_lock_num
 .text.spin_lock_claim_unused
                0x100004a8       0x24 CMakeFiles/hello.dir/Users/willoliver/pico/pico-sdk/src/rp2_common/hardware_sync/sync.c.o
                0x100004a8                spin_lock_claim_unused
 .text.spin_locks_reset
                0x100004cc       0x1c CMakeFiles/hello.dir/Users/willoliver/pico/pico-sdk/src/rp2_common/hardware_sync_spin_lock/sync_spin_lock.c.o
                0x100004cc                spin_locks_reset
 .text.runtime_init_per_core_irq_priorities
                0x100004e8       0x24 CMakeFiles/hello.dir/Users/willoliver/pico/pico-sdk/src/rp2_common/hardware_irq/irq.c.o
                0x100004e8                runtime_init_per_core_irq_priorities
 .text.irq_set_enabled
                0x1000050c       0x24 CMakeFiles/hello.dir/Users/willoliver/pico/pico-sdk/src/rp2_common/hardware_irq/irq.c.o
                0x1000050c                irq_set_enabled
 .text.irq_is_enabled
                0x10000530       0x18 CMakeFiles/hello.dir/Users/willoliver/pico/pico-sdk/src/rp2_common/hardware_irq/irq.c.o
                0x10000530                irq_is_enabled
 .text.irq_set_pending
                0x10000548       0x10 CMakeFiles/hello.dir/Users/willoliver/pico/pico-sdk/src/rp2_common/hardware_irq/irq.c.o
                0x10000548                irq_set_pending
 .text.irq_has_shared_handler
                0x10000558       0x24 CMakeFiles/hello.dir/Users/willoliver/pico/pico-sdk/src/rp2_common/hardware_irq/irq.c.o
                0x10000558                irq_has_shared_handler
 .text.irq_set_exclusive_handler
                0x1000057c       0x54 CMakeFiles/hello.dir/Users/willoliver/pico/pico-sdk/src/rp2_common/hardware_irq/irq.c.o
                0x1000057c                irq_set_exclusive_handler
 .text.irq_add_shared_handler
                0x100005d0      0x1f4 CMakeFiles/hello.dir/Users/willoliver/pico/pico-sdk/src/rp2_common/hardware_irq/irq.c.o
                0x100005d0                irq_add_shared_handler
 .text.irq_add_tail_to_free_list
                0x100007c4       0xb4 CMakeFiles/hello.dir/Users/willoliver/pico/pico-sdk/src/rp2_common/hardware_irq/irq.c.o
                0x100007c4                irq_add_tail_to_free_list
 .text.user_irq_claim_unused
                0x10000878       0x2c CMakeFiles/hello.dir/Users/willoliver/pico/pico-sdk/src/rp2_common/hardware_irq/irq.c.o
                0x10000878                user_irq_claim_unused
 .text.lock_init
                0x100008a4       0x10 CMakeFiles/hello.dir/Users/willoliver/pico/pico-sdk/src/common/pico_sync/lock_core.c.o
                0x100008a4                lock_init
 .text.runtime_init_mutex
                0x100008b4       0x50 CMakeFiles/hello.dir/Users/willoliver/pico/pico-sdk/src/common/pico_sync/mutex.c.o
                0x100008b4                runtime_init_mutex
 .text.mutex_init
                0x10000904       0x1c CMakeFiles/hello.dir/Users/willoliver/pico/pico-sdk/src/common/pico_sync/mutex.c.o
                0x10000904                mutex_init
 .text.critical_section_init
                0x10000920       0x1c CMakeFiles/hello.dir/Users/willoliver/pico/pico-sdk/src/common/pico_sync/critical_section.c.o
                0x10000920                critical_section_init
 .text.critical_section_init_with_lock_num
                0x1000093c       0x14 CMakeFiles/hello.dir/Users/willoliver/pico/pico-sdk/src/common/pico_sync/critical_section.c.o
                0x1000093c                critical_section_init_with_lock_num
 .text.sleep_until_callback
                0x10000950       0x30 CMakeFiles/hello.dir/Users/willoliver/pico/pico-sdk/src/common/pico_time/time.c.o
 .text.alarm_pool_irq_handler
                0x10000980      0x300 CMakeFiles/hello.dir/Users/willoliver/pico/pico-sdk/src/common/pico_time/time.c.o
 .text.runtime_init_default_alarm_pool
                0x10000c80       0xdc CMakeFiles/hello.dir/Users/willoliver/pico/pico-sdk/src/common/pico_time/time.c.o
                0x10000c80                runtime_init_default_alarm_pool
 .text.alarm_pool_get_default
                0x10000d5c        0x8 CMakeFiles/hello.dir/Users/willoliver/pico/pico-sdk/src/common/pico_time/time.c.o
                0x10000d5c                alarm_pool_get_default
 .text.alarm_pool_add_alarm_at
                0x10000d64       0xd0 CMakeFiles/hello.dir/Users/willoliver/pico/pico-sdk/src/common/pico_time/time.c.o
                0x10000d64                alarm_pool_add_alarm_at
 .text.alarm_pool_add_alarm_at_force_in_context
                0x10000e34       0xb0 CMakeFiles/hello.dir/Users/willoliver/pico/pico-sdk/src/common/pico_time/time.c.o
                0x10000e34                alarm_pool_add_alarm_at_force_in_context
 .text.alarm_pool_cancel_alarm
                0x10000ee4       0x74 CMakeFiles/hello.dir/Users/willoliver/pico/pico-sdk/src/common/pico_time/time.c.o
                0x10000ee4                alarm_pool_cancel_alarm
 .text.alarm_pool_core_num
                0x10000f58        0x4 CMakeFiles/hello.dir/Users/willoliver/pico/pico-sdk/src/common/pico_time/time.c.o
                0x10000f58                alarm_pool_core_num
 .text.sleep_ms
                0x10000f5c       0xfc CMakeFiles/hello.dir/Users/willoliver/pico/pico-sdk/src/common/pico_time/time.c.o
                0x10000f5c                sleep_ms
 .text.best_effort_wfe_or_timeout
                0x10001058      0x10c CMakeFiles/hello.dir/Users/willoliver/pico/pico-sdk/src/common/pico_time/time.c.o
                0x10001058                best_effort_wfe_or_timeout
 .text.timer_hardware_alarm_claim
                0x10001164       0x14 CMakeFiles/hello.dir/Users/willoliver/pico/pico-sdk/src/rp2_common/hardware_timer/timer.c.o
                0x10001164                timer_hardware_alarm_claim
 .text.timer_time_us_64
                0x10001178       0x10 CMakeFiles/hello.dir/Users/willoliver/pico/pico-sdk/src/rp2_common/hardware_timer/timer.c.o
                0x10001178                timer_time_us_64
 .text.time_us_64
                0x10001188       0x14 CMakeFiles/hello.dir/Users/willoliver/pico/pico-sdk/src/rp2_common/hardware_timer/timer.c.o
                0x10001188                time_us_64
 .text.busy_wait_us
                0x1000119c       0x68 CMakeFiles/hello.dir/Users/willoliver/pico/pico-sdk/src/rp2_common/hardware_timer/timer.c.o
                0x1000119c                busy_wait_us
 .text.busy_wait_until
                0x10001204       0x20 CMakeFiles/hello.dir/Users/willoliver/pico/pico-sdk/src/rp2_common/hardware_timer/timer.c.o
                0x10001204                busy_wait_until
 .text.clock_configure_int_divider
                0x10001224       0xf4 CMakeFiles/hello.dir/Users/willoliver/pico/pico-sdk/src/rp2_common/hardware_clocks/clocks.c.o
                0x10001224                clock_configure_int_divider
 .text.clock_configure_undivided
                0x10001318       0xe8 CMakeFiles/hello.dir/Users/willoliver/pico/pico-sdk/src/rp2_common/hardware_clocks/clocks.c.o
                0x10001318                clock_configure_undivided
 .text.clock_get_hz
                0x10001400        0xc CMakeFiles/hello.dir/Users/willoliver/pico/pico-sdk/src/rp2_common/hardware_clocks/clocks.c.o
                0x10001400                clock_get_hz
 .text.pll_init
                0x1000140c       0xa4 CMakeFiles/hello.dir/Users/willoliver/pico/pico-sdk/src/rp2_common/hardware_pll/pll.c.o
                0x1000140c                pll_init
 .text.watchdog_reboot
                0x100014b0       0x9c CMakeFiles/hello.dir/Users/willoliver/pico/pico-sdk/src/rp2_common/hardware_watchdog/watchdog.c.o
                0x100014b0                watchdog_reboot
 .text.tick_start
                0x1000154c       0x10 CMakeFiles/hello.dir/Users/willoliver/pico/pico-sdk/src/rp2_common/hardware_ticks/ticks.c.o
                0x1000154c                tick_start
 .text.rom_func_lookup
                0x1000155c       0x10 CMakeFiles/hello.dir/Users/willoliver/pico/pico-sdk/src/rp2_common/pico_bootrom/bootrom.c.o
                0x1000155c                rom_func_lookup
 .text.rom_data_lookup
                0x1000156c       0x10 CMakeFiles/hello.dir/Users/willoliver/pico/pico-sdk/src/rp2_common/pico_bootrom/bootrom.c.o
                0x1000156c                rom_data_lookup
 .text.rom_funcs_lookup
                0x1000157c       0x44 CMakeFiles/hello.dir/Users/willoliver/pico/pico-sdk/src/rp2_common/pico_bootrom/bootrom.c.o
                0x1000157c                rom_funcs_lookup
 .text.rom_reset_usb_boot_extra
                0x100015c0       0x24 CMakeFiles/hello.dir/Users/willoliver/pico/pico-sdk/src/rp2_common/pico_bootrom/bootrom.c.o
                0x100015c0                rom_reset_usb_boot_extra
 .text.xosc_init
                0x100015e4       0x28 CMakeFiles/hello.dir/Users/willoliver/pico/pico-sdk/src/rp2_common/hardware_xosc/xosc.c.o
                0x100015e4                xosc_init
 .text.first_per_core_initializer
                0x1000160c        0x4 CMakeFiles/hello.dir/Users/willoliver/pico/pico-sdk/src/rp2_common/pico_runtime/runtime.c.o
 .text.hard_assertion_failure
                0x10001610        0xc CMakeFiles/hello.dir/Users/willoliver/pico/pico-sdk/src/rp2_common/pico_runtime/runtime.c.o
                0x10001610                hard_assertion_failure
 .text.runtime_run_initializers
                0x1000161c       0x28 CMakeFiles/hello.dir/Users/willoliver/pico/pico-sdk/src/rp2_common/pico_runtime/runtime.c.o
                0x1000161c                runtime_run_initializers
 .text.runtime_init_early_resets
                0x10001644       0x2c CMakeFiles/hello.dir/Users/willoliver/pico/pico-sdk/src/rp2_common/pico_runtime_init/runtime_init.c.o
                0x10001644                runtime_init_early_resets
 .text.runtime_init_usb_power_down
                0x10001670       0x1c CMakeFiles/hello.dir/Users/willoliver/pico/pico-sdk/src/rp2_common/pico_runtime_init/runtime_init.c.o
                0x10001670                runtime_init_usb_power_down
 .text.runtime_init_post_clock_resets
                0x1000168c       0x20 CMakeFiles/hello.dir/Users/willoliver/pico/pico-sdk/src/rp2_common/pico_runtime_init/runtime_init.c.o
                0x1000168c                runtime_init_post_clock_resets
 .text.runtime_init_rp2040_gpio_ie_disable
                0x100016ac       0x14 CMakeFiles/hello.dir/Users/willoliver/pico/pico-sdk/src/rp2_common/pico_runtime_init/runtime_init.c.o
                0x100016ac                runtime_init_rp2040_gpio_ie_disable
 .text.runtime_init_spin_locks_reset
                0x100016c0        0x8 CMakeFiles/hello.dir/Users/willoliver/pico/pico-sdk/src/rp2_common/pico_runtime_init/runtime_init.c.o
                0x100016c0                runtime_init_spin_locks_reset
 .text.runtime_init_install_ram_vector_table
                0x100016c8       0x1c CMakeFiles/hello.dir/Users/willoliver/pico/pico-sdk/src/rp2_common/pico_runtime_init/runtime_init.c.o
                0x100016c8                runtime_init_install_ram_vector_table
 .text.runtime_init_clocks
                0x100016e4       0xd8 CMakeFiles/hello.dir/Users/willoliver/pico/pico-sdk/src/rp2_common/pico_runtime_init/runtime_init_clocks.c.o
                0x100016e4                runtime_init_clocks
 .text          0x100017bc       0x10 CMakeFiles/hello.dir/Users/willoliver/pico/pico-sdk/src/rp2_common/pico_bit_ops/bit_ops_aeabi.S.o
 .text.__wrap___aeabi_idiv
                0x100017cc       0x50 CMakeFiles/hello.dir/Users/willoliver/pico/pico-sdk/src/rp2_common/pico_divider/divider_hardware.S.o
                0x100017cc                __wrap___aeabi_idivmod
                0x100017cc                divmod_s32s32
                0x100017cc                div_s32s32
                0x100017cc                __wrap___aeabi_idiv
                0x100017d4                divmod_s32s32_unsafe
                0x10001800                divmod_s32s32_savestate
 .text.__wrap___aeabi_uidiv
                0x1000181c       0x4c CMakeFiles/hello.dir/Users/willoliver/pico/pico-sdk/src/rp2_common/pico_divider/divider_hardware.S.o
                0x1000181c                __wrap___aeabi_uidiv
                0x1000181c                __wrap___aeabi_uidivmod
                0x1000181c                div_u32u32
                0x1000181c                divmod_u32u32
                0x10001824                divmod_u32u32_unsafe
                0x1000184c                divmod_u32u32_savestate
 .text.__wrap___aeabi_ldiv
                0x10001868      0x424 CMakeFiles/hello.dir/Users/willoliver/pico/pico-sdk/src/rp2_common/pico_divider/divider_hardware.S.o
                0x10001868                __wrap___aeabi_ldivmod
                0x10001868                div_s64s64
                0x10001868                divmod_s64s64
                0x10001898                divmod_u64u64
                0x10001898                div_u64u64
                0x10001898                __wrap___aeabi_uldivmod
                0x100018a8                divmod_u64u64_savestate
                0x100018c8                divmod_s64s64_unsafe
                0x10001950                divmod_u64u64_unsafe
 .text.__wrap___aeabi_darithmetic
                0x10001c8c       0x80 CMakeFiles/hello.dir/Users/willoliver/pico/pico-sdk/src/rp2_common/pico_double/double_aeabi_rp2040.S.o
                0x10001c8c                __wrap___aeabi_drsub
                0x10001c92                __wrap___aeabi_dsub
                0x10001ca4                __wrap___aeabi_dadd
                0x10001cb6                __wrap___aeabi_ddiv
                0x10001cf2                __wrap___aeabi_dmul
 .text.__wrap___aeabi_cdcmple
                0x10001d0c       0x6c CMakeFiles/hello.dir/Users/willoliver/pico/pico-sdk/src/rp2_common/pico_double/double_aeabi_rp2040.S.o
                0x10001d0c                __wrap___aeabi_cdrcmple
                0x10001d1c                __wrap___aeabi_cdcmple
                0x10001d1c                __wrap___aeabi_cdcmpeq
 .text.__wrap___aeabi_dcmplt
                0x10001d78        0xc CMakeFiles/hello.dir/Users/willoliver/pico/pico-sdk/src/rp2_common/pico_double/double_aeabi_rp2040.S.o
                0x10001d78                __wrap___aeabi_dcmplt
 .text.__wrap___aeabi_dcmple
                0x10001d84       0x10 CMakeFiles/hello.dir/Users/willoliver/pico/pico-sdk/src/rp2_common/pico_double/double_aeabi_rp2040.S.o
                0x10001d84                __wrap___aeabi_dcmple
 .text.__wrap___aeabi_dcmpge
                0x10001d94       0x10 CMakeFiles/hello.dir/Users/willoliver/pico/pico-sdk/src/rp2_common/pico_double/double_aeabi_rp2040.S.o
                0x10001d94                __wrap___aeabi_dcmpge
 .text.__wrap___aeabi_dcmpgt
                0x10001da4        0xa CMakeFiles/hello.dir/Users/willoliver/pico/pico-sdk/src/rp2_common/pico_double/double_aeabi_rp2040.S.o
                0x10001da4                __wrap___aeabi_dcmpgt
 .text.__wrap___aeabi_dcmpun
                0x10001dae       0x18 CMakeFiles/hello.dir/Users/willoliver/pico/pico-sdk/src/rp2_common/pico_double/double_aeabi_rp2040.S.o
                0x10001dae                __wrap___aeabi_dcmpun
 *fill*         0x10001dc6        0x2 
 .text.__wrap___aeabi_i2d
                0x10001dc8       0x38 CMakeFiles/hello.dir/Users/willoliver/pico/pico-sdk/src/rp2_common/pico_double/double_aeabi_rp2040.S.o
                0x10001dc8                __wrap___aeabi_ui2d
                0x10001dc8                uint2double
                0x10001dd0                __wrap___aeabi_i2d
                0x10001dd0                int2double
 .text.__wrap___aeabi_d2iz
                0x10001e00       0x48 CMakeFiles/hello.dir/Users/willoliver/pico/pico-sdk/src/rp2_common/pico_double/double_aeabi_rp2040.S.o
                0x10001e00                __wrap___aeabi_d2iz
                0x10001e00                double2int_z
 .text.__wrap___aeabi_d2uiz
                0x10001e48       0x18 CMakeFiles/hello.dir/Users/willoliver/pico/pico-sdk/src/rp2_common/pico_double/double_aeabi_rp2040.S.o
                0x10001e48                double2uint_z
                0x10001e48                double2uint
                0x10001e48                __wrap___aeabi_d2uiz
 .text.__aeabi_double_init
                0x10001e60       0xa4 CMakeFiles/hello.dir/Users/willoliver/pico/pico-sdk/src/rp2_common/pico_double/double_init_rom_rp2040.c.o
                0x10001e60                __aeabi_double_init
 .text.double_table_shim_on_use_helper
                0x10001f04       0x2c CMakeFiles/hello.dir/Users/willoliver/pico/pico-sdk/src/rp2_common/pico_double/double_v1_rom_shim_rp2040.S.o
                0x10001f04                double_table_shim_on_use_helper
 .text.__wrap___aeabi_dsub
                0x10001f30       0x10 CMakeFiles/hello.dir/Users/willoliver/pico/pico-sdk/src/rp2_common/pico_double/double_v1_rom_shim_rp2040.S.o
                0x10001f30                drsub_shim
                0x10001f36                dsub_shim
 .text.dadd_shim
                0x10001f40      0x15c CMakeFiles/hello.dir/Users/willoliver/pico/pico-sdk/src/rp2_common/pico_double/double_v1_rom_shim_rp2040.S.o
                0x10001f40                dadd_shim
 .text.dmul_shim
                0x1000209c      0x15c CMakeFiles/hello.dir/Users/willoliver/pico/pico-sdk/src/rp2_common/pico_double/double_v1_rom_shim_rp2040.S.o
                0x1000209c                dmul_shim
 .text.ddiv_shim
                0x100021f8      0x1b0 CMakeFiles/hello.dir/Users/willoliver/pico/pico-sdk/src/rp2_common/pico_double/double_v1_rom_shim_rp2040.S.o
                0x100021f8                ddiv_shim
 .text.double2uint_shim
                0x100023a8        0xe CMakeFiles/hello.dir/Users/willoliver/pico/pico-sdk/src/rp2_common/pico_double/double_v1_rom_shim_rp2040.S.o
                0x100023a8                double2uint_shim
                0x100023aa                double2ufix_shim
 *fill*         0x100023b6        0x2 
 .text.double2uint64_shim
                0x100023b8       0x70 CMakeFiles/hello.dir/Users/willoliver/pico/pico-sdk/src/rp2_common/pico_double/double_v1_rom_shim_rp2040.S.o
                0x100023b8                double2uint64_shim
                0x100023ba                double2ufix64_shim
                0x100023da                d2fix_a
 .text.dunpacks
                0x10002428       0x3c CMakeFiles/hello.dir/Users/willoliver/pico/pico-sdk/src/rp2_common/pico_double/double_v1_rom_shim_rp2040.S.o
                0x10002428                dunpacks
 .text.__aeabi_lmul
                0x10002464       0x32 CMakeFiles/hello.dir/Users/willoliver/pico/pico-sdk/src/rp2_common/pico_int64_ops/pico_int64_ops_aeabi.S.o
                0x10002464                __wrap___aeabi_lmul
 *fill*         0x10002496        0x2 
 .text.__aeabi_float_init
                0x10002498       0x64 CMakeFiles/hello.dir/Users/willoliver/pico/pico-sdk/src/rp2_common/pico_float/float_init_rom_rp2040.c.o
                0x10002498                __aeabi_float_init
 .text.float_table_shim_on_use_helper
                0x100024fc       0x2c CMakeFiles/hello.dir/Users/willoliver/pico/pico-sdk/src/rp2_common/pico_float/float_v1_rom_shim_rp2040.S.o
                0x100024fc                float_table_shim_on_use_helper
 .text          0x10002528       0x10 CMakeFiles/hello.dir/Users/willoliver/pico/pico-sdk/src/rp2_common/pico_mem_ops/mem_ops_aeabi.S.o
                0x10002528                __aeabi_mem_init
 .text.memset   0x10002538        0xc CMakeFiles/hello.dir/Users/willoliver/pico/pico-sdk/src/rp2_common/pico_mem_ops/mem_ops_aeabi.S.o
                0x10002538                __wrap_memset
 .text.memcpy   0x10002544        0xc CMakeFiles/hello.dir/Users/willoliver/pico/pico-sdk/src/rp2_common/pico_mem_ops/mem_ops_aeabi.S.o
                0x10002544                __wrap___aeabi_memcpy
                0x10002544                __wrap_memcpy
 .text._out_null
                0x10002550        0x4 CMakeFiles/hello.dir/Users/willoliver/pico/pico-sdk/src/rp2_common/pico_printf/printf.c.o
 .text._out_rev
                0x10002554       0xac CMakeFiles/hello.dir/Users/willoliver/pico/pico-sdk/src/rp2_common/pico_printf/printf.c.o
 .text._ntoa_format
                0x10002600      0x1cc CMakeFiles/hello.dir/Users/willoliver/pico/pico-sdk/src/rp2_common/pico_printf/printf.c.o
 .text._out_char
                0x100027cc       0x10 CMakeFiles/hello.dir/Users/willoliver/pico/pico-sdk/src/rp2_common/pico_printf/printf.c.o
 .text._out_fct
                0x100027dc       0x10 CMakeFiles/hello.dir/Users/willoliver/pico/pico-sdk/src/rp2_common/pico_printf/printf.c.o
 .text._ftoa    0x100027ec      0x4a8 CMakeFiles/hello.dir/Users/willoliver/pico/pico-sdk/src/rp2_common/pico_printf/printf.c.o
 .text._etoa    0x10002c94      0x57c CMakeFiles/hello.dir/Users/willoliver/pico/pico-sdk/src/rp2_common/pico_printf/printf.c.o
 .text._vsnprintf
                0x10003210      0xbe0 CMakeFiles/hello.dir/Users/willoliver/pico/pico-sdk/src/rp2_common/pico_printf/printf.c.o
 .text.vfctprintf
                0x10003df0       0x24 CMakeFiles/hello.dir/Users/willoliver/pico/pico-sdk/src/rp2_common/pico_printf/printf.c.o
                0x10003df0                vfctprintf
 .text.weak_raw_vprintf
                0x10003e14       0x30 CMakeFiles/hello.dir/Users/willoliver/pico/pico-sdk/src/rp2_common/pico_printf/printf.c.o
                0x10003e14                weak_raw_vprintf
 .text._exit    0x10003e44        0x4 CMakeFiles/hello.dir/Users/willoliver/pico/pico-sdk/src/rp2_common/pico_clib_interface/newlib_interface.c.o
                0x10003e44                _exit
 .text.exit     0x10003e48        0x8 CMakeFiles/hello.dir/Users/willoliver/pico/pico-sdk/src/rp2_common/pico_clib_interface/newlib_interface.c.o
                0x10003e48                exit
 .text.runtime_init
                0x10003e50       0x2c CMakeFiles/hello.dir/Users/willoliver/pico/pico-sdk/src/rp2_common/pico_clib_interface/newlib_interface.c.o
                0x10003e50                runtime_init
 .text.stdio_out_chars_no_crlf
                0x10003e7c       0x10 CMakeFiles/hello.dir/Users/willoliver/pico/pico-sdk/src/rp2_common/pico_stdio/stdio.c.o
 .text.stdio_out_chars_crlf
                0x10003e8c       0xb0 CMakeFiles/hello.dir/Users/willoliver/pico/pico-sdk/src/rp2_common/pico_stdio/stdio.c.o
 .text.stdio_buffered_printer
                0x10003f3c       0x64 CMakeFiles/hello.dir/Users/willoliver/pico/pico-sdk/src/rp2_common/pico_stdio/stdio.c.o
 .text.stdio_put_string
                0x10003fa0       0xfc CMakeFiles/hello.dir/Users/willoliver/pico/pico-sdk/src/rp2_common/pico_stdio/stdio.c.o
                0x10003fa0                stdio_put_string
 .text.stdio_set_driver_enabled
                0x1000409c       0x30 CMakeFiles/hello.dir/Users/willoliver/pico/pico-sdk/src/rp2_common/pico_stdio/stdio.c.o
                0x1000409c                stdio_set_driver_enabled
 .text.stdio_init_all
                0x100040cc        0x8 CMakeFiles/hello.dir/Users/willoliver/pico/pico-sdk/src/rp2_common/pico_stdio/stdio.c.o
                0x100040cc                stdio_init_all
 .text.__wrap_getchar
                0x100040d4       0x80 CMakeFiles/hello.dir/Users/willoliver/pico/pico-sdk/src/rp2_common/pico_stdio/stdio.c.o
                0x100040d4                __wrap_getchar
                0x100040d4                stdio_getchar
 .text.__wrap_putchar
                0x10004154       0x94 CMakeFiles/hello.dir/Users/willoliver/pico/pico-sdk/src/rp2_common/pico_stdio/stdio.c.o
                0x10004154                stdio_putchar
                0x10004154                __wrap_putchar
 .text.__wrap_puts
                0x100041e8       0x3c CMakeFiles/hello.dir/Users/willoliver/pico/pico-sdk/src/rp2_common/pico_stdio/stdio.c.o
                0x100041e8                __wrap_puts
                0x100041e8                stdio_puts
 .text.__wrap_vprintf
                0x10004224       0xcc CMakeFiles/hello.dir/Users/willoliver/pico/pico-sdk/src/rp2_common/pico_stdio/stdio.c.o
                0x10004224                __wrap_vprintf
                0x10004224                stdio_vprintf
 .text.__wrap_printf
                0x100042f0       0x18 CMakeFiles/hello.dir/Users/willoliver/pico/pico-sdk/src/rp2_common/pico_stdio/stdio.c.o
                0x100042f0                stdio_printf
                0x100042f0                __wrap_printf
 .text.resetd_init
                0x10004308        0x4 CMakeFiles/hello.dir/Users/willoliver/pico/pico-sdk/src/rp2_common/pico_stdio_usb/reset_interface.c.o
 .text.resetd_reset
                0x1000430c        0xc CMakeFiles/hello.dir/Users/willoliver/pico/pico-sdk/src/rp2_common/pico_stdio_usb/reset_interface.c.o
 .text.resetd_open
                0x10004318       0x28 CMakeFiles/hello.dir/Users/willoliver/pico/pico-sdk/src/rp2_common/pico_stdio_usb/reset_interface.c.o
 .text.resetd_xfer_cb
                0x10004340        0x4 CMakeFiles/hello.dir/Users/willoliver/pico/pico-sdk/src/rp2_common/pico_stdio_usb/reset_interface.c.o
 .text.resetd_control_xfer_cb
                0x10004344       0x54 CMakeFiles/hello.dir/Users/willoliver/pico/pico-sdk/src/rp2_common/pico_stdio_usb/reset_interface.c.o
 .text.tud_descriptor_bos_cb
                0x10004398        0x8 CMakeFiles/hello.dir/Users/willoliver/pico/pico-sdk/src/rp2_common/pico_stdio_usb/reset_interface.c.o
                0x10004398                tud_descriptor_bos_cb
 .text.tud_vendor_control_xfer_cb
                0x100043a0       0x34 CMakeFiles/hello.dir/Users/willoliver/pico/pico-sdk/src/rp2_common/pico_stdio_usb/reset_interface.c.o
                0x100043a0                tud_vendor_control_xfer_cb
 .text.usbd_app_driver_get_cb
                0x100043d4        0xc CMakeFiles/hello.dir/Users/willoliver/pico/pico-sdk/src/rp2_common/pico_stdio_usb/reset_interface.c.o
                0x100043d4                usbd_app_driver_get_cb
 .text.tud_cdc_line_coding_cb
                0x100043e0       0x2c CMakeFiles/hello.dir/Users/willoliver/pico/pico-sdk/src/rp2_common/pico_stdio_usb/reset_interface.c.o
                0x100043e0                tud_cdc_line_coding_cb
 .text.stdio_usb_set_chars_available_callback
                0x1000440c       0x14 CMakeFiles/hello.dir/Users/willoliver/pico/pico-sdk/src/rp2_common/pico_stdio_usb/stdio_usb.c.o
                0x1000440c                stdio_usb_set_chars_available_callback
 .text.usb_irq  0x10004420       0x10 CMakeFiles/hello.dir/Users/willoliver/pico/pico-sdk/src/rp2_common/pico_stdio_usb/stdio_usb.c.o
 .text.timer_task
                0x10004430       0x64 CMakeFiles/hello.dir/Users/willoliver/pico/pico-sdk/src/rp2_common/pico_stdio_usb/stdio_usb.c.o
 .text.stdio_usb_in_chars
                0x10004494       0x8c CMakeFiles/hello.dir/Users/willoliver/pico/pico-sdk/src/rp2_common/pico_stdio_usb/stdio_usb.c.o
                0x10004494                stdio_usb_in_chars
 .text.stdio_usb_out_flush
                0x10004520       0x4c CMakeFiles/hello.dir/Users/willoliver/pico/pico-sdk/src/rp2_common/pico_stdio_usb/stdio_usb.c.o
 .text.stdio_usb_out_chars
                0x1000456c      0x100 CMakeFiles/hello.dir/Users/willoliver/pico/pico-sdk/src/rp2_common/pico_stdio_usb/stdio_usb.c.o
 .text.low_priority_worker_irq
                0x1000466c       0xc8 CMakeFiles/hello.dir/Users/willoliver/pico/pico-sdk/src/rp2_common/pico_stdio_usb/stdio_usb.c.o
 .text.stdio_usb_init
                0x10004734       0xe8 CMakeFiles/hello.dir/Users/willoliver/pico/pico-sdk/src/rp2_common/pico_stdio_usb/stdio_usb.c.o
                0x10004734                stdio_usb_init
 .text.stdio_usb_connected
                0x1000481c        0xc CMakeFiles/hello.dir/Users/willoliver/pico/pico-sdk/src/rp2_common/pico_stdio_usb/stdio_usb.c.o
                0x1000481c                stdio_usb_connected
 .text.tud_descriptor_device_cb
                0x10004828        0x8 CMakeFiles/hello.dir/Users/willoliver/pico/pico-sdk/src/rp2_common/pico_stdio_usb/stdio_usb_descriptors.c.o
                0x10004828                tud_descriptor_device_cb
 .text.tud_descriptor_configuration_cb
                0x10004830        0x8 CMakeFiles/hello.dir/Users/willoliver/pico/pico-sdk/src/rp2_common/pico_stdio_usb/stdio_usb_descriptors.c.o
                0x10004830                tud_descriptor_configuration_cb
 .text.tud_descriptor_string_cb
                0x10004838       0x78 CMakeFiles/hello.dir/Users/willoliver/pico/pico-sdk/src/rp2_common/pico_stdio_usb/stdio_usb_descriptors.c.o
                0x10004838                tud_descriptor_string_cb
 .text.startup._retrieve_unique_id_on_boot
                0x100048b0       0x10 CMakeFiles/hello.dir/Users/willoliver/pico/pico-sdk/src/rp2_common/pico_unique_id/unique_id.c.o
 .text.pico_get_unique_board_id_string
                0x100048c0      0x1a8 CMakeFiles/hello.dir/Users/willoliver/pico/pico-sdk/src/rp2_common/pico_unique_id/unique_id.c.o
                0x100048c0                pico_get_unique_board_id_string
 .text.flash_get_unique_id
                0x10004a68       0x3c CMakeFiles/hello.dir/Users/willoliver/pico/pico-sdk/src/rp2_common/hardware_flash/flash.c.o
                0x10004a68                flash_get_unique_id
 .text.dcd_init
                0x10004aa4       0x90 CMakeFiles/hello.dir/Users/willoliver/pico/pico-sdk/lib/tinyusb/src/portable/raspberrypi/rp2040/dcd_rp2040.c.o
                0x10004aa4                dcd_init
 .text.dcd_int_enable
                0x10004b34        0xc CMakeFiles/hello.dir/Users/willoliver/pico/pico-sdk/lib/tinyusb/src/portable/raspberrypi/rp2040/dcd_rp2040.c.o
                0x10004b34                dcd_int_enable
 .text.dcd_set_address
                0x10004b40       0x14 CMakeFiles/hello.dir/Users/willoliver/pico/pico-sdk/lib/tinyusb/src/portable/raspberrypi/rp2040/dcd_rp2040.c.o
                0x10004b40                dcd_set_address
 .text.dcd_sof_enable
                0x10004b54       0x1c CMakeFiles/hello.dir/Users/willoliver/pico/pico-sdk/lib/tinyusb/src/portable/raspberrypi/rp2040/dcd_rp2040.c.o
                0x10004b54                dcd_sof_enable
 .text.dcd_edpt0_status_complete
                0x10004b70       0x1c CMakeFiles/hello.dir/Users/willoliver/pico/pico-sdk/lib/tinyusb/src/portable/raspberrypi/rp2040/dcd_rp2040.c.o
                0x10004b70                dcd_edpt0_status_complete
 .text.dcd_edpt_open
                0x10004b8c      0x114 CMakeFiles/hello.dir/Users/willoliver/pico/pico-sdk/lib/tinyusb/src/portable/raspberrypi/rp2040/dcd_rp2040.c.o
                0x10004b8c                dcd_edpt_open
 .text.dcd_edpt_close_all
                0x10004ca0        0x8 CMakeFiles/hello.dir/Users/willoliver/pico/pico-sdk/lib/tinyusb/src/portable/raspberrypi/rp2040/dcd_rp2040.c.o
                0x10004ca0                dcd_edpt_close_all
 .text.dcd_edpt_xfer
                0x10004ca8       0x24 CMakeFiles/hello.dir/Users/willoliver/pico/pico-sdk/lib/tinyusb/src/portable/raspberrypi/rp2040/dcd_rp2040.c.o
                0x10004ca8                dcd_edpt_xfer
 .text.dcd_edpt_stall
                0x10004ccc       0x3c CMakeFiles/hello.dir/Users/willoliver/pico/pico-sdk/lib/tinyusb/src/portable/raspberrypi/rp2040/dcd_rp2040.c.o
                0x10004ccc                dcd_edpt_stall
 .text.dcd_edpt_clear_stall
                0x10004d08       0x30 CMakeFiles/hello.dir/Users/willoliver/pico/pico-sdk/lib/tinyusb/src/portable/raspberrypi/rp2040/dcd_rp2040.c.o
                0x10004d08                dcd_edpt_clear_stall
 .text.rp2040_usb_init
                0x10004d38       0x40 CMakeFiles/hello.dir/Users/willoliver/pico/pico-sdk/lib/tinyusb/src/portable/raspberrypi/rp2040/rp2040_usb.c.o
                0x10004d38                rp2040_usb_init
 .text.hw_endpoint_xfer_start
                0x10004d78       0x40 CMakeFiles/hello.dir/Users/willoliver/pico/pico-sdk/lib/tinyusb/src/portable/raspberrypi/rp2040/rp2040_usb.c.o
                0x10004d78                hw_endpoint_xfer_start
 .text.tud_event_hook_cb
                0x10004db8        0x4 CMakeFiles/hello.dir/Users/willoliver/pico/pico-sdk/lib/tinyusb/src/device/usbd.c.o
                0x10004db8                tud_event_hook_cb
 .text.tud_sof_cb
                0x10004dbc        0x4 CMakeFiles/hello.dir/Users/willoliver/pico/pico-sdk/lib/tinyusb/src/device/usbd.c.o
                0x10004dbc                tud_sof_cb
 .text.tud_descriptor_device_qualifier_cb
                0x10004dc0        0x4 CMakeFiles/hello.dir/Users/willoliver/pico/pico-sdk/lib/tinyusb/src/device/usbd.c.o
                0x10004dc0                tud_descriptor_device_qualifier_cb
 .text.tud_descriptor_other_speed_configuration_cb
                0x10004dc4        0x4 CMakeFiles/hello.dir/Users/willoliver/pico/pico-sdk/lib/tinyusb/src/device/usbd.c.o
                0x10004dc4                tud_descriptor_other_speed_configuration_cb
 .text.tud_mount_cb
                0x10004dc8        0x4 CMakeFiles/hello.dir/Users/willoliver/pico/pico-sdk/lib/tinyusb/src/device/usbd.c.o
                0x10004dc8                tud_mount_cb
 .text.tud_umount_cb
                0x10004dcc        0x4 CMakeFiles/hello.dir/Users/willoliver/pico/pico-sdk/lib/tinyusb/src/device/usbd.c.o
                0x10004dcc                tud_umount_cb
 .text.tud_suspend_cb
                0x10004dd0        0x4 CMakeFiles/hello.dir/Users/willoliver/pico/pico-sdk/lib/tinyusb/src/device/usbd.c.o
                0x10004dd0                tud_suspend_cb
 .text.tud_resume_cb
                0x10004dd4        0x4 CMakeFiles/hello.dir/Users/willoliver/pico/pico-sdk/lib/tinyusb/src/device/usbd.c.o
                0x10004dd4                tud_resume_cb
 .text.tud_mounted
                0x10004dd8       0x10 CMakeFiles/hello.dir/Users/willoliver/pico/pico-sdk/lib/tinyusb/src/device/usbd.c.o
                0x10004dd8                tud_mounted
 .text.tud_suspended
                0x10004de8       0x10 CMakeFiles/hello.dir/Users/willoliver/pico/pico-sdk/lib/tinyusb/src/device/usbd.c.o
                0x10004de8                tud_suspended
 .text.tud_rhport_init
                0x10004df8       0xf4 CMakeFiles/hello.dir/Users/willoliver/pico/pico-sdk/lib/tinyusb/src/device/usbd.c.o
                0x10004df8                tud_rhport_init
 .text.tud_task_ext
                0x10004eec      0x800 CMakeFiles/hello.dir/Users/willoliver/pico/pico-sdk/lib/tinyusb/src/device/usbd.c.o
                0x10004eec                tud_task_ext
 .text.usbd_open_edpt_pair
                0x100056ec       0x9c CMakeFiles/hello.dir/Users/willoliver/pico/pico-sdk/lib/tinyusb/src/device/usbd.c.o
                0x100056ec                usbd_open_edpt_pair
 .text.usbd_edpt_open
                0x10005788       0x34 CMakeFiles/hello.dir/Users/willoliver/pico/pico-sdk/lib/tinyusb/src/device/usbd.c.o
                0x10005788                usbd_edpt_open
 .text.usbd_edpt_claim
                0x100057bc       0x28 CMakeFiles/hello.dir/Users/willoliver/pico/pico-sdk/lib/tinyusb/src/device/usbd.c.o
                0x100057bc                usbd_edpt_claim
 .text.usbd_edpt_release
                0x100057e4       0x28 CMakeFiles/hello.dir/Users/willoliver/pico/pico-sdk/lib/tinyusb/src/device/usbd.c.o
                0x100057e4                usbd_edpt_release
 .text.usbd_edpt_xfer
                0x1000580c       0x4c CMakeFiles/hello.dir/Users/willoliver/pico/pico-sdk/lib/tinyusb/src/device/usbd.c.o
                0x1000580c                usbd_edpt_xfer
 .text.tud_control_status
                0x10005858       0x2c CMakeFiles/hello.dir/Users/willoliver/pico/pico-sdk/lib/tinyusb/src/device/usbd_control.c.o
                0x10005858                tud_control_status
 .text.tud_control_xfer
                0x10005884       0xa8 CMakeFiles/hello.dir/Users/willoliver/pico/pico-sdk/lib/tinyusb/src/device/usbd_control.c.o
                0x10005884                tud_control_xfer
 .text.usbd_control_reset
                0x1000592c       0x14 CMakeFiles/hello.dir/Users/willoliver/pico/pico-sdk/lib/tinyusb/src/device/usbd_control.c.o
                0x1000592c                usbd_control_reset
 .text.usbd_control_set_complete_callback
                0x10005940        0xc CMakeFiles/hello.dir/Users/willoliver/pico/pico-sdk/lib/tinyusb/src/device/usbd_control.c.o
                0x10005940                usbd_control_set_complete_callback
 .text.usbd_control_set_request
                0x1000594c       0x1c CMakeFiles/hello.dir/Users/willoliver/pico/pico-sdk/lib/tinyusb/src/device/usbd_control.c.o
                0x1000594c                usbd_control_set_request
 .text.usbd_control_xfer_cb
                0x10005968       0xec CMakeFiles/hello.dir/Users/willoliver/pico/pico-sdk/lib/tinyusb/src/device/usbd_control.c.o
                0x10005968                usbd_control_xfer_cb
 .text._prep_out_transaction.isra.0
                0x10005a54       0x6c CMakeFiles/hello.dir/Users/willoliver/pico/pico-sdk/lib/tinyusb/src/class/cdc/cdc_device.c.o
 .text.tud_cdc_n_connected
                0x10005ac0       0x2c CMakeFiles/hello.dir/Users/willoliver/pico/pico-sdk/lib/tinyusb/src/class/cdc/cdc_device.c.o
                0x10005ac0                tud_cdc_n_connected
 .text.tud_cdc_n_available
                0x10005aec       0x14 CMakeFiles/hello.dir/Users/willoliver/pico/pico-sdk/lib/tinyusb/src/class/cdc/cdc_device.c.o
                0x10005aec                tud_cdc_n_available
 .text.tud_cdc_n_read
                0x10005b00       0x88 CMakeFiles/hello.dir/Users/willoliver/pico/pico-sdk/lib/tinyusb/src/class/cdc/cdc_device.c.o
                0x10005b00                tud_cdc_n_read
 .text.tud_cdc_n_write_flush
                0x10005b88       0x74 CMakeFiles/hello.dir/Users/willoliver/pico/pico-sdk/lib/tinyusb/src/class/cdc/cdc_device.c.o
                0x10005b88                tud_cdc_n_write_flush
 .text.tud_cdc_n_write
                0x10005bfc       0x40 CMakeFiles/hello.dir/Users/willoliver/pico/pico-sdk/lib/tinyusb/src/class/cdc/cdc_device.c.o
                0x10005bfc                tud_cdc_n_write
 .text.tud_cdc_n_write_available
                0x10005c3c       0x14 CMakeFiles/hello.dir/Users/willoliver/pico/pico-sdk/lib/tinyusb/src/class/cdc/cdc_device.c.o
                0x10005c3c                tud_cdc_n_write_available
 .text.cdcd_init
                0x10005c50       0x70 CMakeFiles/hello.dir/Users/willoliver/pico/pico-sdk/lib/tinyusb/src/class/cdc/cdc_device.c.o
                0x10005c50                cdcd_init
 .text.cdcd_deinit
                0x10005cc0       0x30 CMakeFiles/hello.dir/Users/willoliver/pico/pico-sdk/lib/tinyusb/src/class/cdc/cdc_device.c.o
                0x10005cc0                cdcd_deinit
 .text.cdcd_reset
                0x10005cf0       0x4c CMakeFiles/hello.dir/Users/willoliver/pico/pico-sdk/lib/tinyusb/src/class/cdc/cdc_device.c.o
                0x10005cf0                cdcd_reset
 .text.cdcd_open
                0x10005d3c       0xa4 CMakeFiles/hello.dir/Users/willoliver/pico/pico-sdk/lib/tinyusb/src/class/cdc/cdc_device.c.o
                0x10005d3c                cdcd_open
 .text.cdcd_control_xfer_cb
                0x10005de0       0xe8 CMakeFiles/hello.dir/Users/willoliver/pico/pico-sdk/lib/tinyusb/src/class/cdc/cdc_device.c.o
                0x10005de0                cdcd_control_xfer_cb
 .text.cdcd_xfer_cb
                0x10005ec8      0x100 CMakeFiles/hello.dir/Users/willoliver/pico/pico-sdk/lib/tinyusb/src/class/cdc/cdc_device.c.o
                0x10005ec8                cdcd_xfer_cb
 .text.vendord_init
                0x10005fc8       0x5c CMakeFiles/hello.dir/Users/willoliver/pico/pico-sdk/lib/tinyusb/src/class/vendor/vendor_device.c.o
                0x10005fc8                vendord_init
 .text.vendord_deinit
                0x10006024       0x1c CMakeFiles/hello.dir/Users/willoliver/pico/pico-sdk/lib/tinyusb/src/class/vendor/vendor_device.c.o
                0x10006024                vendord_deinit
 .text.vendord_reset
                0x10006040       0x28 CMakeFiles/hello.dir/Users/willoliver/pico/pico-sdk/lib/tinyusb/src/class/vendor/vendor_device.c.o
                0x10006040                vendord_reset
 .text.vendord_open
                0x10006068      0x120 CMakeFiles/hello.dir/Users/willoliver/pico/pico-sdk/lib/tinyusb/src/class/vendor/vendor_device.c.o
                0x10006068                vendord_open
 .text.vendord_xfer_cb
                0x10006188       0x9c CMakeFiles/hello.dir/Users/willoliver/pico/pico-sdk/lib/tinyusb/src/class/vendor/vendor_device.c.o
                0x10006188                vendord_xfer_cb
 .text.tusb_rhport_init
                0x10006224       0x4c CMakeFiles/hello.dir/Users/willoliver/pico/pico-sdk/lib/tinyusb/src/tusb.c.o
                0x10006224                tusb_rhport_init
 .text.tu_edpt_claim
                0x10006270       0x50 CMakeFiles/hello.dir/Users/willoliver/pico/pico-sdk/lib/tinyusb/src/tusb.c.o
                0x10006270                tu_edpt_claim
 .text.tu_edpt_release
                0x100062c0       0x38 CMakeFiles/hello.dir/Users/willoliver/pico/pico-sdk/lib/tinyusb/src/tusb.c.o
                0x100062c0                tu_edpt_release
 .text.tu_edpt_validate
                0x100062f8       0x7c CMakeFiles/hello.dir/Users/willoliver/pico/pico-sdk/lib/tinyusb/src/tusb.c.o
                0x100062f8                tu_edpt_validate
 .text.tu_edpt_bind_driver
                0x10006374       0x34 CMakeFiles/hello.dir/Users/willoliver/pico/pico-sdk/lib/tinyusb/src/tusb.c.o
                0x10006374                tu_edpt_bind_driver
 .text.tu_edpt_stream_init
                0x100063a8       0x6c CMakeFiles/hello.dir/Users/willoliver/pico/pico-sdk/lib/tinyusb/src/tusb.c.o
                0x100063a8                tu_edpt_stream_init
 .text.tu_edpt_stream_deinit
                0x10006414        0x4 CMakeFiles/hello.dir/Users/willoliver/pico/pico-sdk/lib/tinyusb/src/tusb.c.o
                0x10006414                tu_edpt_stream_deinit
 .text.tu_edpt_stream_write_zlp_if_needed
                0x10006418       0x68 CMakeFiles/hello.dir/Users/willoliver/pico/pico-sdk/lib/tinyusb/src/tusb.c.o
                0x10006418                tu_edpt_stream_write_zlp_if_needed
 .text.tu_edpt_stream_write_xfer
                0x10006480       0x68 CMakeFiles/hello.dir/Users/willoliver/pico/pico-sdk/lib/tinyusb/src/tusb.c.o
                0x10006480                tu_edpt_stream_write_xfer
 .text.tu_edpt_stream_read_xfer
                0x100064e8       0xd8 CMakeFiles/hello.dir/Users/willoliver/pico/pico-sdk/lib/tinyusb/src/tusb.c.o
                0x100064e8                tu_edpt_stream_read_xfer
 .text.tu_fifo_config
                0x100065c0       0x6c CMakeFiles/hello.dir/Users/willoliver/pico/pico-sdk/lib/tinyusb/src/common/tusb_fifo.c.o
                0x100065c0                tu_fifo_config
 .text.tu_fifo_count
                0x1000662c       0x2c CMakeFiles/hello.dir/Users/willoliver/pico/pico-sdk/lib/tinyusb/src/common/tusb_fifo.c.o
                0x1000662c                tu_fifo_count
 .text.tu_fifo_empty
                0x10006658       0x10 CMakeFiles/hello.dir/Users/willoliver/pico/pico-sdk/lib/tinyusb/src/common/tusb_fifo.c.o
                0x10006658                tu_fifo_empty
 .text.tu_fifo_remaining
                0x10006668       0x2c CMakeFiles/hello.dir/Users/willoliver/pico/pico-sdk/lib/tinyusb/src/common/tusb_fifo.c.o
                0x10006668                tu_fifo_remaining
 .text.tu_fifo_read
                0x10006694       0x9c CMakeFiles/hello.dir/Users/willoliver/pico/pico-sdk/lib/tinyusb/src/common/tusb_fifo.c.o
                0x10006694                tu_fifo_read
 .text.tu_fifo_read_n
                0x10006730       0xe8 CMakeFiles/hello.dir/Users/willoliver/pico/pico-sdk/lib/tinyusb/src/common/tusb_fifo.c.o
                0x10006730                tu_fifo_read_n
 .text.tu_fifo_write
                0x10006818       0xa4 CMakeFiles/hello.dir/Users/willoliver/pico/pico-sdk/lib/tinyusb/src/common/tusb_fifo.c.o
                0x10006818                tu_fifo_write
 .text.tu_fifo_write_n
                0x100068bc      0x178 CMakeFiles/hello.dir/Users/willoliver/pico/pico-sdk/lib/tinyusb/src/common/tusb_fifo.c.o
                0x100068bc                tu_fifo_write_n
 .text.tu_fifo_clear
                0x10006a34       0x40 CMakeFiles/hello.dir/Users/willoliver/pico/pico-sdk/lib/tinyusb/src/common/tusb_fifo.c.o
                0x10006a34                tu_fifo_clear
 .text.tu_fifo_set_overwritable
                0x10006a74       0x48 CMakeFiles/hello.dir/Users/willoliver/pico/pico-sdk/lib/tinyusb/src/common/tusb_fifo.c.o
                0x10006a74                tu_fifo_set_overwritable
 .text.strlen   0x10006abc       0x5c /Applications/ArmGNUToolchain/14.2.rel1/arm-none-eabi/bin/../lib/gcc/arm-none-eabi/14.2.1/../../../../arm-none-eabi/lib/thumb/v6-m/nofp/libg.a(libc_a-strlen-stub.o)
                0x10006abc                strlen
 *(.fini)
 .fini          0x10006b18        0x4 /Applications/ArmGNUToolchain/14.2.rel1/arm-none-eabi/bin/../lib/gcc/arm-none-eabi/14.2.1/thumb/v6-m/nofp/crti.o
                0x10006b18                _fini
 *fill*         0x10006b1c        0x4 
 .fini.__stub   0x10006b20       0xc0 linker stubs
 *crtbegin.o(.ctors)
 *crtbegin?.o(.ctors)
 *(EXCLUDE_FILE(*crtend.o *crtend?.o) .ctors)
 *(SORT_BY_NAME(.ctors.*))
 *(.ctors)
 *crtbegin.o(.dtors)
 *crtbegin?.o(.dtors)
 *(EXCLUDE_FILE(*crtend.o *crtend?.o) .dtors)
 *(SORT_BY_NAME(.dtors.*))
 *(.dtors)
                0x10006be0                        . = ALIGN (0x4)
                0x10006be0                        PROVIDE (__preinit_array_start = .)
 *(SORT_BY_NAME(.preinit_array.*))
 .preinit_array.00100
                0x10006be0        0x4 CMakeFiles/hello.dir/Users/willoliver/pico/pico-sdk/src/rp2_common/pico_runtime_init/runtime_init.c.o
                0x10006be0                __pre_init_runtime_init_early_resets
 .preinit_array.00101
                0x10006be4        0x4 CMakeFiles/hello.dir/Users/willoliver/pico/pico-sdk/src/rp2_common/pico_runtime_init/runtime_init.c.o
                0x10006be4                __pre_init_runtime_init_usb_power_down
 .preinit_array.00275
                0x10006be8        0x4 CMakeFiles/hello.dir/Users/willoliver/pico/pico-sdk/src/rp2_common/pico_bit_ops/bit_ops_aeabi.S.o
 .preinit_array.00300
                0x10006bec        0x4 CMakeFiles/hello.dir/Users/willoliver/pico/pico-sdk/src/rp2_common/pico_mem_ops/mem_ops_aeabi.S.o
 .preinit_array.00350
                0x10006bf0        0x4 CMakeFiles/hello.dir/Users/willoliver/pico/pico-sdk/src/rp2_common/pico_double/double_aeabi_rp2040.S.o
 .preinit_array.00350
                0x10006bf4        0x4 CMakeFiles/hello.dir/Users/willoliver/pico/pico-sdk/src/rp2_common/pico_float/float_aeabi_rp2040.S.o
 .preinit_array.00500
                0x10006bf8        0x4 CMakeFiles/hello.dir/Users/willoliver/pico/pico-sdk/src/rp2_common/pico_runtime_init/runtime_init.c.o
                0x10006bf8                __pre_init_runtime_init_clocks
 .preinit_array.00600
                0x10006bfc        0x4 CMakeFiles/hello.dir/Users/willoliver/pico/pico-sdk/src/rp2_common/pico_runtime_init/runtime_init.c.o
                0x10006bfc                __pre_init_runtime_init_post_clock_resets
 .preinit_array.00700
                0x10006c00        0x4 CMakeFiles/hello.dir/Users/willoliver/pico/pico-sdk/src/rp2_common/pico_runtime_init/runtime_init.c.o
                0x10006c00                __pre_init_runtime_init_rp2040_gpio_ie_disable
 .preinit_array.01000
                0x10006c04        0x4 CMakeFiles/hello.dir/Users/willoliver/pico/pico-sdk/src/rp2_common/pico_runtime_init/runtime_init.c.o
                0x10006c04                __pre_init_runtime_init_spin_locks_reset
 .preinit_array.01100
                0x10006c08        0x4 CMakeFiles/hello.dir/Users/willoliver/pico/pico-sdk/src/common/pico_sync/mutex.c.o
                0x10006c08                __pre_init_runtime_init_mutex
 .preinit_array.10080
                0x10006c0c        0x4 CMakeFiles/hello.dir/Users/willoliver/pico/pico-sdk/src/rp2_common/pico_runtime_init/runtime_init.c.o
                0x10006c0c                __pre_init_runtime_init_install_ram_vector_table
 .preinit_array.11000
                0x10006c10        0x4 CMakeFiles/hello.dir/Users/willoliver/pico/pico-sdk/src/common/pico_time/time.c.o
                0x10006c10                __pre_init_runtime_init_default_alarm_pool
 .preinit_array.YYYYY
                0x10006c14        0x4 CMakeFiles/hello.dir/Users/willoliver/pico/pico-sdk/src/rp2_common/pico_runtime/runtime.c.o
                0x10006c14                __pre_init_first_per_core_initializer
 .preinit_array.ZZZZZ.01200
                0x10006c18        0x4 CMakeFiles/hello.dir/Users/willoliver/pico/pico-sdk/src/rp2_common/hardware_irq/irq.c.o
                0x10006c18                __pre_init_runtime_init_per_core_irq_priorities
 *(.preinit_array)
                0x10006c1c                        PROVIDE (__preinit_array_end = .)
                0x10006c1c                        . = ALIGN (0x4)
                0x10006c1c                        PROVIDE (__init_array_start = .)
 *(SORT_BY_NAME(.init_array.*))
 *(.init_array)
 .init_array    0x10006c1c        0x4 /Applications/ArmGNUToolchain/14.2.rel1/arm-none-eabi/bin/../lib/gcc/arm-none-eabi/14.2.1/thumb/v6-m/nofp/crtbegin.o
 .init_array    0x10006c20        0x4 CMakeFiles/hello.dir/Users/willoliver/pico/pico-sdk/src/rp2_common/pico_unique_id/unique_id.c.o
                0x10006c24                        PROVIDE (__init_array_end = .)
                0x10006c24                        . = ALIGN (0x4)
                [!provide]                        PROVIDE (__fini_array_start = .)
 *(SORT_BY_NAME(.fini_array.*))
 *(.fini_array)
                [!provide]                        PROVIDE (__fini_array_end = .)
 *(.eh_frame*)
 .eh_frame      0x10006c24        0x0 /Applications/ArmGNUToolchain/14.2.rel1/arm-none-eabi/bin/../lib/gcc/arm-none-eabi/14.2.1/thumb/v6-m/nofp/crtbegin.o
                0x10006c24                        . = ALIGN (0x4)

.glue_7         0x10006c24        0x0
 .glue_7        0x10006c24        0x0 linker stubs

.glue_7t        0x10006c24        0x0
 .glue_7t       0x10006c24        0x0 linker stubs

.vfp11_veneer   0x10006c24        0x0
 .vfp11_veneer  0x10006c24        0x0 linker stubs

.v4_bx          0x10006c24        0x0
 .v4_bx         0x10006c24        0x0 linker stubs

.iplt           0x10006c24        0x0
 .iplt          0x10006c24        0x0 /Applications/ArmGNUToolchain/14.2.rel1/arm-none-eabi/bin/../lib/gcc/arm-none-eabi/14.2.1/thumb/v6-m/nofp/crtbegin.o

.rodata         0x10006c28      0x64c
 *(EXCLUDE_FILE(*libm.a: *libc.a:*lib_a-mem*.o *libgcc.a:) .rodata*)
 .rodata.main.str1.4
                0x10006c28      0x19c CMakeFiles/hello.dir/hello.c.o
                                 0x2b (size before relaxing)
 .rodata.panic.str1.4
                0x10006dc4       0x12 CMakeFiles/hello.dir/Users/willoliver/pico/pico-sdk/src/rp2_common/pico_platform_panic/panic.c.o
 .rodata.spin_lock_claim_unused.str1.4
                0x10006dc4       0x1b CMakeFiles/hello.dir/Users/willoliver/pico/pico-sdk/src/rp2_common/hardware_sync/sync.c.o
 .rodata.user_irq_claim_unused.str1.4
                0x10006dc4       0x1b CMakeFiles/hello.dir/Users/willoliver/pico/pico-sdk/src/rp2_common/hardware_irq/irq.c.o
 *fill*         0x10006dc4        0x4 
 .rodata.at_the_end_of_time
                0x10006dc8        0x8 CMakeFiles/hello.dir/Users/willoliver/pico/pico-sdk/src/common/pico_time/time.c.o
                0x10006dc8                at_the_end_of_time
 .rodata.timer_hardware_alarm_claim.str1.4
                0x10006dd0       0x22 CMakeFiles/hello.dir/Users/willoliver/pico/pico-sdk/src/rp2_common/hardware_timer/timer.c.o
 .rodata.hard_assertion_failure.str1.4
                0x10006dd0        0xc CMakeFiles/hello.dir/Users/willoliver/pico/pico-sdk/src/rp2_common/pico_runtime/runtime.c.o
 .rodata.str1.4
                0x10006dd0       0x3c CMakeFiles/hello.dir/Users/willoliver/pico/pico-sdk/src/rp2_common/pico_standard_binary_info/standard_binary_info.c.o
 .rodata.__bi_84
                0x10006dd0        0xc CMakeFiles/hello.dir/Users/willoliver/pico/pico-sdk/src/rp2_common/pico_standard_binary_info/standard_binary_info.c.o
 .rodata.__bi_78
                0x10006ddc        0xc CMakeFiles/hello.dir/Users/willoliver/pico/pico-sdk/src/rp2_common/pico_standard_binary_info/standard_binary_info.c.o
 .rodata.__bi_54
                0x10006de8        0xc CMakeFiles/hello.dir/Users/willoliver/pico/pico-sdk/src/rp2_common/pico_standard_binary_info/standard_binary_info.c.o
 .rodata.__bi_48
                0x10006df4        0xc CMakeFiles/hello.dir/Users/willoliver/pico/pico-sdk/src/rp2_common/pico_standard_binary_info/standard_binary_info.c.o
 .rodata.__bi_42
                0x10006e00        0xc CMakeFiles/hello.dir/Users/willoliver/pico/pico-sdk/src/rp2_common/pico_standard_binary_info/standard_binary_info.c.o
 .rodata.__bi_34
                0x10006e0c        0xc CMakeFiles/hello.dir/Users/willoliver/pico/pico-sdk/src/rp2_common/pico_standard_binary_info/standard_binary_info.c.o
 .rodata.__bi_26
                0x10006e18        0xc CMakeFiles/hello.dir/Users/willoliver/pico/pico-sdk/src/rp2_common/pico_standard_binary_info/standard_binary_info.c.o
 .rodata._ftoa.str1.4
                0x10006e24       0x15 CMakeFiles/hello.dir/Users/willoliver/pico/pico-sdk/src/rp2_common/pico_printf/printf.c.o
 .rodata._vsnprintf
                0x10006e24      0x19c CMakeFiles/hello.dir/Users/willoliver/pico/pico-sdk/src/rp2_common/pico_printf/printf.c.o
 .rodata.pow10.0
                0x10006fc0       0x50 CMakeFiles/hello.dir/Users/willoliver/pico/pico-sdk/src/rp2_common/pico_printf/printf.c.o
 .rodata.crlf_str.0
                0x10007010        0x2 CMakeFiles/hello.dir/Users/willoliver/pico/pico-sdk/src/rp2_common/pico_stdio/stdio.c.o
 *fill*         0x10007012        0x2 
 .rodata._resetd_driver
                0x10007014       0x20 CMakeFiles/hello.dir/Users/willoliver/pico/pico-sdk/src/rp2_common/pico_stdio_usb/reset_interface.c.o
 .rodata.desc_ms_os_20
                0x10007034       0xa6 CMakeFiles/hello.dir/Users/willoliver/pico/pico-sdk/src/rp2_common/pico_stdio_usb/reset_interface.c.o
 *fill*         0x100070da        0x2 
 .rodata.desc_bos
                0x100070dc       0x21 CMakeFiles/hello.dir/Users/willoliver/pico/pico-sdk/src/rp2_common/pico_stdio_usb/reset_interface.c.o
                0x100070dc                desc_bos
 .rodata.str1.4
                0x100070fd       0x13 CMakeFiles/hello.dir/Users/willoliver/pico/pico-sdk/src/rp2_common/pico_stdio_usb/stdio_usb.c.o
 *fill*         0x100070fd        0x3 
 .rodata.__bi_197.0
                0x10007100        0xc CMakeFiles/hello.dir/Users/willoliver/pico/pico-sdk/src/rp2_common/pico_stdio_usb/stdio_usb.c.o
 .rodata.str1.4
                0x1000710c       0x2a CMakeFiles/hello.dir/Users/willoliver/pico/pico-sdk/src/rp2_common/pico_stdio_usb/stdio_usb_descriptors.c.o
 .rodata.usbd_desc_str
                0x1000710c       0x18 CMakeFiles/hello.dir/Users/willoliver/pico/pico-sdk/src/rp2_common/pico_stdio_usb/stdio_usb_descriptors.c.o
 .rodata.usbd_desc_cfg
                0x10007124       0x54 CMakeFiles/hello.dir/Users/willoliver/pico/pico-sdk/src/rp2_common/pico_stdio_usb/stdio_usb_descriptors.c.o
 .rodata.usbd_desc_device
                0x10007178       0x12 CMakeFiles/hello.dir/Users/willoliver/pico/pico-sdk/src/rp2_common/pico_stdio_usb/stdio_usb_descriptors.c.o
 .rodata.str1.4
                0x1000718a       0x14 CMakeFiles/hello.dir/Users/willoliver/pico/pico-sdk/lib/tinyusb/src/portable/raspberrypi/rp2040/dcd_rp2040.c.o
 .rodata.str1.4
                0x1000718a       0x48 CMakeFiles/hello.dir/Users/willoliver/pico/pico-sdk/lib/tinyusb/src/portable/raspberrypi/rp2040/rp2040_usb.c.o
 *fill*         0x1000718a        0x2 
 .rodata.tud_task_ext
                0x1000718c       0x8c CMakeFiles/hello.dir/Users/willoliver/pico/pico-sdk/lib/tinyusb/src/device/usbd.c.o
 .rodata        0x10007218       0x1c CMakeFiles/hello.dir/Users/willoliver/pico/pico-sdk/lib/tinyusb/src/device/usbd.c.o
 .rodata._usbd_driver
                0x10007234       0x40 CMakeFiles/hello.dir/Users/willoliver/pico/pico-sdk/lib/tinyusb/src/device/usbd.c.o
                0x10007274                        . = ALIGN (0x4)
 *(SORT_BY_ALIGNMENT(SORT_BY_NAME(.flashdata*)))
                0x10007274                        . = ALIGN (0x4)

.ARM.extab
 *(.ARM.extab* .gnu.linkonce.armextab.*)
                0x10007274                        __exidx_start = .

.ARM.exidx
 *(.ARM.exidx* .gnu.linkonce.armexidx.*)
                0x10007274                        __exidx_end = .
                0x10007274                        . = ALIGN (0x4)
                0x10007274                        __binary_info_start = .

.binary_info    0x10007274       0x20
 *(.binary_info.keep.*)
 .binary_info.keep.__bi_ptr84
                0x10007274        0x4 CMakeFiles/hello.dir/Users/willoliver/pico/pico-sdk/src/rp2_common/pico_standard_binary_info/standard_binary_info.c.o
 .binary_info.keep.__bi_ptr78
                0x10007278        0x4 CMakeFiles/hello.dir/Users/willoliver/pico/pico-sdk/src/rp2_common/pico_standard_binary_info/standard_binary_info.c.o
 .binary_info.keep.__bi_ptr54
                0x1000727c        0x4 CMakeFiles/hello.dir/Users/willoliver/pico/pico-sdk/src/rp2_common/pico_standard_binary_info/standard_binary_info.c.o
 .binary_info.keep.__bi_ptr48
                0x10007280        0x4 CMakeFiles/hello.dir/Users/willoliver/pico/pico-sdk/src/rp2_common/pico_standard_binary_info/standard_binary_info.c.o
 .binary_info.keep.__bi_ptr42
                0x10007284        0x4 CMakeFiles/hello.dir/Users/willoliver/pico/pico-sdk/src/rp2_common/pico_standard_binary_info/standard_binary_info.c.o
 .binary_info.keep.__bi_ptr34
                0x10007288        0x4 CMakeFiles/hello.dir/Users/willoliver/pico/pico-sdk/src/rp2_common/pico_standard_binary_info/standard_binary_info.c.o
 .binary_info.keep.__bi_ptr26
                0x1000728c        0x4 CMakeFiles/hello.dir/Users/willoliver/pico/pico-sdk/src/rp2_common/pico_standard_binary_info/standard_binary_info.c.o
 *(.binary_info.*)
 .binary_info.__bi_ptr197
                0x10007290        0x4 CMakeFiles/hello.dir/Users/willoliver/pico/pico-sdk/src/rp2_common/pico_stdio_usb/stdio_usb.c.o
                0x10007294                        __binary_info_end = .

.rel.dyn        0x10007294        0x0
 .rel.iplt      0x10007294        0x0 /Applications/ArmGNUToolchain/14.2.rel1/arm-none-eabi/bin/../lib/gcc/arm-none-eabi/14.2.1/thumb/v6-m/nofp/crtbegin.o
                0x10007294                        . = ALIGN (0x4)

.ram_vector_table
                0x20000000       0xc0
 *(.ram_vector_table)
 .ram_vector_table
                0x20000000       0xc0 CMakeFiles/hello.dir/Users/willoliver/pico/pico-sdk/src/rp2_common/pico_runtime_init/runtime_init.c.o
                0x20000000                ram_vector_table

.uninitialized_data
                0x200000c0        0x0
                0x200000c0                        . = ALIGN (0x4)
 *(.uninitialized_data*)

.data           0x200000c0      0xfa0 load address 0x10007294
                0x200000c0                        __data_start__ = .
 *(vtable)
 *(.time_critical*)
 .time_critical.mutex_try_enter
                0x200000c0       0x40 CMakeFiles/hello.dir/Users/willoliver/pico/pico-sdk/src/common/pico_sync/mutex.c.o
                0x200000c0                mutex_try_enter
 .time_critical.mutex_try_enter_block_until
                0x20000100       0x98 CMakeFiles/hello.dir/Users/willoliver/pico/pico-sdk/src/common/pico_sync/mutex.c.o
                0x20000100                mutex_try_enter_block_until
 .time_critical.mutex_enter_timeout_ms
                0x20000198       0x8c CMakeFiles/hello.dir/Users/willoliver/pico/pico-sdk/src/common/pico_sync/mutex.c.o
                0x20000198                mutex_enter_timeout_ms
 .time_critical.mutex_exit
                0x20000224       0x28 CMakeFiles/hello.dir/Users/willoliver/pico/pico-sdk/src/common/pico_sync/mutex.c.o
                0x20000224                mutex_exit
 .time_critical.flash_init_boot2_copyout
                0x2000024c       0x30 CMakeFiles/hello.dir/Users/willoliver/pico/pico-sdk/src/rp2_common/hardware_flash/flash.c.o
 .time_critical.flash_enable_xip_via_boot2
                0x2000027c        0xc CMakeFiles/hello.dir/Users/willoliver/pico/pico-sdk/src/rp2_common/hardware_flash/flash.c.o
 .time_critical.flash_cs_force
                0x20000288       0x38 CMakeFiles/hello.dir/Users/willoliver/pico/pico-sdk/src/rp2_common/hardware_flash/flash.c.o
 .time_critical.flash_do_cmd
                0x200002c0      0x130 CMakeFiles/hello.dir/Users/willoliver/pico/pico-sdk/src/rp2_common/hardware_flash/flash.c.o
                0x200002c0                flash_do_cmd
 .time_critical.reset_non_control_endpoints
                0x200003f0       0x68 CMakeFiles/hello.dir/Users/willoliver/pico/pico-sdk/lib/tinyusb/src/portable/raspberrypi/rp2040/dcd_rp2040.c.o
 .time_critical.hw_handle_buff_status
                0x20000458       0xa0 CMakeFiles/hello.dir/Users/willoliver/pico/pico-sdk/lib/tinyusb/src/portable/raspberrypi/rp2040/dcd_rp2040.c.o
 .time_critical.dcd_rp2040_irq
                0x200004f8      0x548 CMakeFiles/hello.dir/Users/willoliver/pico/pico-sdk/lib/tinyusb/src/portable/raspberrypi/rp2040/dcd_rp2040.c.o
 .time_critical.prepare_ep_buffer
                0x20000a40       0xc8 CMakeFiles/hello.dir/Users/willoliver/pico/pico-sdk/lib/tinyusb/src/portable/raspberrypi/rp2040/rp2040_usb.c.o
 .time_critical.sync_ep_buffer
                0x20000b08       0x9c CMakeFiles/hello.dir/Users/willoliver/pico/pico-sdk/lib/tinyusb/src/portable/raspberrypi/rp2040/rp2040_usb.c.o
 .time_critical._hw_endpoint_xfer_sync
                0x20000ba4       0x28 CMakeFiles/hello.dir/Users/willoliver/pico/pico-sdk/lib/tinyusb/src/portable/raspberrypi/rp2040/rp2040_usb.c.o
 .time_critical.e15_is_bulkin_ep
                0x20000bcc       0x28 CMakeFiles/hello.dir/Users/willoliver/pico/pico-sdk/lib/tinyusb/src/portable/raspberrypi/rp2040/rp2040_usb.c.o
 .time_critical.e15_is_critical_frame_period
                0x20000bf4       0x34 CMakeFiles/hello.dir/Users/willoliver/pico/pico-sdk/lib/tinyusb/src/portable/raspberrypi/rp2040/rp2040_usb.c.o
 .time_critical.hw_endpoint_reset_transfer
                0x20000c28        0xc CMakeFiles/hello.dir/Users/willoliver/pico/pico-sdk/lib/tinyusb/src/portable/raspberrypi/rp2040/rp2040_usb.c.o
                0x20000c28                hw_endpoint_reset_transfer
 .time_critical._hw_endpoint_buffer_control_update32
                0x20000c34       0x50 CMakeFiles/hello.dir/Users/willoliver/pico/pico-sdk/lib/tinyusb/src/portable/raspberrypi/rp2040/rp2040_usb.c.o
                0x20000c34                _hw_endpoint_buffer_control_update32
 .time_critical.hw_endpoint_start_next_buffer
                0x20000c84       0x68 CMakeFiles/hello.dir/Users/willoliver/pico/pico-sdk/lib/tinyusb/src/portable/raspberrypi/rp2040/rp2040_usb.c.o
                0x20000c84                hw_endpoint_start_next_buffer
 .time_critical.hw_endpoint_xfer_continue
                0x20000cec       0x40 CMakeFiles/hello.dir/Users/willoliver/pico/pico-sdk/lib/tinyusb/src/portable/raspberrypi/rp2040/rp2040_usb.c.o
                0x20000cec                hw_endpoint_xfer_continue
 .time_critical.tinyusb
                0x20000d2c      0x1e4 CMakeFiles/hello.dir/Users/willoliver/pico/pico-sdk/lib/tinyusb/src/device/usbd.c.o
                0x20000d2c                dcd_event_handler
 *(.text*)
 .text          0x20000f10        0x4 /Applications/ArmGNUToolchain/14.2.rel1/arm-none-eabi/bin/../lib/gcc/arm-none-eabi/14.2.1/thumb/v6-m/nofp/libgcc.a(_dvmd_tls.o)
                0x20000f10                __aeabi_ldiv0
                0x20000f10                __aeabi_idiv0
 *fill*         0x20000f14        0x4 
 .text.__stub   0x20000f18       0x80 linker stubs
                0x20000f98                        . = ALIGN (0x4)
 *(.rodata*)
                0x20000f98                        . = ALIGN (0x4)
 *(.data*)
 .data.striped_spin_lock_num
                0x20000f98        0x1 CMakeFiles/hello.dir/Users/willoliver/pico/pico-sdk/src/rp2_common/hardware_sync/sync.c.o
 *fill*         0x20000f99        0x3 
 .data          0x20000f9c       0x48 CMakeFiles/hello.dir/Users/willoliver/pico/pico-sdk/src/rp2_common/hardware_irq/irq_handler_chain.S.o
                0x20000f9c                irq_handler_chain_slots
                0x20000fcc                irq_handler_chain_first_slot
                0x20000fd6                irq_handler_chain_remove_tail
 .data.default_alarm_pool
                0x20000fe4       0x18 CMakeFiles/hello.dir/Users/willoliver/pico/pico-sdk/src/common/pico_time/time.c.o
 *fill*         0x20000ffc        0x4 
 .data.aeabi_bits_funcs
                0x20001000       0x10 CMakeFiles/hello.dir/Users/willoliver/pico/pico-sdk/src/rp2_common/pico_bit_ops/bit_ops_aeabi.S.o
                0x20001000                aeabi_bits_funcs
                0x20001010                aeabi_bits_funcs_end
 .data.aeabi_mem_funcs
                0x20001010       0x10 CMakeFiles/hello.dir/Users/willoliver/pico/pico-sdk/src/rp2_common/pico_mem_ops/mem_ops_aeabi.S.o
                0x20001010                aeabi_mem_funcs
                0x20001020                aeabi_mem_funcs_end
 .data.stdio_usb
                0x20001020       0x18 CMakeFiles/hello.dir/Users/willoliver/pico/pico-sdk/src/rp2_common/pico_stdio_usb/stdio_usb.c.o
                0x20001020                stdio_usb
 .data._usbd_qdef
                0x20001038       0x1c CMakeFiles/hello.dir/Users/willoliver/pico/pico-sdk/lib/tinyusb/src/device/usbd.c.o
                0x20001038                _usbd_qdef
 .data._usbd_rhport
                0x20001054        0x1 CMakeFiles/hello.dir/Users/willoliver/pico/pico-sdk/lib/tinyusb/src/device/usbd.c.o
                0x20001058                        . = ALIGN (0x4)
 *fill*         0x20001055        0x3 
 *(.after_data.*)
                0x20001058                        . = ALIGN (0x4)
                0x20001058                        PROVIDE (__mutex_array_start = .)
 *(SORT_BY_NAME(.mutex_array.*))
 *(.mutex_array)
 .mutex_array   0x20001058        0x8 CMakeFiles/hello.dir/Users/willoliver/pico/pico-sdk/src/rp2_common/pico_stdio/stdio.c.o
                0x20001060                        PROVIDE (__mutex_array_end = .)
                0x20001060                        . = ALIGN (0x4)
 *(.jcr)
                0x20001060                        . = ALIGN (0x4)

.tm_clone_table
                0x20001060        0x0 load address 0x10008234
 .tm_clone_table
                0x20001060        0x0 /Applications/ArmGNUToolchain/14.2.rel1/arm-none-eabi/bin/../lib/gcc/arm-none-eabi/14.2.1/thumb/v6-m/nofp/crtbegin.o
 .tm_clone_table
                0x20001060        0x0 /Applications/ArmGNUToolchain/14.2.rel1/arm-none-eabi/bin/../lib/gcc/arm-none-eabi/14.2.1/thumb/v6-m/nofp/crtend.o

.igot.plt       0x20001060        0x0 load address 0x10008234
 .igot.plt      0x20001060        0x0 /Applications/ArmGNUToolchain/14.2.rel1/arm-none-eabi/bin/../lib/gcc/arm-none-eabi/14.2.1/thumb/v6-m/nofp/crtbegin.o

.tdata          0x20001060        0x0 load address 0x10008234
                0x20001060                        . = ALIGN (0x4)
 *(.tdata .tdata.* .gnu.linkonce.td.*)
                0x20001060                        __tdata_end = .
                0x20001060                        PROVIDE (__data_end__ = .)
                0x10007294                        __etext = LOADADDR (.data)

.tbss           0x20001060        0x0 load address 0x10008234
                0x20001060                        . = ALIGN (0x4)
                0x20001060                        __bss_start__ = .
                0x20001060                        __tls_base = .
 *(.tbss .tbss.* .gnu.linkonce.tb.*)
 *(.tcommon)
                0x20001060                        __tls_end = .

.bss            0x20001060      0xefc load address 0x10008234
                0x20001060                        . = ALIGN (0x4)
                0x20001060                        __tbss_end = .
 *(SORT_BY_ALIGNMENT(SORT_BY_NAME(.bss*)))
 .bss.default_alarm_pool_entries
                0x20001060      0x180 CMakeFiles/hello.dir/Users/willoliver/pico/pico-sdk/src/common/pico_time/time.c.o
 .bss.last_avail_time.1
                0x200011e0        0x8 CMakeFiles/hello.dir/Users/willoliver/pico/pico-sdk/src/rp2_common/pico_stdio_usb/stdio_usb.c.o
 .bss.sd_table  0x200011e8      0x100 CMakeFiles/hello.dir/Users/willoliver/pico/pico-sdk/src/rp2_common/pico_double/double_init_rom_rp2040.c.o
                0x200011e8                sd_table
 .bss.sf_table  0x200012e8      0x100 CMakeFiles/hello.dir/Users/willoliver/pico/pico-sdk/src/rp2_common/pico_float/float_init_rom_rp2040.c.o
                0x200012e8                sf_table
 .bss._app_driver
                0x200013e8        0x4 CMakeFiles/hello.dir/Users/willoliver/pico/pico-sdk/lib/tinyusb/src/device/usbd.c.o
 .bss._cdcd_epbuf
                0x200013ec       0x80 CMakeFiles/hello.dir/Users/willoliver/pico/pico-sdk/lib/tinyusb/src/class/cdc/cdc_device.c.o
 .bss._cdcd_fifo_cfg
                0x2000146c        0x1 CMakeFiles/hello.dir/Users/willoliver/pico/pico-sdk/lib/tinyusb/src/class/cdc/cdc_device.c.o
 *fill*         0x2000146d        0x3 
 .bss._cdcd_itf
                0x20001470       0xc8 CMakeFiles/hello.dir/Users/willoliver/pico/pico-sdk/lib/tinyusb/src/class/cdc/cdc_device.c.o
 .bss._ctrl_epbuf
                0x20001538       0x40 CMakeFiles/hello.dir/Users/willoliver/pico/pico-sdk/lib/tinyusb/src/device/usbd_control.c.o
 .bss._ctrl_xfer
                0x20001578       0x14 CMakeFiles/hello.dir/Users/willoliver/pico/pico-sdk/lib/tinyusb/src/device/usbd_control.c.o
 .bss._tusb_rhport_role
                0x2000158c        0x2 CMakeFiles/hello.dir/Users/willoliver/pico/pico-sdk/lib/tinyusb/src/tusb.c.o
                0x2000158c                _tusb_rhport_role
 *fill*         0x2000158e        0x2 
 .bss._ubsd_mutexdef
                0x20001590        0x8 CMakeFiles/hello.dir/Users/willoliver/pico/pico-sdk/lib/tinyusb/src/device/usbd.c.o
 .bss._usbd_dev
                0x20001598       0x54 CMakeFiles/hello.dir/Users/willoliver/pico/pico-sdk/lib/tinyusb/src/device/usbd.c.o
 .bss._usbd_mutex
                0x200015ec        0x4 CMakeFiles/hello.dir/Users/willoliver/pico/pico-sdk/lib/tinyusb/src/device/usbd.c.o
 .bss._usbd_q   0x200015f0        0x4 CMakeFiles/hello.dir/Users/willoliver/pico/pico-sdk/lib/tinyusb/src/device/usbd.c.o
 .bss._usbd_qdef_buf
                0x200015f4       0xc0 CMakeFiles/hello.dir/Users/willoliver/pico/pico-sdk/lib/tinyusb/src/device/usbd.c.o
                0x200015f4                _usbd_qdef_buf
 .bss._vendord_epbuf
                0x200016b4       0x80 CMakeFiles/hello.dir/Users/willoliver/pico/pico-sdk/lib/tinyusb/src/class/vendor/vendor_device.c.o
 .bss._vendord_itf
                0x20001734      0x24c CMakeFiles/hello.dir/Users/willoliver/pico/pico-sdk/lib/tinyusb/src/class/vendor/vendor_device.c.o
 .bss.boot2_copyout
                0x20001980      0x100 CMakeFiles/hello.dir/Users/willoliver/pico/pico-sdk/src/rp2_common/hardware_flash/flash.c.o
 .bss.chars_available_callback
                0x20001a80        0x4 CMakeFiles/hello.dir/Users/willoliver/pico/pico-sdk/src/rp2_common/pico_stdio_usb/stdio_usb.c.o
 .bss.chars_available_param
                0x20001a84        0x4 CMakeFiles/hello.dir/Users/willoliver/pico/pico-sdk/src/rp2_common/pico_stdio_usb/stdio_usb.c.o
 .bss.claimed   0x20001a88        0x4 CMakeFiles/hello.dir/Users/willoliver/pico/pico-sdk/src/rp2_common/hardware_sync/sync.c.o
 .bss.claimed   0x20001a8c        0x1 CMakeFiles/hello.dir/Users/willoliver/pico/pico-sdk/src/rp2_common/hardware_timer/timer.c.o
 *fill*         0x20001a8d        0x3 
 .bss.configured_freq
                0x20001a90       0x28 CMakeFiles/hello.dir/Users/willoliver/pico/pico-sdk/src/rp2_common/hardware_clocks/clocks.c.o
 .bss.desc_str.0
                0x20001ab8       0x28 CMakeFiles/hello.dir/Users/willoliver/pico/pico-sdk/src/rp2_common/pico_stdio_usb/stdio_usb_descriptors.c.o
 .bss.drivers   0x20001ae0        0x4 CMakeFiles/hello.dir/Users/willoliver/pico/pico-sdk/src/rp2_common/pico_stdio/stdio.c.o
 .bss.e15_last_sof
                0x20001ae4        0x4 CMakeFiles/hello.dir/Users/willoliver/pico/pico-sdk/lib/tinyusb/src/portable/raspberrypi/rp2040/rp2040_usb.c.o
                0x20001ae4                e15_last_sof
 .bss.filter    0x20001ae8        0x4 CMakeFiles/hello.dir/Users/willoliver/pico/pico-sdk/src/rp2_common/pico_stdio/stdio.c.o
 .bss.hw_endpoints
                0x20001aec      0x400 CMakeFiles/hello.dir/Users/willoliver/pico/pico-sdk/lib/tinyusb/src/portable/raspberrypi/rp2040/dcd_rp2040.c.o
 .bss.lazy_vsnprintf
                0x20001eec        0x4 CMakeFiles/hello.dir/Users/willoliver/pico/pico-sdk/src/rp2_common/pico_printf/printf.c.o
 .bss.load_value
                0x20001ef0        0x4 CMakeFiles/hello.dir/Users/willoliver/pico/pico-sdk/src/rp2_common/hardware_watchdog/watchdog.c.o
 .bss.next_buffer_ptr
                0x20001ef4        0x4 CMakeFiles/hello.dir/Users/willoliver/pico/pico-sdk/lib/tinyusb/src/portable/raspberrypi/rp2040/dcd_rp2040.c.o
 .bss.object.0  0x20001ef8       0x18 /Applications/ArmGNUToolchain/14.2.rel1/arm-none-eabi/bin/../lib/gcc/arm-none-eabi/14.2.1/thumb/v6-m/nofp/crtbegin.o
 .bss.one_shot_timer_crit_sec
                0x20001f10        0x8 CMakeFiles/hello.dir/Users/willoliver/pico/pico-sdk/src/rp2_common/pico_stdio_usb/stdio_usb.c.o
 .bss.pools     0x20001f18       0x10 CMakeFiles/hello.dir/Users/willoliver/pico/pico-sdk/src/common/pico_time/time.c.o
 .bss.retrieved_id
                0x20001f28        0x8 CMakeFiles/hello.dir/Users/willoliver/pico/pico-sdk/src/rp2_common/pico_unique_id/unique_id.c.o
 .bss.sf_clz_func
                0x20001f30        0x4 CMakeFiles/hello.dir/Users/willoliver/pico/pico-sdk/src/rp2_common/pico_double/double_init_rom_rp2040.c.o
                0x20001f30                sf_clz_func
 .bss.sleep_notifier
                0x20001f34        0x4 CMakeFiles/hello.dir/Users/willoliver/pico/pico-sdk/src/common/pico_time/time.c.o
 .bss.stdio_usb_mutex
                0x20001f38        0x8 CMakeFiles/hello.dir/Users/willoliver/pico/pico-sdk/src/rp2_common/pico_stdio_usb/stdio_usb.c.o
 .bss.usbd_serial_str
                0x20001f40       0x11 CMakeFiles/hello.dir/Users/willoliver/pico/pico-sdk/src/rp2_common/pico_stdio_usb/stdio_usb_descriptors.c.o
 .bss._app_driver_count
                0x20001f51        0x1 CMakeFiles/hello.dir/Users/willoliver/pico/pico-sdk/lib/tinyusb/src/device/usbd.c.o
 .bss._sof_enable
                0x20001f52        0x1 CMakeFiles/hello.dir/Users/willoliver/pico/pico-sdk/lib/tinyusb/src/portable/raspberrypi/rp2040/dcd_rp2040.c.o
 .bss._usbd_queued_setup
                0x20001f53        0x1 CMakeFiles/hello.dir/Users/willoliver/pico/pico-sdk/lib/tinyusb/src/device/usbd.c.o
 .bss.boot2_copyout_valid
                0x20001f54        0x1 CMakeFiles/hello.dir/Users/willoliver/pico/pico-sdk/src/rp2_common/hardware_flash/flash.c.o
 .bss.irq_handler_chain_free_slot_head
                0x20001f55        0x1 CMakeFiles/hello.dir/Users/willoliver/pico/pico-sdk/src/rp2_common/hardware_irq/irq.c.o
 .bss.itf_num   0x20001f56        0x1 CMakeFiles/hello.dir/Users/willoliver/pico/pico-sdk/src/rp2_common/pico_stdio_usb/reset_interface.c.o
 .bss.low_priority_irq_num
                0x20001f57        0x1 CMakeFiles/hello.dir/Users/willoliver/pico/pico-sdk/src/rp2_common/pico_stdio_usb/stdio_usb.c.o
 .bss.one_shot_timer_pending
                0x20001f58        0x1 CMakeFiles/hello.dir/Users/willoliver/pico/pico-sdk/src/rp2_common/pico_stdio_usb/stdio_usb.c.o
 .bss.user_irq_claimed
                0x20001f59        0x1 CMakeFiles/hello.dir/Users/willoliver/pico/pico-sdk/src/rp2_common/hardware_irq/irq.c.o
 *(COMMON)
                0x20001f5c                        . = ALIGN (0x4)
 *fill*         0x20001f5a        0x2 
                0x20001f5c                        __bss_end__ = .

.heap           0x20001f5c      0x800 load address 0x10008234
                0x20001f5c                        __end__ = .
                0x20001f5c                        end = __end__
 *(.heap*)
 .heap          0x20001f5c      0x800 CMakeFiles/hello.dir/Users/willoliver/pico/pico-sdk/src/rp2_common/pico_crt0/crt0.S.o
                0x20040000                        __HeapLimit = (ORIGIN (RAM) + LENGTH (RAM))

.scratch_x      0x20040000        0x0 load address 0x10008234
                0x20040000                        __scratch_x_start__ = .
 *(.scratch_x.*)
                0x20040000                        . = ALIGN (0x4)
                0x20040000                        __scratch_x_end__ = .
                0x10008234                        __scratch_x_source__ = LOADADDR (.scratch_x)

.scratch_y      0x20041000        0x0 load address 0x10008234
                0x20041000                        __scratch_y_start__ = .
 *(.scratch_y.*)
                0x20041000                        . = ALIGN (0x4)
                0x20041000                        __scratch_y_end__ = .
                0x10008234                        __scratch_y_source__ = LOADADDR (.scratch_y)

.stack1_dummy
 *(.stack1*)

.stack_dummy    0x20041000      0x800
 *(.stack*)
 .stack         0x20041000      0x800 CMakeFiles/hello.dir/Users/willoliver/pico/pico-sdk/src/rp2_common/pico_crt0/crt0.S.o

.flash_end      0x10008234        0x0
 *(.embedded_end_block*)
                0x10008234                        PROVIDE (__flash_binary_end = .)
                0x20040000                        __StackLimit = (ORIGIN (RAM) + LENGTH (RAM))
                0x20041000                        __StackOneTop = (ORIGIN (SCRATCH_X) + LENGTH (SCRATCH_X))
                0x20042000                        __StackTop = (ORIGIN (SCRATCH_Y) + LENGTH (SCRATCH_Y))
                0x20041000                        __StackOneBottom = (__StackOneTop - SIZEOF (.stack1_dummy))
                0x20041800                        __StackBottom = (__StackTop - SIZEOF (.stack_dummy))
                0x20042000                        PROVIDE (__stack = __StackTop)
                [!provide]                        PROVIDE (__heap_start = __end__)
                [!provide]                        PROVIDE (__heap_end = __HeapLimit)
                [!provide]                        PROVIDE (__tls_align = MAX (ALIGNOF (.tdata), ALIGNOF (.tbss)))
                [!provide]                        PROVIDE (__tls_size_align = (((__tls_size + __tls_align) - 0x1) & ~ ((__tls_align - 0x1))))
                [!provide]                        PROVIDE (__arm32_tls_tcb_offset = MAX (0x8, __tls_align))
                [!provide]                        PROVIDE (_end = __end__)
                [!provide]                        PROVIDE (__llvm_libc_heap_limit = __HeapLimit)
                0x00000001                        ASSERT ((__StackLimit >= __HeapLimit), region RAM overflowed)
                0x00000001                        ASSERT (((__binary_info_header_end - __logical_binary_start) <= 0x100), Binary info must be in first 256 bytes of the binary)
LOAD CMakeFiles/hello.dir/hello.c.o
LOAD CMakeFiles/hello.dir/Users/willoliver/pico/pico-sdk/src/rp2_common/pico_stdlib/stdlib.c.o
LOAD CMakeFiles/hello.dir/Users/willoliver/pico/pico-sdk/src/rp2_common/hardware_gpio/gpio.c.o
LOAD CMakeFiles/hello.dir/Users/willoliver/pico/pico-sdk/src/rp2040/pico_platform/platform.c.o
LOAD CMakeFiles/hello.dir/Users/willoliver/pico/pico-sdk/src/rp2_common/pico_platform_panic/panic.c.o
LOAD CMakeFiles/hello.dir/Users/willoliver/pico/pico-sdk/src/common/hardware_claim/claim.c.o
LOAD CMakeFiles/hello.dir/Users/willoliver/pico/pico-sdk/src/rp2_common/hardware_sync/sync.c.o
LOAD CMakeFiles/hello.dir/Users/willoliver/pico/pico-sdk/src/rp2_common/hardware_sync_spin_lock/sync_spin_lock.c.o
LOAD CMakeFiles/hello.dir/Users/willoliver/pico/pico-sdk/src/rp2_common/hardware_irq/irq.c.o
LOAD CMakeFiles/hello.dir/Users/willoliver/pico/pico-sdk/src/rp2_common/hardware_irq/irq_handler_chain.S.o
LOAD CMakeFiles/hello.dir/Users/willoliver/pico/pico-sdk/src/common/pico_sync/sem.c.o
LOAD CMakeFiles/hello.dir/Users/willoliver/pico/pico-sdk/src/common/pico_sync/lock_core.c.o
LOAD CMakeFiles/hello.dir/Users/willoliver/pico/pico-sdk/src/common/pico_sync/mutex.c.o
LOAD CMakeFiles/hello.dir/Users/willoliver/pico/pico-sdk/src/common/pico_sync/critical_section.c.o
LOAD CMakeFiles/hello.dir/Users/willoliver/pico/pico-sdk/src/common/pico_time/time.c.o
LOAD CMakeFiles/hello.dir/Users/willoliver/pico/pico-sdk/src/common/pico_time/timeout_helper.c.o
LOAD CMakeFiles/hello.dir/Users/willoliver/pico/pico-sdk/src/rp2_common/hardware_timer/timer.c.o
LOAD CMakeFiles/hello.dir/Users/willoliver/pico/pico-sdk/src/common/pico_util/datetime.c.o
LOAD CMakeFiles/hello.dir/Users/willoliver/pico/pico-sdk/src/common/pico_util/pheap.c.o
LOAD CMakeFiles/hello.dir/Users/willoliver/pico/pico-sdk/src/common/pico_util/queue.c.o
LOAD CMakeFiles/hello.dir/Users/willoliver/pico/pico-sdk/src/rp2_common/hardware_uart/uart.c.o
LOAD CMakeFiles/hello.dir/Users/willoliver/pico/pico-sdk/src/rp2_common/hardware_clocks/clocks.c.o
LOAD CMakeFiles/hello.dir/Users/willoliver/pico/pico-sdk/src/rp2_common/hardware_pll/pll.c.o
LOAD CMakeFiles/hello.dir/Users/willoliver/pico/pico-sdk/src/rp2_common/hardware_vreg/vreg.c.o
LOAD CMakeFiles/hello.dir/Users/willoliver/pico/pico-sdk/src/rp2_common/hardware_watchdog/watchdog.c.o
LOAD CMakeFiles/hello.dir/Users/willoliver/pico/pico-sdk/src/rp2_common/hardware_ticks/ticks.c.o
LOAD CMakeFiles/hello.dir/Users/willoliver/pico/pico-sdk/src/rp2_common/pico_bootrom/bootrom.c.o
LOAD CMakeFiles/hello.dir/Users/willoliver/pico/pico-sdk/src/rp2_common/pico_bootrom/bootrom_lock.c.o
LOAD CMakeFiles/hello.dir/Users/willoliver/pico/pico-sdk/src/rp2_common/hardware_boot_lock/boot_lock.c.o
LOAD CMakeFiles/hello.dir/Users/willoliver/pico/pico-sdk/src/rp2_common/pico_flash/flash.c.o
LOAD CMakeFiles/hello.dir/Users/willoliver/pico/pico-sdk/src/rp2_common/hardware_xosc/xosc.c.o
LOAD CMakeFiles/hello.dir/Users/willoliver/pico/pico-sdk/src/rp2_common/hardware_divider/divider.S.o
LOAD CMakeFiles/hello.dir/Users/willoliver/pico/pico-sdk/src/rp2_common/pico_runtime/runtime.c.o
LOAD CMakeFiles/hello.dir/Users/willoliver/pico/pico-sdk/src/rp2_common/pico_runtime_init/runtime_init.c.o
LOAD CMakeFiles/hello.dir/Users/willoliver/pico/pico-sdk/src/rp2_common/pico_runtime_init/runtime_init_clocks.c.o
LOAD CMakeFiles/hello.dir/Users/willoliver/pico/pico-sdk/src/rp2_common/pico_runtime_init/runtime_init_stack_guard.c.o
LOAD CMakeFiles/hello.dir/Users/willoliver/pico/pico-sdk/src/rp2_common/pico_bit_ops/bit_ops_aeabi.S.o
LOAD CMakeFiles/hello.dir/Users/willoliver/pico/pico-sdk/src/rp2_common/pico_divider/divider_hardware.S.o
LOAD CMakeFiles/hello.dir/Users/willoliver/pico/pico-sdk/src/rp2_common/pico_double/double_aeabi_rp2040.S.o
LOAD CMakeFiles/hello.dir/Users/willoliver/pico/pico-sdk/src/rp2_common/pico_double/double_init_rom_rp2040.c.o
LOAD CMakeFiles/hello.dir/Users/willoliver/pico/pico-sdk/src/rp2_common/pico_double/double_math.c.o
LOAD CMakeFiles/hello.dir/Users/willoliver/pico/pico-sdk/src/rp2_common/pico_double/double_v1_rom_shim_rp2040.S.o
LOAD CMakeFiles/hello.dir/Users/willoliver/pico/pico-sdk/src/rp2_common/pico_int64_ops/pico_int64_ops_aeabi.S.o
LOAD CMakeFiles/hello.dir/Users/willoliver/pico/pico-sdk/src/rp2_common/pico_float/float_aeabi_rp2040.S.o
LOAD CMakeFiles/hello.dir/Users/willoliver/pico/pico-sdk/src/rp2_common/pico_float/float_init_rom_rp2040.c.o
LOAD CMakeFiles/hello.dir/Users/willoliver/pico/pico-sdk/src/rp2_common/pico_float/float_math.c.o
LOAD CMakeFiles/hello.dir/Users/willoliver/pico/pico-sdk/src/rp2_common/pico_float/float_v1_rom_shim_rp2040.S.o
LOAD CMakeFiles/hello.dir/Users/willoliver/pico/pico-sdk/src/rp2_common/pico_malloc/malloc.c.o
LOAD CMakeFiles/hello.dir/Users/willoliver/pico/pico-sdk/src/rp2_common/pico_mem_ops/mem_ops_aeabi.S.o
LOAD CMakeFiles/hello.dir/Users/willoliver/pico/pico-sdk/src/rp2_common/pico_atomic/atomic.c.o
LOAD CMakeFiles/hello.dir/Users/willoliver/pico/pico-sdk/src/rp2_common/pico_cxx_options/new_delete.cpp.o
LOAD CMakeFiles/hello.dir/Users/willoliver/pico/pico-sdk/src/rp2_common/pico_standard_binary_info/standard_binary_info.c.o
LOAD CMakeFiles/hello.dir/Users/willoliver/pico/pico-sdk/src/rp2_common/pico_printf/printf.c.o
LOAD CMakeFiles/hello.dir/Users/willoliver/pico/pico-sdk/src/rp2_common/pico_crt0/crt0.S.o
LOAD CMakeFiles/hello.dir/Users/willoliver/pico/pico-sdk/src/rp2_common/pico_clib_interface/newlib_interface.c.o
LOAD CMakeFiles/hello.dir/Users/willoliver/pico/pico-sdk/src/rp2_common/pico_stdio/stdio.c.o
LOAD CMakeFiles/hello.dir/Users/willoliver/pico/pico-sdk/src/rp2_common/pico_stdio_usb/reset_interface.c.o
LOAD CMakeFiles/hello.dir/Users/willoliver/pico/pico-sdk/src/rp2_common/pico_stdio_usb/stdio_usb.c.o
LOAD CMakeFiles/hello.dir/Users/willoliver/pico/pico-sdk/src/rp2_common/pico_stdio_usb/stdio_usb_descriptors.c.o
LOAD CMakeFiles/hello.dir/Users/willoliver/pico/pico-sdk/src/rp2_common/pico_unique_id/unique_id.c.o
LOAD CMakeFiles/hello.dir/Users/willoliver/pico/pico-sdk/src/rp2_common/hardware_flash/flash.c.o
LOAD CMakeFiles/hello.dir/Users/willoliver/pico/pico-sdk/src/rp2_common/hardware_xip_cache/xip_cache.c.o
LOAD CMakeFiles/hello.dir/Users/willoliver/pico/pico-sdk/lib/tinyusb/src/portable/raspberrypi/rp2040/dcd_rp2040.c.o
LOAD CMakeFiles/hello.dir/Users/willoliver/pico/pico-sdk/lib/tinyusb/src/portable/raspberrypi/rp2040/rp2040_usb.c.o
LOAD CMakeFiles/hello.dir/Users/willoliver/pico/pico-sdk/lib/tinyusb/src/device/usbd.c.o
LOAD CMakeFiles/hello.dir/Users/willoliver/pico/pico-sdk/lib/tinyusb/src/device/usbd_control.c.o
LOAD CMakeFiles/hello.dir/Users/willoliver/pico/pico-sdk/lib/tinyusb/src/class/audio/audio_device.c.o
LOAD CMakeFiles/hello.dir/Users/willoliver/pico/pico-sdk/lib/tinyusb/src/class/cdc/cdc_device.c.o
LOAD CMakeFiles/hello.dir/Users/willoliver/pico/pico-sdk/lib/tinyusb/src/class/dfu/dfu_device.c.o
LOAD CMakeFiles/hello.dir/Users/willoliver/pico/pico-sdk/lib/tinyusb/src/class/dfu/dfu_rt_device.c.o
LOAD CMakeFiles/hello.dir/Users/willoliver/pico/pico-sdk/lib/tinyusb/src/class/hid/hid_device.c.o
LOAD CMakeFiles/hello.dir/Users/willoliver/pico/pico-sdk/lib/tinyusb/src/class/midi/midi_device.c.o
LOAD CMakeFiles/hello.dir/Users/willoliver/pico/pico-sdk/lib/tinyusb/src/class/msc/msc_device.c.o
LOAD CMakeFiles/hello.dir/Users/willoliver/pico/pico-sdk/lib/tinyusb/src/class/net/ecm_rndis_device.c.o
LOAD CMakeFiles/hello.dir/Users/willoliver/pico/pico-sdk/lib/tinyusb/src/class/net/ncm_device.c.o
LOAD CMakeFiles/hello.dir/Users/willoliver/pico/pico-sdk/lib/tinyusb/src/class/usbtmc/usbtmc_device.c.o
LOAD CMakeFiles/hello.dir/Users/willoliver/pico/pico-sdk/lib/tinyusb/src/class/vendor/vendor_device.c.o
LOAD CMakeFiles/hello.dir/Users/willoliver/pico/pico-sdk/lib/tinyusb/src/class/video/video_device.c.o
LOAD CMakeFiles/hello.dir/Users/willoliver/pico/pico-sdk/lib/tinyusb/src/tusb.c.o
LOAD CMakeFiles/hello.dir/Users/willoliver/pico/pico-sdk/lib/tinyusb/src/common/tusb_fifo.c.o
LOAD CMakeFiles/hello.dir/Users/willoliver/pico/pico-sdk/src/rp2_common/pico_fix/rp2040_usb_device_enumeration/rp2040_usb_device_enumeration.c.o
LOAD pico-sdk/src/rp2040/boot_stage2/CMakeFiles/bs2_default_library.dir/bs2_default_padded_checksummed.S.o
LOAD /Applications/ArmGNUToolchain/14.2.rel1/arm-none-eabi/bin/../lib/gcc/arm-none-eabi/14.2.1/../../../../arm-none-eabi/lib/thumb/v6-m/nofp/libstdc++.a
LOAD /Applications/ArmGNUToolchain/14.2.rel1/arm-none-eabi/bin/../lib/gcc/arm-none-eabi/14.2.1/../../../../arm-none-eabi/lib/thumb/v6-m/nofp/libm.a
START GROUP